<!doctype html public "-//w3c//dtd html 4.0 transitional//en">
<html><head>
<title>Static Call Graph - [.\Objects\irob_eth_v1.axf]</title></head>
<body><HR>
<H1>Static Call Graph for image .\Objects\irob_eth_v1.axf</H1><HR>
<BR><P>#&#060CALLGRAPH&#062# ARM Linker, 6220000: Last Updated: Tue Jul 14 21:03:01 2026
<BR><P>
<H3>Maximum Stack Usage =        540 bytes + Unknown(Functions without stacksize, Cycles, Untraceable Function Pointers)</H3><H3>
Call chain for Maximum Stack Depth:</H3>
__rt_entry_main &rArr; main &rArr; vAppTcp_serverInit &rArr; ETH_LibInit &rArr; WCHNET_Init &rArr; wch_ethernetif_init &rArr; netif_add &rArr; netif_set_addr &rArr; netif_set_ipaddr &rArr; tcp_abandon &rArr; tcp_pcb_remove &rArr; tcp_output &rArr; tcp_send_empty_ack &rArr; ip_output &rArr; ip_output_if &rArr; ip_frag &rArr; pbuf_alloc &rArr; pbuf_free &rArr; mem_free &rArr; plug_holes
<P>
<H3>
Functions with no stack information
</H3><UL>
 <LI><a href="#[65]">__user_initial_stackheap</a>
</UL>
</UL>
<P>
<H3>
Mutually Recursive functions
</H3> <LI><a href="#[1]">NMI_Handler</a>&nbsp;&nbsp;&nbsp;&rArr;&nbsp;&nbsp;&nbsp;<a href="#[1]">NMI_Handler</a><BR>
 <LI><a href="#[2]">HardFault_Handler</a>&nbsp;&nbsp;&nbsp;&rArr;&nbsp;&nbsp;&nbsp;<a href="#[2]">HardFault_Handler</a><BR>
 <LI><a href="#[3]">MemManage_Handler</a>&nbsp;&nbsp;&nbsp;&rArr;&nbsp;&nbsp;&nbsp;<a href="#[3]">MemManage_Handler</a><BR>
 <LI><a href="#[4]">BusFault_Handler</a>&nbsp;&nbsp;&nbsp;&rArr;&nbsp;&nbsp;&nbsp;<a href="#[4]">BusFault_Handler</a><BR>
 <LI><a href="#[5]">UsageFault_Handler</a>&nbsp;&nbsp;&nbsp;&rArr;&nbsp;&nbsp;&nbsp;<a href="#[5]">UsageFault_Handler</a><BR>
 <LI><a href="#[6]">SVC_Handler</a>&nbsp;&nbsp;&nbsp;&rArr;&nbsp;&nbsp;&nbsp;<a href="#[6]">SVC_Handler</a><BR>
 <LI><a href="#[7]">DebugMon_Handler</a>&nbsp;&nbsp;&nbsp;&rArr;&nbsp;&nbsp;&nbsp;<a href="#[7]">DebugMon_Handler</a><BR>
 <LI><a href="#[8]">PendSV_Handler</a>&nbsp;&nbsp;&nbsp;&rArr;&nbsp;&nbsp;&nbsp;<a href="#[8]">PendSV_Handler</a><BR>
 <LI><a href="#[1c]">ADC1_2_IRQHandler</a>&nbsp;&nbsp;&nbsp;&rArr;&nbsp;&nbsp;&nbsp;<a href="#[1c]">ADC1_2_IRQHandler</a><BR>
 <LI><a href="#[96]">WCHScokedIntHandle</a>&nbsp;&nbsp;&nbsp;&rArr;&nbsp;&nbsp;&nbsp;<a href="#[b5]">tcp_close</a><BR>
</UL>
<P>
<H3>
Function Pointers
</H3><UL>
 <LI><a href="#[1c]">ADC1_2_IRQHandler</a> from startup_ch32f20x_d8w.o(.text) referenced from startup_ch32f20x_d8w.o(RESET)
 <LI><a href="#[39]">BB_IRQHandler</a> from startup_ch32f20x_d8w.o(.text) referenced from startup_ch32f20x_d8w.o(RESET)
 <LI><a href="#[4]">BusFault_Handler</a> from startup_ch32f20x_d8w.o(.text) referenced from startup_ch32f20x_d8w.o(RESET)
 <LI><a href="#[1f]">CAN1_RX1_IRQHandler</a> from startup_ch32f20x_d8w.o(.text) referenced from startup_ch32f20x_d8w.o(RESET)
 <LI><a href="#[20]">CAN1_SCE_IRQHandler</a> from startup_ch32f20x_d8w.o(.text) referenced from startup_ch32f20x_d8w.o(RESET)
 <LI><a href="#[15]">DMA1_Channel1_IRQHandler</a> from startup_ch32f20x_d8w.o(.text) referenced from startup_ch32f20x_d8w.o(RESET)
 <LI><a href="#[16]">DMA1_Channel2_IRQHandler</a> from startup_ch32f20x_d8w.o(.text) referenced from startup_ch32f20x_d8w.o(RESET)
 <LI><a href="#[17]">DMA1_Channel3_IRQHandler</a> from startup_ch32f20x_d8w.o(.text) referenced from startup_ch32f20x_d8w.o(RESET)
 <LI><a href="#[18]">DMA1_Channel4_IRQHandler</a> from startup_ch32f20x_d8w.o(.text) referenced from startup_ch32f20x_d8w.o(RESET)
 <LI><a href="#[19]">DMA1_Channel5_IRQHandler</a> from startup_ch32f20x_d8w.o(.text) referenced from startup_ch32f20x_d8w.o(RESET)
 <LI><a href="#[1a]">DMA1_Channel6_IRQHandler</a> from startup_ch32f20x_d8w.o(.text) referenced from startup_ch32f20x_d8w.o(RESET)
 <LI><a href="#[1b]">DMA1_Channel7_IRQHandler</a> from startup_ch32f20x_d8w.o(.text) referenced from startup_ch32f20x_d8w.o(RESET)
 <LI><a href="#[3d]">DMA1_Channel8_IRQHandler</a> from startup_ch32f20x_d8w.o(.text) referenced from startup_ch32f20x_d8w.o(RESET)
 <LI><a href="#[7]">DebugMon_Handler</a> from startup_ch32f20x_d8w.o(.text) referenced from startup_ch32f20x_d8w.o(RESET)
 <LI><a href="#[38]">ETHWakeUp_IRQHandler</a> from startup_ch32f20x_d8w.o(.text) referenced from startup_ch32f20x_d8w.o(RESET)
 <LI><a href="#[37]">ETH_IRQHandler</a> from app_tcpserver.o(.text.ETH_IRQHandler) referenced from startup_ch32f20x_d8w.o(RESET)
 <LI><a href="#[43]">ETH_LedDataSet</a> from eth_driver_d8w.o(.text.ETH_LedDataSet) referenced 2 times from eth_driver_d8w.o(.text.ETH_LibInit)
 <LI><a href="#[42]">ETH_LedLinkSet</a> from eth_driver_d8w.o(.text.ETH_LedLinkSet) referenced 2 times from eth_driver_d8w.o(.text.ETH_LibInit)
 <LI><a href="#[44]">ETH_TxPktChainMode</a> from eth_driver_d8w.o(.text.ETH_TxPktChainMode) referenced 2 times from eth_driver_d8w.o(.text.ETH_LibInit)
 <LI><a href="#[10]">EXTI0_IRQHandler</a> from startup_ch32f20x_d8w.o(.text) referenced from startup_ch32f20x_d8w.o(RESET)
 <LI><a href="#[32]">EXTI15_10_IRQHandler</a> from startup_ch32f20x_d8w.o(.text) referenced from startup_ch32f20x_d8w.o(RESET)
 <LI><a href="#[11]">EXTI1_IRQHandler</a> from startup_ch32f20x_d8w.o(.text) referenced from startup_ch32f20x_d8w.o(RESET)
 <LI><a href="#[12]">EXTI2_IRQHandler</a> from startup_ch32f20x_d8w.o(.text) referenced from startup_ch32f20x_d8w.o(RESET)
 <LI><a href="#[13]">EXTI3_IRQHandler</a> from startup_ch32f20x_d8w.o(.text) referenced from startup_ch32f20x_d8w.o(RESET)
 <LI><a href="#[14]">EXTI4_IRQHandler</a> from startup_ch32f20x_d8w.o(.text) referenced from startup_ch32f20x_d8w.o(RESET)
 <LI><a href="#[21]">EXTI9_5_IRQHandler</a> from startup_ch32f20x_d8w.o(.text) referenced from startup_ch32f20x_d8w.o(RESET)
 <LI><a href="#[e]">FLASH_IRQHandler</a> from startup_ch32f20x_d8w.o(.text) referenced from startup_ch32f20x_d8w.o(RESET)
 <LI><a href="#[2]">HardFault_Handler</a> from startup_ch32f20x_d8w.o(.text) referenced from startup_ch32f20x_d8w.o(RESET)
 <LI><a href="#[2a]">I2C1_ER_IRQHandler</a> from startup_ch32f20x_d8w.o(.text) referenced from startup_ch32f20x_d8w.o(RESET)
 <LI><a href="#[29]">I2C1_EV_IRQHandler</a> from startup_ch32f20x_d8w.o(.text) referenced from startup_ch32f20x_d8w.o(RESET)
 <LI><a href="#[2c]">I2C2_ER_IRQHandler</a> from startup_ch32f20x_d8w.o(.text) referenced from startup_ch32f20x_d8w.o(RESET)
 <LI><a href="#[2b]">I2C2_EV_IRQHandler</a> from startup_ch32f20x_d8w.o(.text) referenced from startup_ch32f20x_d8w.o(RESET)
 <LI><a href="#[3a]">LLE_IRQHandler</a> from startup_ch32f20x_d8w.o(.text) referenced from startup_ch32f20x_d8w.o(RESET)
 <LI><a href="#[4c]">LwipTCPPollCallBack</a> from socket.o(i.LwipTCPPollCallBack) referenced from socket.o(i.WCHTCPServerAccept)
 <LI><a href="#[4b]">LwipTCPSendCallBack</a> from socket.o(i.LwipTCPSendCallBack) referenced from socket.o(i.WCHTCPServerAccept)
 <LI><a href="#[3]">MemManage_Handler</a> from startup_ch32f20x_d8w.o(.text) referenced from startup_ch32f20x_d8w.o(RESET)
 <LI><a href="#[48]">NET_TCPError</a> from socket.o(i.NET_TCPError) referenced from socket.o(i.WCHNET_SocketCreat)
 <LI><a href="#[48]">NET_TCPError</a> from socket.o(i.NET_TCPError) referenced from socket.o(i.WCHTCPServerAccept)
 <LI><a href="#[1]">NMI_Handler</a> from startup_ch32f20x_d8w.o(.text) referenced from startup_ch32f20x_d8w.o(RESET)
 <LI><a href="#[3e]">OSC32KCal_IRQHandler</a> from startup_ch32f20x_d8w.o(.text) referenced from startup_ch32f20x_d8w.o(RESET)
 <LI><a href="#[3f]">OSCWakeUp_IRQHandler</a> from startup_ch32f20x_d8w.o(.text) referenced from startup_ch32f20x_d8w.o(RESET)
 <LI><a href="#[b]">PVD_IRQHandler</a> from startup_ch32f20x_d8w.o(.text) referenced from startup_ch32f20x_d8w.o(RESET)
 <LI><a href="#[8]">PendSV_Handler</a> from startup_ch32f20x_d8w.o(.text) referenced from startup_ch32f20x_d8w.o(RESET)
 <LI><a href="#[f]">RCC_IRQHandler</a> from startup_ch32f20x_d8w.o(.text) referenced from startup_ch32f20x_d8w.o(RESET)
 <LI><a href="#[33]">RTCAlarm_IRQHandler</a> from startup_ch32f20x_d8w.o(.text) referenced from startup_ch32f20x_d8w.o(RESET)
 <LI><a href="#[d]">RTC_IRQHandler</a> from startup_ch32f20x_d8w.o(.text) referenced from startup_ch32f20x_d8w.o(RESET)
 <LI><a href="#[0]">Reset_Handler</a> from startup_ch32f20x_d8w.o(.text) referenced from startup_ch32f20x_d8w.o(RESET)
 <LI><a href="#[2d]">SPI1_IRQHandler</a> from startup_ch32f20x_d8w.o(.text) referenced from startup_ch32f20x_d8w.o(RESET)
 <LI><a href="#[2e]">SPI2_IRQHandler</a> from startup_ch32f20x_d8w.o(.text) referenced from startup_ch32f20x_d8w.o(RESET)
 <LI><a href="#[6]">SVC_Handler</a> from startup_ch32f20x_d8w.o(.text) referenced from startup_ch32f20x_d8w.o(RESET)
 <LI><a href="#[46]">SocketIPRAWReceive</a> from socket.o(i.SocketIPRAWReceive) referenced from socket.o(i.WCHNET_SocketCreat)
 <LI><a href="#[47]">SocketUdpReceive</a> from socket.o(i.SocketUdpReceive) referenced from socket.o(i.WCHNET_SocketCreat)
 <LI><a href="#[9]">SysTick_Handler</a> from systick.o(.text.SysTick_Handler) referenced from startup_ch32f20x_d8w.o(RESET)
 <LI><a href="#[40]">SystemInit</a> from system_ch32f20x.o(.text.SystemInit) referenced from startup_ch32f20x_d8w.o(.text)
 <LI><a href="#[c]">TAMPER_IRQHandler</a> from startup_ch32f20x_d8w.o(.text) referenced from startup_ch32f20x_d8w.o(RESET)
 <LI><a href="#[22]">TIM1_BRK_IRQHandler</a> from startup_ch32f20x_d8w.o(.text) referenced from startup_ch32f20x_d8w.o(RESET)
 <LI><a href="#[25]">TIM1_CC_IRQHandler</a> from startup_ch32f20x_d8w.o(.text) referenced from startup_ch32f20x_d8w.o(RESET)
 <LI><a href="#[24]">TIM1_TRG_COM_IRQHandler</a> from startup_ch32f20x_d8w.o(.text) referenced from startup_ch32f20x_d8w.o(RESET)
 <LI><a href="#[23]">TIM1_UP_IRQHandler</a> from startup_ch32f20x_d8w.o(.text) referenced from startup_ch32f20x_d8w.o(RESET)
 <LI><a href="#[26]">TIM2_IRQHandler</a> from startup_ch32f20x_d8w.o(.text) referenced from startup_ch32f20x_d8w.o(RESET)
 <LI><a href="#[27]">TIM3_IRQHandler</a> from startup_ch32f20x_d8w.o(.text) referenced from startup_ch32f20x_d8w.o(RESET)
 <LI><a href="#[28]">TIM4_IRQHandler</a> from startup_ch32f20x_d8w.o(.text) referenced from startup_ch32f20x_d8w.o(RESET)
 <LI><a href="#[3b]">TIM5_IRQHandler</a> from app_tcpserver.o(.text.TIM5_IRQHandler) referenced from startup_ch32f20x_d8w.o(RESET)
 <LI><a href="#[3c]">UART4_IRQHandler</a> from startup_ch32f20x_d8w.o(.text) referenced from startup_ch32f20x_d8w.o(RESET)
 <LI><a href="#[2f]">USART1_IRQHandler</a> from startup_ch32f20x_d8w.o(.text) referenced from startup_ch32f20x_d8w.o(RESET)
 <LI><a href="#[30]">USART2_IRQHandler</a> from startup_ch32f20x_d8w.o(.text) referenced from startup_ch32f20x_d8w.o(RESET)
 <LI><a href="#[31]">USART3_IRQHandler</a> from startup_ch32f20x_d8w.o(.text) referenced from startup_ch32f20x_d8w.o(RESET)
 <LI><a href="#[36]">USBFSWakeUp_IRQHandler</a> from startup_ch32f20x_d8w.o(.text) referenced from startup_ch32f20x_d8w.o(RESET)
 <LI><a href="#[35]">USBFS_IRQHandler</a> from startup_ch32f20x_d8w.o(.text) referenced from startup_ch32f20x_d8w.o(RESET)
 <LI><a href="#[34]">USBWakeUp_IRQHandler</a> from startup_ch32f20x_d8w.o(.text) referenced from startup_ch32f20x_d8w.o(RESET)
 <LI><a href="#[1d]">USB_HP_CAN1_TX_IRQHandler</a> from startup_ch32f20x_d8w.o(.text) referenced from startup_ch32f20x_d8w.o(RESET)
 <LI><a href="#[1e]">USB_LP_CAN1_RX0_IRQHandler</a> from startup_ch32f20x_d8w.o(.text) referenced from startup_ch32f20x_d8w.o(RESET)
 <LI><a href="#[5]">UsageFault_Handler</a> from startup_ch32f20x_d8w.o(.text) referenced from startup_ch32f20x_d8w.o(RESET)
 <LI><a href="#[45]">WCHNET_Rx</a> from eth_api.o(i.WCHNET_Rx) referenced from socket.o(i.WCHNET_ConfigLIB)
 <LI><a href="#[4a]">WCHSocketTCPReceive</a> from socket.o(i.WCHSocketTCPReceive) referenced from socket.o(i.WCHTCPServerAccept)
 <LI><a href="#[49]">WCHTCPServerAccept</a> from socket.o(i.WCHTCPServerAccept) referenced from socket.o(i.WCHNET_SocketListen)
 <LI><a href="#[a]">WWDG_IRQHandler</a> from startup_ch32f20x_d8w.o(.text) referenced from startup_ch32f20x_d8w.o(RESET)
 <LI><a href="#[41]">__main</a> from __main.o(!!!main) referenced from startup_ch32f20x_d8w.o(.text)
 <LI><a href="#[4d]">etharp_output</a> from etharp.o(i.etharp_output) referenced from ethernetif.o(i.ethernetif_init)
 <LI><a href="#[51]">ethernet_input</a> from etharp.o(i.ethernet_input) referenced from ethernetif.o(i.wch_ethernetif_init)
 <LI><a href="#[52]">ethernetif_init</a> from ethernetif.o(i.ethernetif_init) referenced from ethernetif.o(i.wch_ethernetif_init)
 <LI><a href="#[4e]">low_level_output</a> from ethernetif.o(i.low_level_output) referenced from ethernetif.o(i.ethernetif_init)
 <LI><a href="#[50]">tcp_accept_null</a> from tcp.o(i.tcp_accept_null) referenced from tcp.o(i.tcp_listen_with_backlog)
 <LI><a href="#[4f]">tcp_recv_null</a> from tcp.o(i.tcp_recv_null) referenced from tcp.o(i.tcp_alloc)
</UL>
<P>
<H3>
Global Symbols
</H3>
<P><STRONG><a name="[41]"></a>__main</STRONG> (Thumb, 8 bytes, Stack size 0 bytes, __main.o(!!!main))
<BR><BR>[Calls]<UL><LI><a href="#[54]">&gt;&gt;</a>&nbsp;&nbsp;&nbsp;__rt_entry
<LI><a href="#[53]">&gt;&gt;</a>&nbsp;&nbsp;&nbsp;__scatterload
</UL>
<BR>[Address Reference Count : 1]<UL><LI> startup_ch32f20x_d8w.o(.text)
</UL>
<P><STRONG><a name="[53]"></a>__scatterload</STRONG> (Thumb, 0 bytes, Stack size unknown bytes, __scatter.o(!!!scatter))
<BR><BR>[Called By]<UL><LI><a href="#[41]">&gt;&gt;</a>&nbsp;&nbsp;&nbsp;__main
</UL>

<P><STRONG><a name="[55]"></a>__scatterload_rt2</STRONG> (Thumb, 84 bytes, Stack size unknown bytes, __scatter.o(!!!scatter), UNUSED)
<BR><BR>[Calls]<UL><LI><a href="#[54]">&gt;&gt;</a>&nbsp;&nbsp;&nbsp;__rt_entry
</UL>

<P><STRONG><a name="[122]"></a>__scatterload_rt2_thumb_only</STRONG> (Thumb, 0 bytes, Stack size unknown bytes, __scatter.o(!!!scatter), UNUSED)

<P><STRONG><a name="[123]"></a>__scatterload_loop</STRONG> (Thumb, 0 bytes, Stack size unknown bytes, __scatter.o(!!!scatter), UNUSED)

<P><STRONG><a name="[56]"></a>__scatterload_copy</STRONG> (Thumb, 26 bytes, Stack size unknown bytes, __scatter_copy.o(!!handler_copy), UNUSED)
<BR><BR>[Calls]<UL><LI><a href="#[56]">&gt;&gt;</a>&nbsp;&nbsp;&nbsp;__scatterload_copy
</UL>
<BR>[Called By]<UL><LI><a href="#[56]">&gt;&gt;</a>&nbsp;&nbsp;&nbsp;__scatterload_copy
</UL>

<P><STRONG><a name="[124]"></a>__scatterload_null</STRONG> (Thumb, 2 bytes, Stack size unknown bytes, __scatter.o(!!handler_null), UNUSED)

<P><STRONG><a name="[125]"></a>__scatterload_zeroinit</STRONG> (Thumb, 28 bytes, Stack size unknown bytes, __scatter_zi.o(!!handler_zi), UNUSED)

<P><STRONG><a name="[5a]"></a>__rt_lib_init</STRONG> (Thumb, 0 bytes, Stack size unknown bytes, libinit.o(.ARM.Collect$$libinit$$00000000))
<BR><BR>[Called By]<UL><LI><a href="#[59]">&gt;&gt;</a>&nbsp;&nbsp;&nbsp;__rt_entry_li
</UL>

<P><STRONG><a name="[126]"></a>__rt_lib_init_alloca_1</STRONG> (Thumb, 0 bytes, Stack size unknown bytes, libinit2.o(.ARM.Collect$$libinit$$00000030))

<P><STRONG><a name="[127]"></a>__rt_lib_init_argv_1</STRONG> (Thumb, 0 bytes, Stack size unknown bytes, libinit2.o(.ARM.Collect$$libinit$$0000002E))

<P><STRONG><a name="[128]"></a>__rt_lib_init_atexit_1</STRONG> (Thumb, 0 bytes, Stack size unknown bytes, libinit2.o(.ARM.Collect$$libinit$$0000001D))

<P><STRONG><a name="[129]"></a>__rt_lib_init_clock_1</STRONG> (Thumb, 0 bytes, Stack size unknown bytes, libinit2.o(.ARM.Collect$$libinit$$00000023))

<P><STRONG><a name="[12a]"></a>__rt_lib_init_cpp_1</STRONG> (Thumb, 0 bytes, Stack size unknown bytes, libinit2.o(.ARM.Collect$$libinit$$00000034))

<P><STRONG><a name="[12b]"></a>__rt_lib_init_exceptions_1</STRONG> (Thumb, 0 bytes, Stack size unknown bytes, libinit2.o(.ARM.Collect$$libinit$$00000032))

<P><STRONG><a name="[12c]"></a>__rt_lib_init_fp_1</STRONG> (Thumb, 0 bytes, Stack size unknown bytes, libinit2.o(.ARM.Collect$$libinit$$00000002))

<P><STRONG><a name="[12d]"></a>__rt_lib_init_fp_trap_1</STRONG> (Thumb, 0 bytes, Stack size unknown bytes, libinit2.o(.ARM.Collect$$libinit$$00000021))

<P><STRONG><a name="[12e]"></a>__rt_lib_init_getenv_1</STRONG> (Thumb, 0 bytes, Stack size unknown bytes, libinit2.o(.ARM.Collect$$libinit$$00000025))

<P><STRONG><a name="[12f]"></a>__rt_lib_init_heap_1</STRONG> (Thumb, 0 bytes, Stack size unknown bytes, libinit2.o(.ARM.Collect$$libinit$$0000000C))

<P><STRONG><a name="[130]"></a>__rt_lib_init_lc_collate_1</STRONG> (Thumb, 0 bytes, Stack size unknown bytes, libinit2.o(.ARM.Collect$$libinit$$00000013))

<P><STRONG><a name="[131]"></a>__rt_lib_init_lc_ctype_1</STRONG> (Thumb, 0 bytes, Stack size unknown bytes, libinit2.o(.ARM.Collect$$libinit$$00000015))

<P><STRONG><a name="[132]"></a>__rt_lib_init_lc_monetary_1</STRONG> (Thumb, 0 bytes, Stack size unknown bytes, libinit2.o(.ARM.Collect$$libinit$$00000017))

<P><STRONG><a name="[133]"></a>__rt_lib_init_lc_numeric_1</STRONG> (Thumb, 0 bytes, Stack size unknown bytes, libinit2.o(.ARM.Collect$$libinit$$00000019))

<P><STRONG><a name="[134]"></a>__rt_lib_init_lc_time_1</STRONG> (Thumb, 0 bytes, Stack size unknown bytes, libinit2.o(.ARM.Collect$$libinit$$0000001B))

<P><STRONG><a name="[135]"></a>__rt_lib_init_preinit_1</STRONG> (Thumb, 0 bytes, Stack size unknown bytes, libinit2.o(.ARM.Collect$$libinit$$00000006))

<P><STRONG><a name="[136]"></a>__rt_lib_init_rand_1</STRONG> (Thumb, 0 bytes, Stack size unknown bytes, libinit2.o(.ARM.Collect$$libinit$$00000010))

<P><STRONG><a name="[137]"></a>__rt_lib_init_relocate_pie_1</STRONG> (Thumb, 0 bytes, Stack size unknown bytes, libinit2.o(.ARM.Collect$$libinit$$00000004))

<P><STRONG><a name="[138]"></a>__rt_lib_init_return</STRONG> (Thumb, 0 bytes, Stack size unknown bytes, libinit2.o(.ARM.Collect$$libinit$$00000035))

<P><STRONG><a name="[139]"></a>__rt_lib_init_signal_1</STRONG> (Thumb, 0 bytes, Stack size unknown bytes, libinit2.o(.ARM.Collect$$libinit$$0000001F))

<P><STRONG><a name="[13a]"></a>__rt_lib_init_stdio_1</STRONG> (Thumb, 0 bytes, Stack size unknown bytes, libinit2.o(.ARM.Collect$$libinit$$00000027))

<P><STRONG><a name="[13b]"></a>__rt_lib_init_user_alloc_1</STRONG> (Thumb, 0 bytes, Stack size unknown bytes, libinit2.o(.ARM.Collect$$libinit$$0000000E))

<P><STRONG><a name="[5f]"></a>__rt_lib_shutdown</STRONG> (Thumb, 0 bytes, Stack size unknown bytes, libshutdown.o(.ARM.Collect$$libshutdown$$00000000))
<BR><BR>[Called By]<UL><LI><a href="#[5e]">&gt;&gt;</a>&nbsp;&nbsp;&nbsp;__rt_exit_ls
</UL>

<P><STRONG><a name="[13c]"></a>__rt_lib_shutdown_cpp_1</STRONG> (Thumb, 0 bytes, Stack size unknown bytes, libshutdown2.o(.ARM.Collect$$libshutdown$$00000002))

<P><STRONG><a name="[13d]"></a>__rt_lib_shutdown_fp_trap_1</STRONG> (Thumb, 0 bytes, Stack size unknown bytes, libshutdown2.o(.ARM.Collect$$libshutdown$$00000007))

<P><STRONG><a name="[13e]"></a>__rt_lib_shutdown_heap_1</STRONG> (Thumb, 0 bytes, Stack size unknown bytes, libshutdown2.o(.ARM.Collect$$libshutdown$$0000000F))

<P><STRONG><a name="[13f]"></a>__rt_lib_shutdown_return</STRONG> (Thumb, 0 bytes, Stack size unknown bytes, libshutdown2.o(.ARM.Collect$$libshutdown$$00000010))

<P><STRONG><a name="[140]"></a>__rt_lib_shutdown_signal_1</STRONG> (Thumb, 0 bytes, Stack size unknown bytes, libshutdown2.o(.ARM.Collect$$libshutdown$$0000000A))

<P><STRONG><a name="[141]"></a>__rt_lib_shutdown_stdio_1</STRONG> (Thumb, 0 bytes, Stack size unknown bytes, libshutdown2.o(.ARM.Collect$$libshutdown$$00000004))

<P><STRONG><a name="[142]"></a>__rt_lib_shutdown_user_alloc_1</STRONG> (Thumb, 0 bytes, Stack size unknown bytes, libshutdown2.o(.ARM.Collect$$libshutdown$$0000000C))

<P><STRONG><a name="[54]"></a>__rt_entry</STRONG> (Thumb, 0 bytes, Stack size unknown bytes, __rtentry.o(.ARM.Collect$$rtentry$$00000000))
<BR><BR>[Called By]<UL><LI><a href="#[41]">&gt;&gt;</a>&nbsp;&nbsp;&nbsp;__main
<LI><a href="#[55]">&gt;&gt;</a>&nbsp;&nbsp;&nbsp;__scatterload_rt2
</UL>

<P><STRONG><a name="[143]"></a>__rt_entry_presh_1</STRONG> (Thumb, 0 bytes, Stack size unknown bytes, __rtentry2.o(.ARM.Collect$$rtentry$$00000002))

<P><STRONG><a name="[57]"></a>__rt_entry_sh</STRONG> (Thumb, 0 bytes, Stack size unknown bytes, __rtentry4.o(.ARM.Collect$$rtentry$$00000004))
<BR><BR>[Stack]<UL><LI>Max Depth = 8 + Unknown Stack Size
<LI>Call Chain = __rt_entry_sh &rArr; __user_setup_stackheap
</UL>
<BR>[Calls]<UL><LI><a href="#[58]">&gt;&gt;</a>&nbsp;&nbsp;&nbsp;__user_setup_stackheap
</UL>

<P><STRONG><a name="[59]"></a>__rt_entry_li</STRONG> (Thumb, 0 bytes, Stack size unknown bytes, __rtentry2.o(.ARM.Collect$$rtentry$$0000000A))
<BR><BR>[Calls]<UL><LI><a href="#[5a]">&gt;&gt;</a>&nbsp;&nbsp;&nbsp;__rt_lib_init
</UL>

<P><STRONG><a name="[144]"></a>__rt_entry_postsh_1</STRONG> (Thumb, 0 bytes, Stack size unknown bytes, __rtentry2.o(.ARM.Collect$$rtentry$$00000009))

<P><STRONG><a name="[5b]"></a>__rt_entry_main</STRONG> (Thumb, 0 bytes, Stack size unknown bytes, __rtentry2.o(.ARM.Collect$$rtentry$$0000000D))
<BR><BR>[Stack]<UL><LI>Max Depth = 540 + Unknown Stack Size
<LI>Call Chain = __rt_entry_main &rArr; main &rArr; vAppTcp_serverInit &rArr; ETH_LibInit &rArr; WCHNET_Init &rArr; wch_ethernetif_init &rArr; netif_add &rArr; netif_set_addr &rArr; netif_set_ipaddr &rArr; tcp_abandon &rArr; tcp_pcb_remove &rArr; tcp_output &rArr; tcp_send_empty_ack &rArr; ip_output &rArr; ip_output_if &rArr; ip_frag &rArr; pbuf_alloc &rArr; pbuf_free &rArr; mem_free &rArr; plug_holes
</UL>
<BR>[Calls]<UL><LI><a href="#[5c]">&gt;&gt;</a>&nbsp;&nbsp;&nbsp;main
<LI><a href="#[5d]">&gt;&gt;</a>&nbsp;&nbsp;&nbsp;exit
</UL>

<P><STRONG><a name="[145]"></a>__rt_entry_postli_1</STRONG> (Thumb, 0 bytes, Stack size unknown bytes, __rtentry2.o(.ARM.Collect$$rtentry$$0000000C))

<P><STRONG><a name="[66]"></a>__rt_exit</STRONG> (Thumb, 0 bytes, Stack size unknown bytes, rtexit.o(.ARM.Collect$$rtexit$$00000000))
<BR><BR>[Called By]<UL><LI><a href="#[5d]">&gt;&gt;</a>&nbsp;&nbsp;&nbsp;exit
</UL>

<P><STRONG><a name="[5e]"></a>__rt_exit_ls</STRONG> (Thumb, 0 bytes, Stack size unknown bytes, rtexit2.o(.ARM.Collect$$rtexit$$00000003))
<BR><BR>[Calls]<UL><LI><a href="#[5f]">&gt;&gt;</a>&nbsp;&nbsp;&nbsp;__rt_lib_shutdown
</UL>

<P><STRONG><a name="[146]"></a>__rt_exit_prels_1</STRONG> (Thumb, 0 bytes, Stack size unknown bytes, rtexit2.o(.ARM.Collect$$rtexit$$00000002))

<P><STRONG><a name="[60]"></a>__rt_exit_exit</STRONG> (Thumb, 0 bytes, Stack size unknown bytes, rtexit2.o(.ARM.Collect$$rtexit$$00000004))
<BR><BR>[Calls]<UL><LI><a href="#[61]">&gt;&gt;</a>&nbsp;&nbsp;&nbsp;_sys_exit
</UL>

<P><STRONG><a name="[0]"></a>Reset_Handler</STRONG> (Thumb, 8 bytes, Stack size 0 bytes, startup_ch32f20x_d8w.o(.text))
<BR>[Address Reference Count : 1]<UL><LI> startup_ch32f20x_d8w.o(RESET)
</UL>
<P><STRONG><a name="[1]"></a>NMI_Handler</STRONG> (Thumb, 2 bytes, Stack size 0 bytes, startup_ch32f20x_d8w.o(.text))
<BR><BR>[Calls]<UL><LI><a href="#[1]">&gt;&gt;</a>&nbsp;&nbsp;&nbsp;NMI_Handler
</UL>
<BR>[Called By]<UL><LI><a href="#[1]">&gt;&gt;</a>&nbsp;&nbsp;&nbsp;NMI_Handler
</UL>
<BR>[Address Reference Count : 1]<UL><LI> startup_ch32f20x_d8w.o(RESET)
</UL>
<P><STRONG><a name="[2]"></a>HardFault_Handler</STRONG> (Thumb, 2 bytes, Stack size 0 bytes, startup_ch32f20x_d8w.o(.text))
<BR><BR>[Calls]<UL><LI><a href="#[2]">&gt;&gt;</a>&nbsp;&nbsp;&nbsp;HardFault_Handler
</UL>
<BR>[Called By]<UL><LI><a href="#[2]">&gt;&gt;</a>&nbsp;&nbsp;&nbsp;HardFault_Handler
</UL>
<BR>[Address Reference Count : 1]<UL><LI> startup_ch32f20x_d8w.o(RESET)
</UL>
<P><STRONG><a name="[3]"></a>MemManage_Handler</STRONG> (Thumb, 2 bytes, Stack size 0 bytes, startup_ch32f20x_d8w.o(.text))
<BR><BR>[Calls]<UL><LI><a href="#[3]">&gt;&gt;</a>&nbsp;&nbsp;&nbsp;MemManage_Handler
</UL>
<BR>[Called By]<UL><LI><a href="#[3]">&gt;&gt;</a>&nbsp;&nbsp;&nbsp;MemManage_Handler
</UL>
<BR>[Address Reference Count : 1]<UL><LI> startup_ch32f20x_d8w.o(RESET)
</UL>
<P><STRONG><a name="[4]"></a>BusFault_Handler</STRONG> (Thumb, 2 bytes, Stack size 0 bytes, startup_ch32f20x_d8w.o(.text))
<BR><BR>[Calls]<UL><LI><a href="#[4]">&gt;&gt;</a>&nbsp;&nbsp;&nbsp;BusFault_Handler
</UL>
<BR>[Called By]<UL><LI><a href="#[4]">&gt;&gt;</a>&nbsp;&nbsp;&nbsp;BusFault_Handler
</UL>
<BR>[Address Reference Count : 1]<UL><LI> startup_ch32f20x_d8w.o(RESET)
</UL>
<P><STRONG><a name="[5]"></a>UsageFault_Handler</STRONG> (Thumb, 2 bytes, Stack size 0 bytes, startup_ch32f20x_d8w.o(.text))
<BR><BR>[Calls]<UL><LI><a href="#[5]">&gt;&gt;</a>&nbsp;&nbsp;&nbsp;UsageFault_Handler
</UL>
<BR>[Called By]<UL><LI><a href="#[5]">&gt;&gt;</a>&nbsp;&nbsp;&nbsp;UsageFault_Handler
</UL>
<BR>[Address Reference Count : 1]<UL><LI> startup_ch32f20x_d8w.o(RESET)
</UL>
<P><STRONG><a name="[6]"></a>SVC_Handler</STRONG> (Thumb, 2 bytes, Stack size 0 bytes, startup_ch32f20x_d8w.o(.text))
<BR><BR>[Calls]<UL><LI><a href="#[6]">&gt;&gt;</a>&nbsp;&nbsp;&nbsp;SVC_Handler
</UL>
<BR>[Called By]<UL><LI><a href="#[6]">&gt;&gt;</a>&nbsp;&nbsp;&nbsp;SVC_Handler
</UL>
<BR>[Address Reference Count : 1]<UL><LI> startup_ch32f20x_d8w.o(RESET)
</UL>
<P><STRONG><a name="[7]"></a>DebugMon_Handler</STRONG> (Thumb, 2 bytes, Stack size 0 bytes, startup_ch32f20x_d8w.o(.text))
<BR><BR>[Calls]<UL><LI><a href="#[7]">&gt;&gt;</a>&nbsp;&nbsp;&nbsp;DebugMon_Handler
</UL>
<BR>[Called By]<UL><LI><a href="#[7]">&gt;&gt;</a>&nbsp;&nbsp;&nbsp;DebugMon_Handler
</UL>
<BR>[Address Reference Count : 1]<UL><LI> startup_ch32f20x_d8w.o(RESET)
</UL>
<P><STRONG><a name="[8]"></a>PendSV_Handler</STRONG> (Thumb, 2 bytes, Stack size 0 bytes, startup_ch32f20x_d8w.o(.text))
<BR><BR>[Calls]<UL><LI><a href="#[8]">&gt;&gt;</a>&nbsp;&nbsp;&nbsp;PendSV_Handler
</UL>
<BR>[Called By]<UL><LI><a href="#[8]">&gt;&gt;</a>&nbsp;&nbsp;&nbsp;PendSV_Handler
</UL>
<BR>[Address Reference Count : 1]<UL><LI> startup_ch32f20x_d8w.o(RESET)
</UL>
<P><STRONG><a name="[1c]"></a>ADC1_2_IRQHandler</STRONG> (Thumb, 0 bytes, Stack size 0 bytes, startup_ch32f20x_d8w.o(.text))
<BR><BR>[Calls]<UL><LI><a href="#[1c]">&gt;&gt;</a>&nbsp;&nbsp;&nbsp;ADC1_2_IRQHandler
</UL>
<BR>[Called By]<UL><LI><a href="#[1c]">&gt;&gt;</a>&nbsp;&nbsp;&nbsp;ADC1_2_IRQHandler
</UL>
<BR>[Address Reference Count : 1]<UL><LI> startup_ch32f20x_d8w.o(RESET)
</UL>
<P><STRONG><a name="[39]"></a>BB_IRQHandler</STRONG> (Thumb, 0 bytes, Stack size 0 bytes, startup_ch32f20x_d8w.o(.text))
<BR>[Address Reference Count : 1]<UL><LI> startup_ch32f20x_d8w.o(RESET)
</UL>
<P><STRONG><a name="[1f]"></a>CAN1_RX1_IRQHandler</STRONG> (Thumb, 0 bytes, Stack size 0 bytes, startup_ch32f20x_d8w.o(.text))
<BR>[Address Reference Count : 1]<UL><LI> startup_ch32f20x_d8w.o(RESET)
</UL>
<P><STRONG><a name="[20]"></a>CAN1_SCE_IRQHandler</STRONG> (Thumb, 0 bytes, Stack size 0 bytes, startup_ch32f20x_d8w.o(.text))
<BR>[Address Reference Count : 1]<UL><LI> startup_ch32f20x_d8w.o(RESET)
</UL>
<P><STRONG><a name="[15]"></a>DMA1_Channel1_IRQHandler</STRONG> (Thumb, 0 bytes, Stack size 0 bytes, startup_ch32f20x_d8w.o(.text))
<BR>[Address Reference Count : 1]<UL><LI> startup_ch32f20x_d8w.o(RESET)
</UL>
<P><STRONG><a name="[16]"></a>DMA1_Channel2_IRQHandler</STRONG> (Thumb, 0 bytes, Stack size 0 bytes, startup_ch32f20x_d8w.o(.text))
<BR>[Address Reference Count : 1]<UL><LI> startup_ch32f20x_d8w.o(RESET)
</UL>
<P><STRONG><a name="[17]"></a>DMA1_Channel3_IRQHandler</STRONG> (Thumb, 0 bytes, Stack size 0 bytes, startup_ch32f20x_d8w.o(.text))
<BR>[Address Reference Count : 1]<UL><LI> startup_ch32f20x_d8w.o(RESET)
</UL>
<P><STRONG><a name="[18]"></a>DMA1_Channel4_IRQHandler</STRONG> (Thumb, 0 bytes, Stack size 0 bytes, startup_ch32f20x_d8w.o(.text))
<BR>[Address Reference Count : 1]<UL><LI> startup_ch32f20x_d8w.o(RESET)
</UL>
<P><STRONG><a name="[19]"></a>DMA1_Channel5_IRQHandler</STRONG> (Thumb, 0 bytes, Stack size 0 bytes, startup_ch32f20x_d8w.o(.text))
<BR>[Address Reference Count : 1]<UL><LI> startup_ch32f20x_d8w.o(RESET)
</UL>
<P><STRONG><a name="[1a]"></a>DMA1_Channel6_IRQHandler</STRONG> (Thumb, 0 bytes, Stack size 0 bytes, startup_ch32f20x_d8w.o(.text))
<BR>[Address Reference Count : 1]<UL><LI> startup_ch32f20x_d8w.o(RESET)
</UL>
<P><STRONG><a name="[1b]"></a>DMA1_Channel7_IRQHandler</STRONG> (Thumb, 0 bytes, Stack size 0 bytes, startup_ch32f20x_d8w.o(.text))
<BR>[Address Reference Count : 1]<UL><LI> startup_ch32f20x_d8w.o(RESET)
</UL>
<P><STRONG><a name="[3d]"></a>DMA1_Channel8_IRQHandler</STRONG> (Thumb, 0 bytes, Stack size 0 bytes, startup_ch32f20x_d8w.o(.text))
<BR>[Address Reference Count : 1]<UL><LI> startup_ch32f20x_d8w.o(RESET)
</UL>
<P><STRONG><a name="[38]"></a>ETHWakeUp_IRQHandler</STRONG> (Thumb, 0 bytes, Stack size 0 bytes, startup_ch32f20x_d8w.o(.text))
<BR>[Address Reference Count : 1]<UL><LI> startup_ch32f20x_d8w.o(RESET)
</UL>
<P><STRONG><a name="[10]"></a>EXTI0_IRQHandler</STRONG> (Thumb, 0 bytes, Stack size 0 bytes, startup_ch32f20x_d8w.o(.text))
<BR>[Address Reference Count : 1]<UL><LI> startup_ch32f20x_d8w.o(RESET)
</UL>
<P><STRONG><a name="[32]"></a>EXTI15_10_IRQHandler</STRONG> (Thumb, 0 bytes, Stack size 0 bytes, startup_ch32f20x_d8w.o(.text))
<BR>[Address Reference Count : 1]<UL><LI> startup_ch32f20x_d8w.o(RESET)
</UL>
<P><STRONG><a name="[11]"></a>EXTI1_IRQHandler</STRONG> (Thumb, 0 bytes, Stack size 0 bytes, startup_ch32f20x_d8w.o(.text))
<BR>[Address Reference Count : 1]<UL><LI> startup_ch32f20x_d8w.o(RESET)
</UL>
<P><STRONG><a name="[12]"></a>EXTI2_IRQHandler</STRONG> (Thumb, 0 bytes, Stack size 0 bytes, startup_ch32f20x_d8w.o(.text))
<BR>[Address Reference Count : 1]<UL><LI> startup_ch32f20x_d8w.o(RESET)
</UL>
<P><STRONG><a name="[13]"></a>EXTI3_IRQHandler</STRONG> (Thumb, 0 bytes, Stack size 0 bytes, startup_ch32f20x_d8w.o(.text))
<BR>[Address Reference Count : 1]<UL><LI> startup_ch32f20x_d8w.o(RESET)
</UL>
<P><STRONG><a name="[14]"></a>EXTI4_IRQHandler</STRONG> (Thumb, 0 bytes, Stack size 0 bytes, startup_ch32f20x_d8w.o(.text))
<BR>[Address Reference Count : 1]<UL><LI> startup_ch32f20x_d8w.o(RESET)
</UL>
<P><STRONG><a name="[21]"></a>EXTI9_5_IRQHandler</STRONG> (Thumb, 0 bytes, Stack size 0 bytes, startup_ch32f20x_d8w.o(.text))
<BR>[Address Reference Count : 1]<UL><LI> startup_ch32f20x_d8w.o(RESET)
</UL>
<P><STRONG><a name="[e]"></a>FLASH_IRQHandler</STRONG> (Thumb, 0 bytes, Stack size 0 bytes, startup_ch32f20x_d8w.o(.text))
<BR>[Address Reference Count : 1]<UL><LI> startup_ch32f20x_d8w.o(RESET)
</UL>
<P><STRONG><a name="[2a]"></a>I2C1_ER_IRQHandler</STRONG> (Thumb, 0 bytes, Stack size 0 bytes, startup_ch32f20x_d8w.o(.text))
<BR>[Address Reference Count : 1]<UL><LI> startup_ch32f20x_d8w.o(RESET)
</UL>
<P><STRONG><a name="[29]"></a>I2C1_EV_IRQHandler</STRONG> (Thumb, 0 bytes, Stack size 0 bytes, startup_ch32f20x_d8w.o(.text))
<BR>[Address Reference Count : 1]<UL><LI> startup_ch32f20x_d8w.o(RESET)
</UL>
<P><STRONG><a name="[2c]"></a>I2C2_ER_IRQHandler</STRONG> (Thumb, 0 bytes, Stack size 0 bytes, startup_ch32f20x_d8w.o(.text))
<BR>[Address Reference Count : 1]<UL><LI> startup_ch32f20x_d8w.o(RESET)
</UL>
<P><STRONG><a name="[2b]"></a>I2C2_EV_IRQHandler</STRONG> (Thumb, 0 bytes, Stack size 0 bytes, startup_ch32f20x_d8w.o(.text))
<BR>[Address Reference Count : 1]<UL><LI> startup_ch32f20x_d8w.o(RESET)
</UL>
<P><STRONG><a name="[3a]"></a>LLE_IRQHandler</STRONG> (Thumb, 0 bytes, Stack size 0 bytes, startup_ch32f20x_d8w.o(.text))
<BR>[Address Reference Count : 1]<UL><LI> startup_ch32f20x_d8w.o(RESET)
</UL>
<P><STRONG><a name="[3e]"></a>OSC32KCal_IRQHandler</STRONG> (Thumb, 0 bytes, Stack size 0 bytes, startup_ch32f20x_d8w.o(.text))
<BR>[Address Reference Count : 1]<UL><LI> startup_ch32f20x_d8w.o(RESET)
</UL>
<P><STRONG><a name="[3f]"></a>OSCWakeUp_IRQHandler</STRONG> (Thumb, 0 bytes, Stack size 0 bytes, startup_ch32f20x_d8w.o(.text))
<BR>[Address Reference Count : 1]<UL><LI> startup_ch32f20x_d8w.o(RESET)
</UL>
<P><STRONG><a name="[b]"></a>PVD_IRQHandler</STRONG> (Thumb, 0 bytes, Stack size 0 bytes, startup_ch32f20x_d8w.o(.text))
<BR>[Address Reference Count : 1]<UL><LI> startup_ch32f20x_d8w.o(RESET)
</UL>
<P><STRONG><a name="[f]"></a>RCC_IRQHandler</STRONG> (Thumb, 0 bytes, Stack size 0 bytes, startup_ch32f20x_d8w.o(.text))
<BR>[Address Reference Count : 1]<UL><LI> startup_ch32f20x_d8w.o(RESET)
</UL>
<P><STRONG><a name="[33]"></a>RTCAlarm_IRQHandler</STRONG> (Thumb, 0 bytes, Stack size 0 bytes, startup_ch32f20x_d8w.o(.text))
<BR>[Address Reference Count : 1]<UL><LI> startup_ch32f20x_d8w.o(RESET)
</UL>
<P><STRONG><a name="[d]"></a>RTC_IRQHandler</STRONG> (Thumb, 0 bytes, Stack size 0 bytes, startup_ch32f20x_d8w.o(.text))
<BR>[Address Reference Count : 1]<UL><LI> startup_ch32f20x_d8w.o(RESET)
</UL>
<P><STRONG><a name="[2d]"></a>SPI1_IRQHandler</STRONG> (Thumb, 0 bytes, Stack size 0 bytes, startup_ch32f20x_d8w.o(.text))
<BR>[Address Reference Count : 1]<UL><LI> startup_ch32f20x_d8w.o(RESET)
</UL>
<P><STRONG><a name="[2e]"></a>SPI2_IRQHandler</STRONG> (Thumb, 0 bytes, Stack size 0 bytes, startup_ch32f20x_d8w.o(.text))
<BR>[Address Reference Count : 1]<UL><LI> startup_ch32f20x_d8w.o(RESET)
</UL>
<P><STRONG><a name="[c]"></a>TAMPER_IRQHandler</STRONG> (Thumb, 0 bytes, Stack size 0 bytes, startup_ch32f20x_d8w.o(.text))
<BR>[Address Reference Count : 1]<UL><LI> startup_ch32f20x_d8w.o(RESET)
</UL>
<P><STRONG><a name="[22]"></a>TIM1_BRK_IRQHandler</STRONG> (Thumb, 0 bytes, Stack size 0 bytes, startup_ch32f20x_d8w.o(.text))
<BR>[Address Reference Count : 1]<UL><LI> startup_ch32f20x_d8w.o(RESET)
</UL>
<P><STRONG><a name="[25]"></a>TIM1_CC_IRQHandler</STRONG> (Thumb, 0 bytes, Stack size 0 bytes, startup_ch32f20x_d8w.o(.text))
<BR>[Address Reference Count : 1]<UL><LI> startup_ch32f20x_d8w.o(RESET)
</UL>
<P><STRONG><a name="[24]"></a>TIM1_TRG_COM_IRQHandler</STRONG> (Thumb, 0 bytes, Stack size 0 bytes, startup_ch32f20x_d8w.o(.text))
<BR>[Address Reference Count : 1]<UL><LI> startup_ch32f20x_d8w.o(RESET)
</UL>
<P><STRONG><a name="[23]"></a>TIM1_UP_IRQHandler</STRONG> (Thumb, 0 bytes, Stack size 0 bytes, startup_ch32f20x_d8w.o(.text))
<BR>[Address Reference Count : 1]<UL><LI> startup_ch32f20x_d8w.o(RESET)
</UL>
<P><STRONG><a name="[26]"></a>TIM2_IRQHandler</STRONG> (Thumb, 0 bytes, Stack size 0 bytes, startup_ch32f20x_d8w.o(.text))
<BR>[Address Reference Count : 1]<UL><LI> startup_ch32f20x_d8w.o(RESET)
</UL>
<P><STRONG><a name="[27]"></a>TIM3_IRQHandler</STRONG> (Thumb, 0 bytes, Stack size 0 bytes, startup_ch32f20x_d8w.o(.text))
<BR>[Address Reference Count : 1]<UL><LI> startup_ch32f20x_d8w.o(RESET)
</UL>
<P><STRONG><a name="[28]"></a>TIM4_IRQHandler</STRONG> (Thumb, 0 bytes, Stack size 0 bytes, startup_ch32f20x_d8w.o(.text))
<BR>[Address Reference Count : 1]<UL><LI> startup_ch32f20x_d8w.o(RESET)
</UL>
<P><STRONG><a name="[3c]"></a>UART4_IRQHandler</STRONG> (Thumb, 0 bytes, Stack size 0 bytes, startup_ch32f20x_d8w.o(.text))
<BR>[Address Reference Count : 1]<UL><LI> startup_ch32f20x_d8w.o(RESET)
</UL>
<P><STRONG><a name="[2f]"></a>USART1_IRQHandler</STRONG> (Thumb, 0 bytes, Stack size 0 bytes, startup_ch32f20x_d8w.o(.text))
<BR>[Address Reference Count : 1]<UL><LI> startup_ch32f20x_d8w.o(RESET)
</UL>
<P><STRONG><a name="[30]"></a>USART2_IRQHandler</STRONG> (Thumb, 0 bytes, Stack size 0 bytes, startup_ch32f20x_d8w.o(.text))
<BR>[Address Reference Count : 1]<UL><LI> startup_ch32f20x_d8w.o(RESET)
</UL>
<P><STRONG><a name="[31]"></a>USART3_IRQHandler</STRONG> (Thumb, 0 bytes, Stack size 0 bytes, startup_ch32f20x_d8w.o(.text))
<BR>[Address Reference Count : 1]<UL><LI> startup_ch32f20x_d8w.o(RESET)
</UL>
<P><STRONG><a name="[36]"></a>USBFSWakeUp_IRQHandler</STRONG> (Thumb, 0 bytes, Stack size 0 bytes, startup_ch32f20x_d8w.o(.text))
<BR>[Address Reference Count : 1]<UL><LI> startup_ch32f20x_d8w.o(RESET)
</UL>
<P><STRONG><a name="[35]"></a>USBFS_IRQHandler</STRONG> (Thumb, 0 bytes, Stack size 0 bytes, startup_ch32f20x_d8w.o(.text))
<BR>[Address Reference Count : 1]<UL><LI> startup_ch32f20x_d8w.o(RESET)
</UL>
<P><STRONG><a name="[34]"></a>USBWakeUp_IRQHandler</STRONG> (Thumb, 0 bytes, Stack size 0 bytes, startup_ch32f20x_d8w.o(.text))
<BR>[Address Reference Count : 1]<UL><LI> startup_ch32f20x_d8w.o(RESET)
</UL>
<P><STRONG><a name="[1d]"></a>USB_HP_CAN1_TX_IRQHandler</STRONG> (Thumb, 0 bytes, Stack size 0 bytes, startup_ch32f20x_d8w.o(.text))
<BR>[Address Reference Count : 1]<UL><LI> startup_ch32f20x_d8w.o(RESET)
</UL>
<P><STRONG><a name="[1e]"></a>USB_LP_CAN1_RX0_IRQHandler</STRONG> (Thumb, 0 bytes, Stack size 0 bytes, startup_ch32f20x_d8w.o(.text))
<BR>[Address Reference Count : 1]<UL><LI> startup_ch32f20x_d8w.o(RESET)
</UL>
<P><STRONG><a name="[a]"></a>WWDG_IRQHandler</STRONG> (Thumb, 0 bytes, Stack size 0 bytes, startup_ch32f20x_d8w.o(.text))
<BR>[Address Reference Count : 1]<UL><LI> startup_ch32f20x_d8w.o(RESET)
</UL>
<P><STRONG><a name="[65]"></a>__user_initial_stackheap</STRONG> (Thumb, 0 bytes, Stack size unknown bytes, startup_ch32f20x_d8w.o(.text))
<BR><BR>[Called By]<UL><LI><a href="#[58]">&gt;&gt;</a>&nbsp;&nbsp;&nbsp;__user_setup_stackheap
</UL>

<P><STRONG><a name="[9d]"></a>__aeabi_memcpy</STRONG> (Thumb, 0 bytes, Stack size 0 bytes, rt_memcpy_v6.o(.text))
<BR><BR>[Called By]<UL><LI><a href="#[4a]">&gt;&gt;</a>&nbsp;&nbsp;&nbsp;WCHSocketTCPReceive
<LI><a href="#[47]">&gt;&gt;</a>&nbsp;&nbsp;&nbsp;SocketUdpReceive
<LI><a href="#[46]">&gt;&gt;</a>&nbsp;&nbsp;&nbsp;SocketIPRAWReceive
<LI><a href="#[8a]">&gt;&gt;</a>&nbsp;&nbsp;&nbsp;WCHNET_SocketRecv
<LI><a href="#[da]">&gt;&gt;</a>&nbsp;&nbsp;&nbsp;icmp_send_response
<LI><a href="#[52]">&gt;&gt;</a>&nbsp;&nbsp;&nbsp;ethernetif_init
<LI><a href="#[4e]">&gt;&gt;</a>&nbsp;&nbsp;&nbsp;low_level_output
<LI><a href="#[d6]">&gt;&gt;</a>&nbsp;&nbsp;&nbsp;low_level_input
<LI><a href="#[e9]">&gt;&gt;</a>&nbsp;&nbsp;&nbsp;ip_reass
<LI><a href="#[e6]">&gt;&gt;</a>&nbsp;&nbsp;&nbsp;ip_frag
<LI><a href="#[f2]">&gt;&gt;</a>&nbsp;&nbsp;&nbsp;ip_reass_free_complete_datagram
<LI><a href="#[10d]">&gt;&gt;</a>&nbsp;&nbsp;&nbsp;tcp_enqueue
<LI><a href="#[df]">&gt;&gt;</a>&nbsp;&nbsp;&nbsp;pbuf_copy
</UL>

<P><STRONG><a name="[62]"></a>__rt_memcpy</STRONG> (Thumb, 138 bytes, Stack size 0 bytes, rt_memcpy_v6.o(.text), UNUSED)
<BR><BR>[Calls]<UL><LI><a href="#[63]">&gt;&gt;</a>&nbsp;&nbsp;&nbsp;__aeabi_memcpy4
</UL>

<P><STRONG><a name="[147]"></a>_memcpy_lastbytes</STRONG> (Thumb, 0 bytes, Stack size unknown bytes, rt_memcpy_v6.o(.text), UNUSED)

<P><STRONG><a name="[63]"></a>__aeabi_memcpy4</STRONG> (Thumb, 0 bytes, Stack size 8 bytes, rt_memcpy_w.o(.text))
<BR><BR>[Stack]<UL><LI>Max Depth = 8<LI>Call Chain = __aeabi_memcpy4
</UL>
<BR>[Called By]<UL><LI><a href="#[a0]">&gt;&gt;</a>&nbsp;&nbsp;&nbsp;WCHSocketInit
<LI><a href="#[6f]">&gt;&gt;</a>&nbsp;&nbsp;&nbsp;WCHNET_ConfigLIB
<LI><a href="#[62]">&gt;&gt;</a>&nbsp;&nbsp;&nbsp;__rt_memcpy
<LI><a href="#[11c]">&gt;&gt;</a>&nbsp;&nbsp;&nbsp;tcp_seg_copy
</UL>

<P><STRONG><a name="[148]"></a>__aeabi_memcpy8</STRONG> (Thumb, 0 bytes, Stack size 8 bytes, rt_memcpy_w.o(.text), UNUSED)

<P><STRONG><a name="[149]"></a>__rt_memcpy_w</STRONG> (Thumb, 100 bytes, Stack size 8 bytes, rt_memcpy_w.o(.text), UNUSED)

<P><STRONG><a name="[14a]"></a>_memcpy_lastbytes_aligned</STRONG> (Thumb, 0 bytes, Stack size unknown bytes, rt_memcpy_w.o(.text), UNUSED)

<P><STRONG><a name="[9f]"></a>__aeabi_memclr4</STRONG> (Thumb, 0 bytes, Stack size unknown bytes, rt_memclr_w.o(.text))
<BR><BR>[Called By]<UL><LI><a href="#[ac]">&gt;&gt;</a>&nbsp;&nbsp;&nbsp;udp_new
<LI><a href="#[a8]">&gt;&gt;</a>&nbsp;&nbsp;&nbsp;raw_new
<LI><a href="#[49]">&gt;&gt;</a>&nbsp;&nbsp;&nbsp;WCHTCPServerAccept
<LI><a href="#[a0]">&gt;&gt;</a>&nbsp;&nbsp;&nbsp;WCHSocketInit
<LI><a href="#[70]">&gt;&gt;</a>&nbsp;&nbsp;&nbsp;WCHNET_Init
<LI><a href="#[6f]">&gt;&gt;</a>&nbsp;&nbsp;&nbsp;WCHNET_ConfigLIB
<LI><a href="#[e9]">&gt;&gt;</a>&nbsp;&nbsp;&nbsp;ip_reass
<LI><a href="#[107]">&gt;&gt;</a>&nbsp;&nbsp;&nbsp;tcp_alloc
</UL>

<P><STRONG><a name="[14b]"></a>__aeabi_memclr8</STRONG> (Thumb, 0 bytes, Stack size unknown bytes, rt_memclr_w.o(.text), UNUSED)

<P><STRONG><a name="[14c]"></a>__rt_memclr_w</STRONG> (Thumb, 0 bytes, Stack size unknown bytes, rt_memclr_w.o(.text), UNUSED)

<P><STRONG><a name="[14d]"></a>_memset_w</STRONG> (Thumb, 74 bytes, Stack size 4 bytes, rt_memclr_w.o(.text), UNUSED)

<P><STRONG><a name="[14e]"></a>__use_two_region_memory</STRONG> (Thumb, 2 bytes, Stack size 0 bytes, heapauxi.o(.text), UNUSED)

<P><STRONG><a name="[14f]"></a>__rt_heap_escrow$2region</STRONG> (Thumb, 2 bytes, Stack size 0 bytes, heapauxi.o(.text), UNUSED)

<P><STRONG><a name="[150]"></a>__rt_heap_expand$2region</STRONG> (Thumb, 2 bytes, Stack size 0 bytes, heapauxi.o(.text), UNUSED)

<P><STRONG><a name="[58]"></a>__user_setup_stackheap</STRONG> (Thumb, 74 bytes, Stack size 8 bytes, sys_stackheap_outer.o(.text))
<BR><BR>[Stack]<UL><LI>Max Depth = 8 + Unknown Stack Size
<LI>Call Chain = __user_setup_stackheap
</UL>
<BR>[Calls]<UL><LI><a href="#[65]">&gt;&gt;</a>&nbsp;&nbsp;&nbsp;__user_initial_stackheap
<LI><a href="#[64]">&gt;&gt;</a>&nbsp;&nbsp;&nbsp;__user_perproc_libspace
</UL>
<BR>[Called By]<UL><LI><a href="#[57]">&gt;&gt;</a>&nbsp;&nbsp;&nbsp;__rt_entry_sh
</UL>

<P><STRONG><a name="[5d]"></a>exit</STRONG> (Thumb, 18 bytes, Stack size 8 bytes, exit.o(.text))
<BR><BR>[Stack]<UL><LI>Max Depth = 8 + Unknown Stack Size
<LI>Call Chain = exit
</UL>
<BR>[Calls]<UL><LI><a href="#[66]">&gt;&gt;</a>&nbsp;&nbsp;&nbsp;__rt_exit
</UL>
<BR>[Called By]<UL><LI><a href="#[5b]">&gt;&gt;</a>&nbsp;&nbsp;&nbsp;__rt_entry_main
</UL>

<P><STRONG><a name="[151]"></a>__user_libspace</STRONG> (Thumb, 8 bytes, Stack size 0 bytes, libspace.o(.text), UNUSED)

<P><STRONG><a name="[64]"></a>__user_perproc_libspace</STRONG> (Thumb, 0 bytes, Stack size 0 bytes, libspace.o(.text))
<BR><BR>[Called By]<UL><LI><a href="#[58]">&gt;&gt;</a>&nbsp;&nbsp;&nbsp;__user_setup_stackheap
</UL>

<P><STRONG><a name="[152]"></a>__user_perthread_libspace</STRONG> (Thumb, 0 bytes, Stack size 0 bytes, libspace.o(.text), UNUSED)

<P><STRONG><a name="[61]"></a>_sys_exit</STRONG> (Thumb, 8 bytes, Stack size 0 bytes, sys_exit.o(.text))
<BR><BR>[Called By]<UL><LI><a href="#[60]">&gt;&gt;</a>&nbsp;&nbsp;&nbsp;__rt_exit_exit
</UL>

<P><STRONG><a name="[153]"></a>__I$use$semihosting</STRONG> (Thumb, 0 bytes, Stack size 0 bytes, use_no_semi.o(.text), UNUSED)

<P><STRONG><a name="[154]"></a>__use_no_semihosting_swi</STRONG> (Thumb, 2 bytes, Stack size 0 bytes, use_no_semi.o(.text), UNUSED)

<P><STRONG><a name="[155]"></a>__semihosting_library_function</STRONG> (Thumb, 0 bytes, Stack size unknown bytes, indicate_semi.o(.text), UNUSED)

<P><STRONG><a name="[37]"></a>ETH_IRQHandler</STRONG> (Thumb, 4 bytes, Stack size 0 bytes, app_tcpserver.o(.text.ETH_IRQHandler))
<BR><BR>[Stack]<UL><LI>Max Depth = 40<LI>Call Chain = ETH_IRQHandler &rArr; WCHNET_ETHIsr &rArr; ETH_PHYLink &rArr; WCHNET_PhyStatus
</UL>
<BR>[Calls]<UL><LI><a href="#[67]">&gt;&gt;</a>&nbsp;&nbsp;&nbsp;WCHNET_ETHIsr
</UL>
<BR>[Address Reference Count : 1]<UL><LI> startup_ch32f20x_d8w.o(RESET)
</UL>
<P><STRONG><a name="[68]"></a>ETH_Init</STRONG> (Thumb, 390 bytes, Stack size 24 bytes, eth_driver_d8w.o(.text.ETH_Init))
<BR><BR>[Stack]<UL><LI>Max Depth = 40<LI>Call Chain = ETH_Init &rArr; GPIO_Init
</UL>
<BR>[Calls]<UL><LI><a href="#[6c]">&gt;&gt;</a>&nbsp;&nbsp;&nbsp;RCC_ETHDIVConfig
<LI><a href="#[6b]">&gt;&gt;</a>&nbsp;&nbsp;&nbsp;GPIO_SetBits
<LI><a href="#[6a]">&gt;&gt;</a>&nbsp;&nbsp;&nbsp;GPIO_Init
<LI><a href="#[69]">&gt;&gt;</a>&nbsp;&nbsp;&nbsp;RCC_APB2PeriphClockCmd
</UL>
<BR>[Called By]<UL><LI><a href="#[6e]">&gt;&gt;</a>&nbsp;&nbsp;&nbsp;ETH_LibInit
</UL>

<P><STRONG><a name="[43]"></a>ETH_LedDataSet</STRONG> (Thumb, 24 bytes, Stack size 0 bytes, eth_driver_d8w.o(.text.ETH_LedDataSet))
<BR><BR>[Calls]<UL><LI><a href="#[6b]">&gt;&gt;</a>&nbsp;&nbsp;&nbsp;GPIO_SetBits
<LI><a href="#[6d]">&gt;&gt;</a>&nbsp;&nbsp;&nbsp;GPIO_ResetBits
</UL>
<BR>[Address Reference Count : 1]<UL><LI> eth_driver_d8w.o(.text.ETH_LibInit)
</UL>
<P><STRONG><a name="[42]"></a>ETH_LedLinkSet</STRONG> (Thumb, 24 bytes, Stack size 0 bytes, eth_driver_d8w.o(.text.ETH_LedLinkSet))
<BR><BR>[Calls]<UL><LI><a href="#[6b]">&gt;&gt;</a>&nbsp;&nbsp;&nbsp;GPIO_SetBits
<LI><a href="#[6d]">&gt;&gt;</a>&nbsp;&nbsp;&nbsp;GPIO_ResetBits
</UL>
<BR>[Address Reference Count : 1]<UL><LI> eth_driver_d8w.o(.text.ETH_LibInit)
</UL>
<P><STRONG><a name="[6e]"></a>ETH_LibInit</STRONG> (Thumb, 134 bytes, Stack size 64 bytes, eth_driver_d8w.o(.text.ETH_LibInit))
<BR><BR>[Stack]<UL><LI>Max Depth = 524 + Unknown Stack Size
<LI>Call Chain = ETH_LibInit &rArr; WCHNET_Init &rArr; wch_ethernetif_init &rArr; netif_add &rArr; netif_set_addr &rArr; netif_set_ipaddr &rArr; tcp_abandon &rArr; tcp_pcb_remove &rArr; tcp_output &rArr; tcp_send_empty_ack &rArr; ip_output &rArr; ip_output_if &rArr; ip_frag &rArr; pbuf_alloc &rArr; pbuf_free &rArr; mem_free &rArr; plug_holes
</UL>
<BR>[Calls]<UL><LI><a href="#[70]">&gt;&gt;</a>&nbsp;&nbsp;&nbsp;WCHNET_Init
<LI><a href="#[6f]">&gt;&gt;</a>&nbsp;&nbsp;&nbsp;WCHNET_ConfigLIB
<LI><a href="#[68]">&gt;&gt;</a>&nbsp;&nbsp;&nbsp;ETH_Init
</UL>
<BR>[Called By]<UL><LI><a href="#[7f]">&gt;&gt;</a>&nbsp;&nbsp;&nbsp;vAppTcp_serverInit
</UL>

<P><STRONG><a name="[71]"></a>ETH_PHYLink</STRONG> (Thumb, 204 bytes, Stack size 16 bytes, eth_driver_d8w.o(.text.ETH_PHYLink))
<BR><BR>[Stack]<UL><LI>Max Depth = 24<LI>Call Chain = ETH_PHYLink &rArr; WCHNET_PhyStatus
</UL>
<BR>[Calls]<UL><LI><a href="#[72]">&gt;&gt;</a>&nbsp;&nbsp;&nbsp;WCHNET_PhyStatus
</UL>
<BR>[Called By]<UL><LI><a href="#[67]">&gt;&gt;</a>&nbsp;&nbsp;&nbsp;WCHNET_ETHIsr
</UL>

<P><STRONG><a name="[44]"></a>ETH_TxPktChainMode</STRONG> (Thumb, 86 bytes, Stack size 8 bytes, eth_driver_d8w.o(.text.ETH_TxPktChainMode))
<BR><BR>[Stack]<UL><LI>Max Depth = 8<LI>Call Chain = ETH_TxPktChainMode
</UL>
<BR>[Address Reference Count : 1]<UL><LI> eth_driver_d8w.o(.text.ETH_LibInit)
</UL>
<P><STRONG><a name="[6a]"></a>GPIO_Init</STRONG> (Thumb, 810 bytes, Stack size 16 bytes, ch32f20x_gpio.o(.text.GPIO_Init))
<BR><BR>[Stack]<UL><LI>Max Depth = 16<LI>Call Chain = GPIO_Init
</UL>
<BR>[Called By]<UL><LI><a href="#[68]">&gt;&gt;</a>&nbsp;&nbsp;&nbsp;ETH_Init
<LI><a href="#[7d]">&gt;&gt;</a>&nbsp;&nbsp;&nbsp;vGpio_initPins
</UL>

<P><STRONG><a name="[8e]"></a>GPIO_PinRemapConfig</STRONG> (Thumb, 202 bytes, Stack size 16 bytes, ch32f20x_gpio.o(.text.GPIO_PinRemapConfig))
<BR><BR>[Stack]<UL><LI>Max Depth = 16<LI>Call Chain = GPIO_PinRemapConfig
</UL>
<BR>[Called By]<UL><LI><a href="#[7d]">&gt;&gt;</a>&nbsp;&nbsp;&nbsp;vGpio_initPins
</UL>

<P><STRONG><a name="[8f]"></a>GPIO_ReadInputData</STRONG> (Thumb, 6 bytes, Stack size 0 bytes, ch32f20x_gpio.o(.text.GPIO_ReadInputData))
<BR><BR>[Called By]<UL><LI><a href="#[7e]">&gt;&gt;</a>&nbsp;&nbsp;&nbsp;vGpio_readSlaveConfigPins
</UL>

<P><STRONG><a name="[6d]"></a>GPIO_ResetBits</STRONG> (Thumb, 4 bytes, Stack size 0 bytes, ch32f20x_gpio.o(.text.GPIO_ResetBits))
<BR><BR>[Called By]<UL><LI><a href="#[43]">&gt;&gt;</a>&nbsp;&nbsp;&nbsp;ETH_LedDataSet
<LI><a href="#[42]">&gt;&gt;</a>&nbsp;&nbsp;&nbsp;ETH_LedLinkSet
</UL>

<P><STRONG><a name="[6b]"></a>GPIO_SetBits</STRONG> (Thumb, 4 bytes, Stack size 0 bytes, ch32f20x_gpio.o(.text.GPIO_SetBits))
<BR><BR>[Called By]<UL><LI><a href="#[68]">&gt;&gt;</a>&nbsp;&nbsp;&nbsp;ETH_Init
<LI><a href="#[43]">&gt;&gt;</a>&nbsp;&nbsp;&nbsp;ETH_LedDataSet
<LI><a href="#[42]">&gt;&gt;</a>&nbsp;&nbsp;&nbsp;ETH_LedLinkSet
</UL>

<P><STRONG><a name="[8d]"></a>GPIO_Write</STRONG> (Thumb, 4 bytes, Stack size 0 bytes, ch32f20x_gpio.o(.text.GPIO_Write))
<BR><BR>[Called By]<UL><LI><a href="#[7d]">&gt;&gt;</a>&nbsp;&nbsp;&nbsp;vGpio_initPins
</UL>

<P><STRONG><a name="[69]"></a>RCC_APB2PeriphClockCmd</STRONG> (Thumb, 24 bytes, Stack size 0 bytes, ch32f20x_rcc.o(.text.RCC_APB2PeriphClockCmd))
<BR><BR>[Called By]<UL><LI><a href="#[68]">&gt;&gt;</a>&nbsp;&nbsp;&nbsp;ETH_Init
<LI><a href="#[7d]">&gt;&gt;</a>&nbsp;&nbsp;&nbsp;vGpio_initPins
</UL>

<P><STRONG><a name="[6c]"></a>RCC_ETHDIVConfig</STRONG> (Thumb, 26 bytes, Stack size 0 bytes, ch32f20x_rcc.o(.text.RCC_ETHDIVConfig))
<BR><BR>[Called By]<UL><LI><a href="#[68]">&gt;&gt;</a>&nbsp;&nbsp;&nbsp;ETH_Init
</UL>

<P><STRONG><a name="[9]"></a>SysTick_Handler</STRONG> (Thumb, 50 bytes, Stack size 0 bytes, systick.o(.text.SysTick_Handler))
<BR><BR>[Calls]<UL><LI><a href="#[73]">&gt;&gt;</a>&nbsp;&nbsp;&nbsp;WCHNET_TimeIsr
</UL>
<BR>[Address Reference Count : 1]<UL><LI> startup_ch32f20x_d8w.o(RESET)
</UL>
<P><STRONG><a name="[7b]"></a>SystemCoreClockUpdate</STRONG> (Thumb, 150 bytes, Stack size 0 bytes, system_ch32f20x.o(.text.SystemCoreClockUpdate))
<BR><BR>[Called By]<UL><LI><a href="#[5c]">&gt;&gt;</a>&nbsp;&nbsp;&nbsp;main
</UL>

<P><STRONG><a name="[40]"></a>SystemInit</STRONG> (Thumb, 322 bytes, Stack size 8 bytes, system_ch32f20x.o(.text.SystemInit))
<BR><BR>[Stack]<UL><LI>Max Depth = 8<LI>Call Chain = SystemInit
</UL>
<BR>[Address Reference Count : 1]<UL><LI> startup_ch32f20x_d8w.o(.text)
</UL>
<P><STRONG><a name="[3b]"></a>TIM5_IRQHandler</STRONG> (Thumb, 38 bytes, Stack size 8 bytes, app_tcpserver.o(.text.TIM5_IRQHandler))
<BR><BR>[Stack]<UL><LI>Max Depth = 8<LI>Call Chain = TIM5_IRQHandler
</UL>
<BR>[Calls]<UL><LI><a href="#[75]">&gt;&gt;</a>&nbsp;&nbsp;&nbsp;TIM_ClearFlag
<LI><a href="#[74]">&gt;&gt;</a>&nbsp;&nbsp;&nbsp;TIM_SetAutoreload
<LI><a href="#[73]">&gt;&gt;</a>&nbsp;&nbsp;&nbsp;WCHNET_TimeIsr
</UL>
<BR>[Address Reference Count : 1]<UL><LI> startup_ch32f20x_d8w.o(RESET)
</UL>
<P><STRONG><a name="[75]"></a>TIM_ClearFlag</STRONG> (Thumb, 6 bytes, Stack size 0 bytes, ch32f20x_tim.o(.text.TIM_ClearFlag))
<BR><BR>[Called By]<UL><LI><a href="#[3b]">&gt;&gt;</a>&nbsp;&nbsp;&nbsp;TIM5_IRQHandler
</UL>

<P><STRONG><a name="[74]"></a>TIM_SetAutoreload</STRONG> (Thumb, 4 bytes, Stack size 0 bytes, ch32f20x_tim.o(.text.TIM_SetAutoreload))
<BR><BR>[Called By]<UL><LI><a href="#[3b]">&gt;&gt;</a>&nbsp;&nbsp;&nbsp;TIM5_IRQHandler
</UL>

<P><STRONG><a name="[67]"></a>WCHNET_ETHIsr</STRONG> (Thumb, 220 bytes, Stack size 16 bytes, eth_driver_d8w.o(.text.WCHNET_ETHIsr))
<BR><BR>[Stack]<UL><LI>Max Depth = 40<LI>Call Chain = WCHNET_ETHIsr &rArr; ETH_PHYLink &rArr; WCHNET_PhyStatus
</UL>
<BR>[Calls]<UL><LI><a href="#[71]">&gt;&gt;</a>&nbsp;&nbsp;&nbsp;ETH_PHYLink
</UL>
<BR>[Called By]<UL><LI><a href="#[37]">&gt;&gt;</a>&nbsp;&nbsp;&nbsp;ETH_IRQHandler
</UL>

<P><STRONG><a name="[8c]"></a>WCHNET_GetMacAddr</STRONG> (Thumb, 34 bytes, Stack size 0 bytes, eth_driver_d8w.o(.text.WCHNET_GetMacAddr))
<BR><BR>[Called By]<UL><LI><a href="#[7f]">&gt;&gt;</a>&nbsp;&nbsp;&nbsp;vAppTcp_serverInit
</UL>

<P><STRONG><a name="[76]"></a>WCHNET_HandlePhyNegotiation</STRONG> (Thumb, 170 bytes, Stack size 0 bytes, eth_driver_d8w.o(.text.WCHNET_HandlePhyNegotiation))
<BR><BR>[Calls]<UL><LI><a href="#[77]">&gt;&gt;</a>&nbsp;&nbsp;&nbsp;WCHNET_LinkProcess
</UL>
<BR>[Called By]<UL><LI><a href="#[78]">&gt;&gt;</a>&nbsp;&nbsp;&nbsp;WCHNET_MainTask
</UL>

<P><STRONG><a name="[77]"></a>WCHNET_LinkProcess</STRONG> (Thumb, 362 bytes, Stack size 0 bytes, eth_driver_d8w.o(.text.WCHNET_LinkProcess))
<BR><BR>[Called By]<UL><LI><a href="#[76]">&gt;&gt;</a>&nbsp;&nbsp;&nbsp;WCHNET_HandlePhyNegotiation
</UL>

<P><STRONG><a name="[78]"></a>WCHNET_MainTask</STRONG> (Thumb, 18 bytes, Stack size 8 bytes, eth_driver_d8w.o(.text.WCHNET_MainTask))
<BR><BR>[Stack]<UL><LI>Max Depth = 372<LI>Call Chain = WCHNET_MainTask &rArr; WCHNET_PeriodicHandle &rArr; tcp_tmr &rArr; tcp_fasttmr &rArr; tcp_recv_null &rArr; tcp_close &rArr; tcp_pcb_remove &rArr; tcp_output &rArr; tcp_send_empty_ack &rArr; ip_output &rArr; ip_output_if &rArr; ip_frag &rArr; pbuf_alloc &rArr; pbuf_free &rArr; mem_free &rArr; plug_holes
</UL>
<BR>[Calls]<UL><LI><a href="#[7a]">&gt;&gt;</a>&nbsp;&nbsp;&nbsp;WCHNET_PeriodicHandle
<LI><a href="#[79]">&gt;&gt;</a>&nbsp;&nbsp;&nbsp;WCHNET_NetInput
<LI><a href="#[76]">&gt;&gt;</a>&nbsp;&nbsp;&nbsp;WCHNET_HandlePhyNegotiation
</UL>
<BR>[Called By]<UL><LI><a href="#[5c]">&gt;&gt;</a>&nbsp;&nbsp;&nbsp;main
</UL>

<P><STRONG><a name="[73]"></a>WCHNET_TimeIsr</STRONG> (Thumb, 16 bytes, Stack size 0 bytes, eth_driver_d8w.o(.text.WCHNET_TimeIsr))
<BR><BR>[Called By]<UL><LI><a href="#[9]">&gt;&gt;</a>&nbsp;&nbsp;&nbsp;SysTick_Handler
<LI><a href="#[3b]">&gt;&gt;</a>&nbsp;&nbsp;&nbsp;TIM5_IRQHandler
</UL>

<P><STRONG><a name="[5c]"></a>main</STRONG> (Thumb, 70 bytes, Stack size 0 bytes, app_main.o(.text.main))
<BR><BR>[Stack]<UL><LI>Max Depth = 540 + Unknown Stack Size
<LI>Call Chain = main &rArr; vAppTcp_serverInit &rArr; ETH_LibInit &rArr; WCHNET_Init &rArr; wch_ethernetif_init &rArr; netif_add &rArr; netif_set_addr &rArr; netif_set_ipaddr &rArr; tcp_abandon &rArr; tcp_pcb_remove &rArr; tcp_output &rArr; tcp_send_empty_ack &rArr; ip_output &rArr; ip_output_if &rArr; ip_frag &rArr; pbuf_alloc &rArr; pbuf_free &rArr; mem_free &rArr; plug_holes
</UL>
<BR>[Calls]<UL><LI><a href="#[83]">&gt;&gt;</a>&nbsp;&nbsp;&nbsp;vAppTcp_handleIpInterrupt
<LI><a href="#[82]">&gt;&gt;</a>&nbsp;&nbsp;&nbsp;WCHNET_QueryGlobalInt
<LI><a href="#[78]">&gt;&gt;</a>&nbsp;&nbsp;&nbsp;WCHNET_MainTask
<LI><a href="#[81]">&gt;&gt;</a>&nbsp;&nbsp;&nbsp;vAppTcp_createRosListenSocket
<LI><a href="#[80]">&gt;&gt;</a>&nbsp;&nbsp;&nbsp;u8AppMsg_init
<LI><a href="#[7f]">&gt;&gt;</a>&nbsp;&nbsp;&nbsp;vAppTcp_serverInit
<LI><a href="#[7e]">&gt;&gt;</a>&nbsp;&nbsp;&nbsp;vGpio_readSlaveConfigPins
<LI><a href="#[7d]">&gt;&gt;</a>&nbsp;&nbsp;&nbsp;vGpio_initPins
<LI><a href="#[7c]">&gt;&gt;</a>&nbsp;&nbsp;&nbsp;vSystick_init
<LI><a href="#[7b]">&gt;&gt;</a>&nbsp;&nbsp;&nbsp;SystemCoreClockUpdate
</UL>
<BR>[Called By]<UL><LI><a href="#[5b]">&gt;&gt;</a>&nbsp;&nbsp;&nbsp;__rt_entry_main
</UL>

<P><STRONG><a name="[80]"></a>u8AppMsg_init</STRONG> (Thumb, 22 bytes, Stack size 0 bytes, app_msgtype.o(.text.u8AppMsg_init))
<BR><BR>[Called By]<UL><LI><a href="#[5c]">&gt;&gt;</a>&nbsp;&nbsp;&nbsp;main
</UL>

<P><STRONG><a name="[81]"></a>vAppTcp_createRosListenSocket</STRONG> (Thumb, 54 bytes, Stack size 8 bytes, app_tcpserver.o(.text.vAppTcp_createRosListenSocket))
<BR><BR>[Stack]<UL><LI>Max Depth = 412 + Unknown Stack Size
<LI>Call Chain = vAppTcp_createRosListenSocket &rArr; WCHNET_SocketCreat &rArr; tcp_new &rArr; tcp_alloc &rArr; tcp_abandon &rArr; tcp_pcb_remove &rArr; tcp_output &rArr; tcp_send_empty_ack &rArr; ip_output &rArr; ip_output_if &rArr; ip_frag &rArr; pbuf_alloc &rArr; pbuf_free &rArr; mem_free &rArr; plug_holes
</UL>
<BR>[Calls]<UL><LI><a href="#[85]">&gt;&gt;</a>&nbsp;&nbsp;&nbsp;WCHNET_SocketListen
<LI><a href="#[84]">&gt;&gt;</a>&nbsp;&nbsp;&nbsp;WCHNET_SocketCreat
</UL>
<BR>[Called By]<UL><LI><a href="#[5c]">&gt;&gt;</a>&nbsp;&nbsp;&nbsp;main
</UL>

<P><STRONG><a name="[83]"></a>vAppTcp_handleIpInterrupt</STRONG> (Thumb, 206 bytes, Stack size 16 bytes, app_tcpserver.o(.text.vAppTcp_handleIpInterrupt))
<BR><BR>[Stack]<UL><LI>Max Depth = 324<LI>Call Chain = vAppTcp_handleIpInterrupt &rArr; WCHNET_SocketRecv &rArr; tcp_recved_socket &rArr; tcp_output &rArr; tcp_send_empty_ack &rArr; ip_output &rArr; ip_output_if &rArr; ip_frag &rArr; pbuf_alloc &rArr; pbuf_free &rArr; mem_free &rArr; plug_holes
</UL>
<BR>[Calls]<UL><LI><a href="#[88]">&gt;&gt;</a>&nbsp;&nbsp;&nbsp;WCHNET_GetSocketInt
<LI><a href="#[87]">&gt;&gt;</a>&nbsp;&nbsp;&nbsp;WCHNET_GetPHYStatus
<LI><a href="#[86]">&gt;&gt;</a>&nbsp;&nbsp;&nbsp;WCHNET_GetGlobalInt
<LI><a href="#[8b]">&gt;&gt;</a>&nbsp;&nbsp;&nbsp;WCHNET_ModifyRecvBuf
<LI><a href="#[8a]">&gt;&gt;</a>&nbsp;&nbsp;&nbsp;WCHNET_SocketRecv
<LI><a href="#[89]">&gt;&gt;</a>&nbsp;&nbsp;&nbsp;WCHNET_SocketRecvLen
</UL>
<BR>[Called By]<UL><LI><a href="#[5c]">&gt;&gt;</a>&nbsp;&nbsp;&nbsp;main
</UL>

<P><STRONG><a name="[7f]"></a>vAppTcp_serverInit</STRONG> (Thumb, 46 bytes, Stack size 16 bytes, app_tcpserver.o(.text.vAppTcp_serverInit))
<BR><BR>[Stack]<UL><LI>Max Depth = 540 + Unknown Stack Size
<LI>Call Chain = vAppTcp_serverInit &rArr; ETH_LibInit &rArr; WCHNET_Init &rArr; wch_ethernetif_init &rArr; netif_add &rArr; netif_set_addr &rArr; netif_set_ipaddr &rArr; tcp_abandon &rArr; tcp_pcb_remove &rArr; tcp_output &rArr; tcp_send_empty_ack &rArr; ip_output &rArr; ip_output_if &rArr; ip_frag &rArr; pbuf_alloc &rArr; pbuf_free &rArr; mem_free &rArr; plug_holes
</UL>
<BR>[Calls]<UL><LI><a href="#[6e]">&gt;&gt;</a>&nbsp;&nbsp;&nbsp;ETH_LibInit
<LI><a href="#[8c]">&gt;&gt;</a>&nbsp;&nbsp;&nbsp;WCHNET_GetMacAddr
</UL>
<BR>[Called By]<UL><LI><a href="#[5c]">&gt;&gt;</a>&nbsp;&nbsp;&nbsp;main
</UL>

<P><STRONG><a name="[7d]"></a>vGpio_initPins</STRONG> (Thumb, 172 bytes, Stack size 16 bytes, gpio.o(.text.vGpio_initPins))
<BR><BR>[Stack]<UL><LI>Max Depth = 32<LI>Call Chain = vGpio_initPins &rArr; GPIO_PinRemapConfig
</UL>
<BR>[Calls]<UL><LI><a href="#[8e]">&gt;&gt;</a>&nbsp;&nbsp;&nbsp;GPIO_PinRemapConfig
<LI><a href="#[8d]">&gt;&gt;</a>&nbsp;&nbsp;&nbsp;GPIO_Write
<LI><a href="#[6a]">&gt;&gt;</a>&nbsp;&nbsp;&nbsp;GPIO_Init
<LI><a href="#[69]">&gt;&gt;</a>&nbsp;&nbsp;&nbsp;RCC_APB2PeriphClockCmd
</UL>
<BR>[Called By]<UL><LI><a href="#[5c]">&gt;&gt;</a>&nbsp;&nbsp;&nbsp;main
</UL>

<P><STRONG><a name="[7e]"></a>vGpio_readSlaveConfigPins</STRONG> (Thumb, 22 bytes, Stack size 8 bytes, gpio.o(.text.vGpio_readSlaveConfigPins))
<BR><BR>[Stack]<UL><LI>Max Depth = 8<LI>Call Chain = vGpio_readSlaveConfigPins
</UL>
<BR>[Calls]<UL><LI><a href="#[8f]">&gt;&gt;</a>&nbsp;&nbsp;&nbsp;GPIO_ReadInputData
</UL>
<BR>[Called By]<UL><LI><a href="#[5c]">&gt;&gt;</a>&nbsp;&nbsp;&nbsp;main
</UL>

<P><STRONG><a name="[7c]"></a>vSystick_init</STRONG> (Thumb, 48 bytes, Stack size 0 bytes, systick.o(.text.vSystick_init))
<BR><BR>[Called By]<UL><LI><a href="#[5c]">&gt;&gt;</a>&nbsp;&nbsp;&nbsp;main
</UL>

<P><STRONG><a name="[b1]"></a>ErrorEncode</STRONG> (Thumb, 14 bytes, Stack size 0 bytes, socket.o(i.ErrorEncode))
<BR><BR>[Called By]<UL><LI><a href="#[84]">&gt;&gt;</a>&nbsp;&nbsp;&nbsp;WCHNET_SocketCreat
</UL>

<P><STRONG><a name="[d8]"></a>GetChipID</STRONG> (Thumb, 12 bytes, Stack size 0 bytes, eth_api.o(i.GetChipID))
<BR><BR>[Called By]<UL><LI><a href="#[d7]">&gt;&gt;</a>&nbsp;&nbsp;&nbsp;getTxBuffAddr
</UL>

<P><STRONG><a name="[91]"></a>IPCheckParaInit</STRONG> (Thumb, 22 bytes, Stack size 0 bytes, ipcheck.o(i.IPCheckParaInit))
<BR><BR>[Called By]<UL><LI><a href="#[90]">&gt;&gt;</a>&nbsp;&nbsp;&nbsp;IPCheckTmr
<LI><a href="#[72]">&gt;&gt;</a>&nbsp;&nbsp;&nbsp;WCHNET_PhyStatus
<LI><a href="#[93]">&gt;&gt;</a>&nbsp;&nbsp;&nbsp;IPConflictHandle
</UL>

<P><STRONG><a name="[90]"></a>IPCheckTmr</STRONG> (Thumb, 48 bytes, Stack size 0 bytes, ipcheck.o(i.IPCheckTmr))
<BR><BR>[Stack]<UL><LI>Max Depth = 140<LI>Call Chain = IPCheckTmr &rArr; SelIPARPSend &rArr; etharp_request &rArr; etharp_raw &rArr; pbuf_alloc &rArr; pbuf_free &rArr; mem_free &rArr; plug_holes
</UL>
<BR>[Calls]<UL><LI><a href="#[92]">&gt;&gt;</a>&nbsp;&nbsp;&nbsp;SelIPARPSend
<LI><a href="#[91]">&gt;&gt;</a>&nbsp;&nbsp;&nbsp;IPCheckParaInit
</UL>
<BR>[Called By]<UL><LI><a href="#[7a]">&gt;&gt;</a>&nbsp;&nbsp;&nbsp;WCHNET_PeriodicHandle
</UL>

<P><STRONG><a name="[93]"></a>IPConflictHandle</STRONG> (Thumb, 32 bytes, Stack size 4 bytes, ipcheck.o(i.IPConflictHandle))
<BR><BR>[Stack]<UL><LI>Max Depth = 4<LI>Call Chain = IPConflictHandle
</UL>
<BR>[Calls]<UL><LI><a href="#[91]">&gt;&gt;</a>&nbsp;&nbsp;&nbsp;IPCheckParaInit
</UL>
<BR>[Called By]<UL><LI><a href="#[ce]">&gt;&gt;</a>&nbsp;&nbsp;&nbsp;update_arp_entry
</UL>

<P><STRONG><a name="[d3]"></a>LwipArpCheck</STRONG> (Thumb, 8 bytes, Stack size 0 bytes, socket.o(i.LwipArpCheck))
<BR><BR>[Called By]<UL><LI><a href="#[d1]">&gt;&gt;</a>&nbsp;&nbsp;&nbsp;etharp_query
</UL>

<P><STRONG><a name="[94]"></a>LwipRemoveTcpPcb</STRONG> (Thumb, 100 bytes, Stack size 24 bytes, socket.o(i.LwipRemoveTcpPcb))
<BR><BR>[Stack]<UL><LI>Max Depth = 40<LI>Call Chain = LwipRemoveTcpPcb &rArr; WCHScokedIntHandle &rArr;  tcp_close (Cycle)
</UL>
<BR>[Calls]<UL><LI><a href="#[96]">&gt;&gt;</a>&nbsp;&nbsp;&nbsp;WCHScokedIntHandle
<LI><a href="#[95]">&gt;&gt;</a>&nbsp;&nbsp;&nbsp;WCHFindCorrectTCBPcb
</UL>
<BR>[Called By]<UL><LI><a href="#[97]">&gt;&gt;</a>&nbsp;&nbsp;&nbsp;RemoveTimeWaiTCP
<LI><a href="#[b5]">&gt;&gt;</a>&nbsp;&nbsp;&nbsp;tcp_close
<LI><a href="#[ff]">&gt;&gt;</a>&nbsp;&nbsp;&nbsp;tcp_abandon
<LI><a href="#[ec]">&gt;&gt;</a>&nbsp;&nbsp;&nbsp;tcp_input
<LI><a href="#[11f]">&gt;&gt;</a>&nbsp;&nbsp;&nbsp;tcp_slowtmr
</UL>

<P><STRONG><a name="[4c]"></a>LwipTCPPollCallBack</STRONG> (Thumb, 4 bytes, Stack size 0 bytes, socket.o(i.LwipTCPPollCallBack))
<BR>[Address Reference Count : 1]<UL><LI> socket.o(i.WCHTCPServerAccept)
</UL>
<P><STRONG><a name="[4b]"></a>LwipTCPSendCallBack</STRONG> (Thumb, 52 bytes, Stack size 16 bytes, socket.o(i.LwipTCPSendCallBack))
<BR><BR>[Stack]<UL><LI>Max Depth = 16<LI>Call Chain = LwipTCPSendCallBack
</UL>
<BR>[Address Reference Count : 1]<UL><LI> socket.o(i.WCHTCPServerAccept)
</UL>
<P><STRONG><a name="[dc]"></a>LwipUnreachPort</STRONG> (Thumb, 18 bytes, Stack size 8 bytes, socket.o(i.LwipUnreachPort))
<BR><BR>[Stack]<UL><LI>Max Depth = 8<LI>Call Chain = LwipUnreachPort
</UL>
<BR>[Called By]<UL><LI><a href="#[db]">&gt;&gt;</a>&nbsp;&nbsp;&nbsp;icmp_input
</UL>

<P><STRONG><a name="[48]"></a>NET_TCPError</STRONG> (Thumb, 2 bytes, Stack size 0 bytes, socket.o(i.NET_TCPError))
<BR>[Address Reference Count : 2]<UL><LI> socket.o(i.WCHNET_SocketCreat)
<LI> socket.o(i.WCHTCPServerAccept)
</UL>
<P><STRONG><a name="[dd]"></a>QueryPingEnable</STRONG> (Thumb, 10 bytes, Stack size 0 bytes, socket.o(i.QueryPingEnable))
<BR><BR>[Called By]<UL><LI><a href="#[db]">&gt;&gt;</a>&nbsp;&nbsp;&nbsp;icmp_input
</UL>

<P><STRONG><a name="[97]"></a>RemoveTimeWaiTCP</STRONG> (Thumb, 54 bytes, Stack size 24 bytes, tcp.o(i.RemoveTimeWaiTCP))
<BR><BR>[Stack]<UL><LI>Max Depth = 100<LI>Call Chain = RemoveTimeWaiTCP &rArr; tcp_pcb_purge &rArr; tcp_segs_free &rArr; tcp_seg_free &rArr; pbuf_free &rArr; mem_free &rArr; plug_holes
</UL>
<BR>[Calls]<UL><LI><a href="#[94]">&gt;&gt;</a>&nbsp;&nbsp;&nbsp;LwipRemoveTcpPcb
<LI><a href="#[98]">&gt;&gt;</a>&nbsp;&nbsp;&nbsp;tcp_pcb_purge
<LI><a href="#[99]">&gt;&gt;</a>&nbsp;&nbsp;&nbsp;memp_free
</UL>
<BR>[Called By]<UL><LI><a href="#[7a]">&gt;&gt;</a>&nbsp;&nbsp;&nbsp;WCHNET_PeriodicHandle
</UL>

<P><STRONG><a name="[92]"></a>SelIPARPSend</STRONG> (Thumb, 38 bytes, Stack size 16 bytes, ipcheck.o(i.SelIPARPSend))
<BR><BR>[Stack]<UL><LI>Max Depth = 140<LI>Call Chain = SelIPARPSend &rArr; etharp_request &rArr; etharp_raw &rArr; pbuf_alloc &rArr; pbuf_free &rArr; mem_free &rArr; plug_holes
</UL>
<BR>[Calls]<UL><LI><a href="#[9a]">&gt;&gt;</a>&nbsp;&nbsp;&nbsp;etharp_request
</UL>
<BR>[Called By]<UL><LI><a href="#[90]">&gt;&gt;</a>&nbsp;&nbsp;&nbsp;IPCheckTmr
<LI><a href="#[7a]">&gt;&gt;</a>&nbsp;&nbsp;&nbsp;WCHNET_PeriodicHandle
</UL>

<P><STRONG><a name="[46]"></a>SocketIPRAWReceive</STRONG> (Thumb, 184 bytes, Stack size 40 bytes, socket.o(i.SocketIPRAWReceive))
<BR><BR>[Stack]<UL><LI>Max Depth = 68<LI>Call Chain = SocketIPRAWReceive &rArr; pbuf_free &rArr; mem_free &rArr; plug_holes
</UL>
<BR>[Calls]<UL><LI><a href="#[9c]">&gt;&gt;</a>&nbsp;&nbsp;&nbsp;pbuf_header
<LI><a href="#[9e]">&gt;&gt;</a>&nbsp;&nbsp;&nbsp;pbuf_free
<LI><a href="#[9b]">&gt;&gt;</a>&nbsp;&nbsp;&nbsp;ntohs
<LI><a href="#[9d]">&gt;&gt;</a>&nbsp;&nbsp;&nbsp;__aeabi_memcpy
</UL>
<BR>[Address Reference Count : 1]<UL><LI> socket.o(i.WCHNET_SocketCreat)
</UL>
<P><STRONG><a name="[47]"></a>SocketUdpReceive</STRONG> (Thumb, 186 bytes, Stack size 56 bytes, socket.o(i.SocketUdpReceive))
<BR><BR>[Stack]<UL><LI>Max Depth = 84<LI>Call Chain = SocketUdpReceive &rArr; pbuf_free &rArr; mem_free &rArr; plug_holes
</UL>
<BR>[Calls]<UL><LI><a href="#[9e]">&gt;&gt;</a>&nbsp;&nbsp;&nbsp;pbuf_free
<LI><a href="#[9d]">&gt;&gt;</a>&nbsp;&nbsp;&nbsp;__aeabi_memcpy
</UL>
<BR>[Address Reference Count : 1]<UL><LI> socket.o(i.WCHNET_SocketCreat)
</UL>
<P><STRONG><a name="[95]"></a>WCHFindCorrectTCBPcb</STRONG> (Thumb, 86 bytes, Stack size 12 bytes, socket.o(i.WCHFindCorrectTCBPcb))
<BR><BR>[Stack]<UL><LI>Max Depth = 12<LI>Call Chain = WCHFindCorrectTCBPcb
</UL>
<BR>[Called By]<UL><LI><a href="#[94]">&gt;&gt;</a>&nbsp;&nbsp;&nbsp;LwipRemoveTcpPcb
<LI><a href="#[ec]">&gt;&gt;</a>&nbsp;&nbsp;&nbsp;tcp_input
</UL>

<P><STRONG><a name="[6f]"></a>WCHNET_ConfigLIB</STRONG> (Thumb, 220 bytes, Stack size 8 bytes, socket.o(i.WCHNET_ConfigLIB))
<BR><BR>[Stack]<UL><LI>Max Depth = 16 + Unknown Stack Size
<LI>Call Chain = WCHNET_ConfigLIB &rArr; __aeabi_memcpy4
</UL>
<BR>[Calls]<UL><LI><a href="#[9f]">&gt;&gt;</a>&nbsp;&nbsp;&nbsp;__aeabi_memclr4
<LI><a href="#[63]">&gt;&gt;</a>&nbsp;&nbsp;&nbsp;__aeabi_memcpy4
</UL>
<BR>[Called By]<UL><LI><a href="#[6e]">&gt;&gt;</a>&nbsp;&nbsp;&nbsp;ETH_LibInit
</UL>

<P><STRONG><a name="[86]"></a>WCHNET_GetGlobalInt</STRONG> (Thumb, 14 bytes, Stack size 4 bytes, socket.o(i.WCHNET_GetGlobalInt))
<BR><BR>[Stack]<UL><LI>Max Depth = 12<LI>Call Chain = WCHNET_GetGlobalInt &rArr; WCHNET_QueryGlobalInt
</UL>
<BR>[Calls]<UL><LI><a href="#[82]">&gt;&gt;</a>&nbsp;&nbsp;&nbsp;WCHNET_QueryGlobalInt
</UL>
<BR>[Called By]<UL><LI><a href="#[83]">&gt;&gt;</a>&nbsp;&nbsp;&nbsp;vAppTcp_handleIpInterrupt
</UL>

<P><STRONG><a name="[87]"></a>WCHNET_GetPHYStatus</STRONG> (Thumb, 8 bytes, Stack size 0 bytes, socket.o(i.WCHNET_GetPHYStatus))
<BR><BR>[Called By]<UL><LI><a href="#[7a]">&gt;&gt;</a>&nbsp;&nbsp;&nbsp;WCHNET_PeriodicHandle
<LI><a href="#[83]">&gt;&gt;</a>&nbsp;&nbsp;&nbsp;vAppTcp_handleIpInterrupt
<LI><a href="#[4e]">&gt;&gt;</a>&nbsp;&nbsp;&nbsp;low_level_output
</UL>

<P><STRONG><a name="[88]"></a>WCHNET_GetSocketInt</STRONG> (Thumb, 34 bytes, Stack size 0 bytes, socket.o(i.WCHNET_GetSocketInt))
<BR><BR>[Called By]<UL><LI><a href="#[83]">&gt;&gt;</a>&nbsp;&nbsp;&nbsp;vAppTcp_handleIpInterrupt
</UL>

<P><STRONG><a name="[70]"></a>WCHNET_Init</STRONG> (Thumb, 116 bytes, Stack size 24 bytes, socket.o(i.WCHNET_Init))
<BR><BR>[Stack]<UL><LI>Max Depth = 460 + Unknown Stack Size
<LI>Call Chain = WCHNET_Init &rArr; wch_ethernetif_init &rArr; netif_add &rArr; netif_set_addr &rArr; netif_set_ipaddr &rArr; tcp_abandon &rArr; tcp_pcb_remove &rArr; tcp_output &rArr; tcp_send_empty_ack &rArr; ip_output &rArr; ip_output_if &rArr; ip_frag &rArr; pbuf_alloc &rArr; pbuf_free &rArr; mem_free &rArr; plug_holes
</UL>
<BR>[Calls]<UL><LI><a href="#[a1]">&gt;&gt;</a>&nbsp;&nbsp;&nbsp;wch_ethernetif_init
<LI><a href="#[a0]">&gt;&gt;</a>&nbsp;&nbsp;&nbsp;WCHSocketInit
<LI><a href="#[9f]">&gt;&gt;</a>&nbsp;&nbsp;&nbsp;__aeabi_memclr4
</UL>
<BR>[Called By]<UL><LI><a href="#[6e]">&gt;&gt;</a>&nbsp;&nbsp;&nbsp;ETH_LibInit
</UL>

<P><STRONG><a name="[8b]"></a>WCHNET_ModifyRecvBuf</STRONG> (Thumb, 74 bytes, Stack size 8 bytes, socket.o(i.WCHNET_ModifyRecvBuf))
<BR><BR>[Stack]<UL><LI>Max Depth = 284<LI>Call Chain = WCHNET_ModifyRecvBuf &rArr; tcp_recved_socket &rArr; tcp_output &rArr; tcp_send_empty_ack &rArr; ip_output &rArr; ip_output_if &rArr; ip_frag &rArr; pbuf_alloc &rArr; pbuf_free &rArr; mem_free &rArr; plug_holes
</UL>
<BR>[Calls]<UL><LI><a href="#[a2]">&gt;&gt;</a>&nbsp;&nbsp;&nbsp;tcp_recved_socket
</UL>
<BR>[Called By]<UL><LI><a href="#[83]">&gt;&gt;</a>&nbsp;&nbsp;&nbsp;vAppTcp_handleIpInterrupt
</UL>

<P><STRONG><a name="[79]"></a>WCHNET_NetInput</STRONG> (Thumb, 6 bytes, Stack size 0 bytes, eth_api.o(i.WCHNET_NetInput))
<BR><BR>[Stack]<UL><LI>Max Depth = 92<LI>Call Chain = WCHNET_NetInput &rArr; ethernetif_input &rArr; low_level_input &rArr; pbuf_alloc &rArr; pbuf_free &rArr; mem_free &rArr; plug_holes
</UL>
<BR>[Calls]<UL><LI><a href="#[a3]">&gt;&gt;</a>&nbsp;&nbsp;&nbsp;ethernetif_input
</UL>
<BR>[Called By]<UL><LI><a href="#[78]">&gt;&gt;</a>&nbsp;&nbsp;&nbsp;WCHNET_MainTask
</UL>

<P><STRONG><a name="[7a]"></a>WCHNET_PeriodicHandle</STRONG> (Thumb, 326 bytes, Stack size 32 bytes, eth_api.o(i.WCHNET_PeriodicHandle))
<BR><BR>[Stack]<UL><LI>Max Depth = 364<LI>Call Chain = WCHNET_PeriodicHandle &rArr; tcp_tmr &rArr; tcp_fasttmr &rArr; tcp_recv_null &rArr; tcp_close &rArr; tcp_pcb_remove &rArr; tcp_output &rArr; tcp_send_empty_ack &rArr; ip_output &rArr; ip_output_if &rArr; ip_frag &rArr; pbuf_alloc &rArr; pbuf_free &rArr; mem_free &rArr; plug_holes
</UL>
<BR>[Calls]<UL><LI><a href="#[a7]">&gt;&gt;</a>&nbsp;&nbsp;&nbsp;etharp_tmr
<LI><a href="#[92]">&gt;&gt;</a>&nbsp;&nbsp;&nbsp;SelIPARPSend
<LI><a href="#[97]">&gt;&gt;</a>&nbsp;&nbsp;&nbsp;RemoveTimeWaiTCP
<LI><a href="#[90]">&gt;&gt;</a>&nbsp;&nbsp;&nbsp;IPCheckTmr
<LI><a href="#[87]">&gt;&gt;</a>&nbsp;&nbsp;&nbsp;WCHNET_GetPHYStatus
<LI><a href="#[a4]">&gt;&gt;</a>&nbsp;&nbsp;&nbsp;tcp_tmr
<LI><a href="#[a5]">&gt;&gt;</a>&nbsp;&nbsp;&nbsp;tcp_fastsendack
<LI><a href="#[a6]">&gt;&gt;</a>&nbsp;&nbsp;&nbsp;ip_reass_tmr
</UL>
<BR>[Called By]<UL><LI><a href="#[78]">&gt;&gt;</a>&nbsp;&nbsp;&nbsp;WCHNET_MainTask
</UL>

<P><STRONG><a name="[72]"></a>WCHNET_PhyStatus</STRONG> (Thumb, 68 bytes, Stack size 8 bytes, eth_api.o(i.WCHNET_PhyStatus))
<BR><BR>[Stack]<UL><LI>Max Depth = 8<LI>Call Chain = WCHNET_PhyStatus
</UL>
<BR>[Calls]<UL><LI><a href="#[91]">&gt;&gt;</a>&nbsp;&nbsp;&nbsp;IPCheckParaInit
</UL>
<BR>[Called By]<UL><LI><a href="#[71]">&gt;&gt;</a>&nbsp;&nbsp;&nbsp;ETH_PHYLink
</UL>

<P><STRONG><a name="[82]"></a>WCHNET_QueryGlobalInt</STRONG> (Thumb, 48 bytes, Stack size 8 bytes, socket.o(i.WCHNET_QueryGlobalInt))
<BR><BR>[Stack]<UL><LI>Max Depth = 8<LI>Call Chain = WCHNET_QueryGlobalInt
</UL>
<BR>[Called By]<UL><LI><a href="#[86]">&gt;&gt;</a>&nbsp;&nbsp;&nbsp;WCHNET_GetGlobalInt
<LI><a href="#[5c]">&gt;&gt;</a>&nbsp;&nbsp;&nbsp;main
</UL>

<P><STRONG><a name="[45]"></a>WCHNET_Rx</STRONG> (Thumb, 122 bytes, Stack size 12 bytes, eth_api.o(i.WCHNET_Rx))
<BR><BR>[Stack]<UL><LI>Max Depth = 12<LI>Call Chain = WCHNET_Rx
</UL>
<BR>[Address Reference Count : 1]<UL><LI> socket.o(i.WCHNET_ConfigLIB)
</UL>
<P><STRONG><a name="[84]"></a>WCHNET_SocketCreat</STRONG> (Thumb, 390 bytes, Stack size 40 bytes, socket.o(i.WCHNET_SocketCreat))
<BR><BR>[Stack]<UL><LI>Max Depth = 404 + Unknown Stack Size
<LI>Call Chain = WCHNET_SocketCreat &rArr; tcp_new &rArr; tcp_alloc &rArr; tcp_abandon &rArr; tcp_pcb_remove &rArr; tcp_output &rArr; tcp_send_empty_ack &rArr; ip_output &rArr; ip_output_if &rArr; ip_frag &rArr; pbuf_alloc &rArr; pbuf_free &rArr; mem_free &rArr; plug_holes
</UL>
<BR>[Calls]<UL><LI><a href="#[b2]">&gt;&gt;</a>&nbsp;&nbsp;&nbsp;udp_recv
<LI><a href="#[ac]">&gt;&gt;</a>&nbsp;&nbsp;&nbsp;udp_new
<LI><a href="#[b0]">&gt;&gt;</a>&nbsp;&nbsp;&nbsp;udp_connect
<LI><a href="#[af]">&gt;&gt;</a>&nbsp;&nbsp;&nbsp;udp_bind
<LI><a href="#[b3]">&gt;&gt;</a>&nbsp;&nbsp;&nbsp;tcp_new
<LI><a href="#[b7]">&gt;&gt;</a>&nbsp;&nbsp;&nbsp;tcp_err
<LI><a href="#[b5]">&gt;&gt;</a>&nbsp;&nbsp;&nbsp;tcp_close
<LI><a href="#[b4]">&gt;&gt;</a>&nbsp;&nbsp;&nbsp;tcp_bind
<LI><a href="#[b6]">&gt;&gt;</a>&nbsp;&nbsp;&nbsp;tcp_arg
<LI><a href="#[ab]">&gt;&gt;</a>&nbsp;&nbsp;&nbsp;raw_recv
<LI><a href="#[a8]">&gt;&gt;</a>&nbsp;&nbsp;&nbsp;raw_new
<LI><a href="#[aa]">&gt;&gt;</a>&nbsp;&nbsp;&nbsp;raw_connect
<LI><a href="#[a9]">&gt;&gt;</a>&nbsp;&nbsp;&nbsp;raw_bind
<LI><a href="#[ad]">&gt;&gt;</a>&nbsp;&nbsp;&nbsp;ntohl
<LI><a href="#[ae]">&gt;&gt;</a>&nbsp;&nbsp;&nbsp;ip_addr_isbroadcast
<LI><a href="#[9a]">&gt;&gt;</a>&nbsp;&nbsp;&nbsp;etharp_request
<LI><a href="#[a0]">&gt;&gt;</a>&nbsp;&nbsp;&nbsp;WCHSocketInit
<LI><a href="#[b1]">&gt;&gt;</a>&nbsp;&nbsp;&nbsp;ErrorEncode
</UL>
<BR>[Called By]<UL><LI><a href="#[81]">&gt;&gt;</a>&nbsp;&nbsp;&nbsp;vAppTcp_createRosListenSocket
</UL>

<P><STRONG><a name="[85]"></a>WCHNET_SocketListen</STRONG> (Thumb, 70 bytes, Stack size 16 bytes, socket.o(i.WCHNET_SocketListen))
<BR><BR>[Stack]<UL><LI>Max Depth = 32<LI>Call Chain = WCHNET_SocketListen &rArr; tcp_listen_with_backlog
</UL>
<BR>[Calls]<UL><LI><a href="#[b8]">&gt;&gt;</a>&nbsp;&nbsp;&nbsp;tcp_listen_with_backlog
<LI><a href="#[b6]">&gt;&gt;</a>&nbsp;&nbsp;&nbsp;tcp_arg
<LI><a href="#[b9]">&gt;&gt;</a>&nbsp;&nbsp;&nbsp;tcp_accept
</UL>
<BR>[Called By]<UL><LI><a href="#[81]">&gt;&gt;</a>&nbsp;&nbsp;&nbsp;vAppTcp_createRosListenSocket
</UL>

<P><STRONG><a name="[8a]"></a>WCHNET_SocketRecv</STRONG> (Thumb, 174 bytes, Stack size 32 bytes, socket.o(i.WCHNET_SocketRecv))
<BR><BR>[Stack]<UL><LI>Max Depth = 308<LI>Call Chain = WCHNET_SocketRecv &rArr; tcp_recved_socket &rArr; tcp_output &rArr; tcp_send_empty_ack &rArr; ip_output &rArr; ip_output_if &rArr; ip_frag &rArr; pbuf_alloc &rArr; pbuf_free &rArr; mem_free &rArr; plug_holes
</UL>
<BR>[Calls]<UL><LI><a href="#[a2]">&gt;&gt;</a>&nbsp;&nbsp;&nbsp;tcp_recved_socket
<LI><a href="#[9d]">&gt;&gt;</a>&nbsp;&nbsp;&nbsp;__aeabi_memcpy
</UL>
<BR>[Called By]<UL><LI><a href="#[83]">&gt;&gt;</a>&nbsp;&nbsp;&nbsp;vAppTcp_handleIpInterrupt
</UL>

<P><STRONG><a name="[89]"></a>WCHNET_SocketRecvLen</STRONG> (Thumb, 20 bytes, Stack size 0 bytes, socket.o(i.WCHNET_SocketRecvLen))
<BR><BR>[Called By]<UL><LI><a href="#[83]">&gt;&gt;</a>&nbsp;&nbsp;&nbsp;vAppTcp_handleIpInterrupt
</UL>

<P><STRONG><a name="[f4]"></a>WCHNET_Tx</STRONG> (Thumb, 32 bytes, Stack size 8 bytes, eth_api.o(i.WCHNET_Tx))
<BR><BR>[Stack]<UL><LI>Max Depth = 8<LI>Call Chain = WCHNET_Tx
</UL>
<BR>[Called By]<UL><LI><a href="#[4e]">&gt;&gt;</a>&nbsp;&nbsp;&nbsp;low_level_output
</UL>

<P><STRONG><a name="[96]"></a>WCHScokedIntHandle</STRONG> (Thumb, 70 bytes, Stack size 16 bytes, socket.o(i.WCHScokedIntHandle))
<BR><BR>[Stack]<UL><LI>Max Depth = 16 + In Cycle
<LI>Call Chain = WCHScokedIntHandle &rArr;  tcp_close (Cycle)
</UL>
<BR>[Calls]<UL><LI><a href="#[b5]">&gt;&gt;</a>&nbsp;&nbsp;&nbsp;tcp_close
</UL>
<BR>[Called By]<UL><LI><a href="#[49]">&gt;&gt;</a>&nbsp;&nbsp;&nbsp;WCHTCPServerAccept
<LI><a href="#[94]">&gt;&gt;</a>&nbsp;&nbsp;&nbsp;LwipRemoveTcpPcb
</UL>

<P><STRONG><a name="[a0]"></a>WCHSocketInit</STRONG> (Thumb, 42 bytes, Stack size 16 bytes, socket.o(i.WCHSocketInit))
<BR><BR>[Stack]<UL><LI>Max Depth = 24 + Unknown Stack Size
<LI>Call Chain = WCHSocketInit &rArr; __aeabi_memcpy4
</UL>
<BR>[Calls]<UL><LI><a href="#[9f]">&gt;&gt;</a>&nbsp;&nbsp;&nbsp;__aeabi_memclr4
<LI><a href="#[63]">&gt;&gt;</a>&nbsp;&nbsp;&nbsp;__aeabi_memcpy4
</UL>
<BR>[Called By]<UL><LI><a href="#[70]">&gt;&gt;</a>&nbsp;&nbsp;&nbsp;WCHNET_Init
<LI><a href="#[84]">&gt;&gt;</a>&nbsp;&nbsp;&nbsp;WCHNET_SocketCreat
</UL>

<P><STRONG><a name="[4a]"></a>WCHSocketTCPReceive</STRONG> (Thumb, 188 bytes, Stack size 40 bytes, socket.o(i.WCHSocketTCPReceive))
<BR><BR>[Stack]<UL><LI>Max Depth = 340<LI>Call Chain = WCHSocketTCPReceive &rArr; tcp_close &rArr; tcp_pcb_remove &rArr; tcp_output &rArr; tcp_send_empty_ack &rArr; ip_output &rArr; ip_output_if &rArr; ip_frag &rArr; pbuf_alloc &rArr; pbuf_free &rArr; mem_free &rArr; plug_holes
</UL>
<BR>[Calls]<UL><LI><a href="#[ba]">&gt;&gt;</a>&nbsp;&nbsp;&nbsp;tcp_update_rcv_ann_wnd
<LI><a href="#[b5]">&gt;&gt;</a>&nbsp;&nbsp;&nbsp;tcp_close
<LI><a href="#[9e]">&gt;&gt;</a>&nbsp;&nbsp;&nbsp;pbuf_free
<LI><a href="#[9d]">&gt;&gt;</a>&nbsp;&nbsp;&nbsp;__aeabi_memcpy
</UL>
<BR>[Address Reference Count : 1]<UL><LI> socket.o(i.WCHTCPServerAccept)
</UL>
<P><STRONG><a name="[49]"></a>WCHTCPServerAccept</STRONG> (Thumb, 144 bytes, Stack size 24 bytes, socket.o(i.WCHTCPServerAccept))
<BR><BR>[Stack]<UL><LI>Max Depth = 40 + Unknown Stack Size
<LI>Call Chain = WCHTCPServerAccept &rArr; WCHScokedIntHandle &rArr;  tcp_close (Cycle)
</UL>
<BR>[Calls]<UL><LI><a href="#[bc]">&gt;&gt;</a>&nbsp;&nbsp;&nbsp;tcp_sent
<LI><a href="#[bb]">&gt;&gt;</a>&nbsp;&nbsp;&nbsp;tcp_recv
<LI><a href="#[bd]">&gt;&gt;</a>&nbsp;&nbsp;&nbsp;tcp_poll
<LI><a href="#[b7]">&gt;&gt;</a>&nbsp;&nbsp;&nbsp;tcp_err
<LI><a href="#[b6]">&gt;&gt;</a>&nbsp;&nbsp;&nbsp;tcp_arg
<LI><a href="#[96]">&gt;&gt;</a>&nbsp;&nbsp;&nbsp;WCHScokedIntHandle
<LI><a href="#[9f]">&gt;&gt;</a>&nbsp;&nbsp;&nbsp;__aeabi_memclr4
</UL>
<BR>[Address Reference Count : 1]<UL><LI> socket.o(i.WCHNET_SocketListen)
</UL>
<P><STRONG><a name="[be]"></a>dhcp_arp_reply</STRONG> (Thumb, 30 bytes, Stack size 0 bytes, dhcp.o(i.dhcp_arp_reply))
<BR><BR>[Stack]<UL><LI>Max Depth = 252<LI>Call Chain = dhcp_arp_reply &rArr; dhcp_decline &rArr; udp_sendto_if &rArr; ip_output_if &rArr; ip_frag &rArr; pbuf_alloc &rArr; pbuf_free &rArr; mem_free &rArr; plug_holes
</UL>
<BR>[Calls]<UL><LI><a href="#[bf]">&gt;&gt;</a>&nbsp;&nbsp;&nbsp;dhcp_decline
</UL>
<BR>[Called By]<UL><LI><a href="#[cc]">&gt;&gt;</a>&nbsp;&nbsp;&nbsp;etharp_arp_input
</UL>

<P><STRONG><a name="[cc]"></a>etharp_arp_input</STRONG> (Thumb, 246 bytes, Stack size 32 bytes, etharp.o(i.etharp_arp_input))
<BR><BR>[Stack]<UL><LI>Max Depth = 284<LI>Call Chain = etharp_arp_input &rArr; dhcp_arp_reply &rArr; dhcp_decline &rArr; udp_sendto_if &rArr; ip_output_if &rArr; ip_frag &rArr; pbuf_alloc &rArr; pbuf_free &rArr; mem_free &rArr; plug_holes
</UL>
<BR>[Calls]<UL><LI><a href="#[9e]">&gt;&gt;</a>&nbsp;&nbsp;&nbsp;pbuf_free
<LI><a href="#[ce]">&gt;&gt;</a>&nbsp;&nbsp;&nbsp;update_arp_entry
<LI><a href="#[cd]">&gt;&gt;</a>&nbsp;&nbsp;&nbsp;htons
<LI><a href="#[be]">&gt;&gt;</a>&nbsp;&nbsp;&nbsp;dhcp_arp_reply
</UL>
<BR>[Called By]<UL><LI><a href="#[51]">&gt;&gt;</a>&nbsp;&nbsp;&nbsp;ethernet_input
</UL>

<P><STRONG><a name="[cf]"></a>etharp_ip_input</STRONG> (Thumb, 60 bytes, Stack size 16 bytes, etharp.o(i.etharp_ip_input))
<BR><BR>[Stack]<UL><LI>Max Depth = 84<LI>Call Chain = etharp_ip_input &rArr; update_arp_entry &rArr; find_entry
</UL>
<BR>[Calls]<UL><LI><a href="#[ce]">&gt;&gt;</a>&nbsp;&nbsp;&nbsp;update_arp_entry
<LI><a href="#[cd]">&gt;&gt;</a>&nbsp;&nbsp;&nbsp;htons
</UL>
<BR>[Called By]<UL><LI><a href="#[51]">&gt;&gt;</a>&nbsp;&nbsp;&nbsp;ethernet_input
</UL>

<P><STRONG><a name="[4d]"></a>etharp_output</STRONG> (Thumb, 178 bytes, Stack size 32 bytes, etharp.o(i.etharp_output))
<BR><BR>[Stack]<UL><LI>Max Depth = 196<LI>Call Chain = etharp_output &rArr; etharp_query &rArr; etharp_request &rArr; etharp_raw &rArr; pbuf_alloc &rArr; pbuf_free &rArr; mem_free &rArr; plug_holes
</UL>
<BR>[Calls]<UL><LI><a href="#[9c]">&gt;&gt;</a>&nbsp;&nbsp;&nbsp;pbuf_header
<LI><a href="#[ad]">&gt;&gt;</a>&nbsp;&nbsp;&nbsp;ntohl
<LI><a href="#[ae]">&gt;&gt;</a>&nbsp;&nbsp;&nbsp;ip_addr_isbroadcast
<LI><a href="#[d1]">&gt;&gt;</a>&nbsp;&nbsp;&nbsp;etharp_query
<LI><a href="#[d0]">&gt;&gt;</a>&nbsp;&nbsp;&nbsp;etharp_send_ip
</UL>
<BR>[Address Reference Count : 1]<UL><LI> ethernetif.o(i.ethernetif_init)
</UL>
<P><STRONG><a name="[d1]"></a>etharp_query</STRONG> (Thumb, 204 bytes, Stack size 40 bytes, etharp.o(i.etharp_query))
<BR><BR>[Stack]<UL><LI>Max Depth = 164<LI>Call Chain = etharp_query &rArr; etharp_request &rArr; etharp_raw &rArr; pbuf_alloc &rArr; pbuf_free &rArr; mem_free &rArr; plug_holes
</UL>
<BR>[Calls]<UL><LI><a href="#[ad]">&gt;&gt;</a>&nbsp;&nbsp;&nbsp;ntohl
<LI><a href="#[ae]">&gt;&gt;</a>&nbsp;&nbsp;&nbsp;ip_addr_isbroadcast
<LI><a href="#[9a]">&gt;&gt;</a>&nbsp;&nbsp;&nbsp;etharp_request
<LI><a href="#[d3]">&gt;&gt;</a>&nbsp;&nbsp;&nbsp;LwipArpCheck
<LI><a href="#[d2]">&gt;&gt;</a>&nbsp;&nbsp;&nbsp;find_entry
<LI><a href="#[d0]">&gt;&gt;</a>&nbsp;&nbsp;&nbsp;etharp_send_ip
</UL>
<BR>[Called By]<UL><LI><a href="#[4d]">&gt;&gt;</a>&nbsp;&nbsp;&nbsp;etharp_output
</UL>

<P><STRONG><a name="[9a]"></a>etharp_request</STRONG> (Thumb, 32 bytes, Stack size 24 bytes, etharp.o(i.etharp_request))
<BR><BR>[Stack]<UL><LI>Max Depth = 124<LI>Call Chain = etharp_request &rArr; etharp_raw &rArr; pbuf_alloc &rArr; pbuf_free &rArr; mem_free &rArr; plug_holes
</UL>
<BR>[Calls]<UL><LI><a href="#[d4]">&gt;&gt;</a>&nbsp;&nbsp;&nbsp;etharp_raw
</UL>
<BR>[Called By]<UL><LI><a href="#[a7]">&gt;&gt;</a>&nbsp;&nbsp;&nbsp;etharp_tmr
<LI><a href="#[92]">&gt;&gt;</a>&nbsp;&nbsp;&nbsp;SelIPARPSend
<LI><a href="#[84]">&gt;&gt;</a>&nbsp;&nbsp;&nbsp;WCHNET_SocketCreat
<LI><a href="#[d1]">&gt;&gt;</a>&nbsp;&nbsp;&nbsp;etharp_query
</UL>

<P><STRONG><a name="[a7]"></a>etharp_tmr</STRONG> (Thumb, 108 bytes, Stack size 32 bytes, etharp.o(i.etharp_tmr))
<BR><BR>[Stack]<UL><LI>Max Depth = 156<LI>Call Chain = etharp_tmr &rArr; etharp_request &rArr; etharp_raw &rArr; pbuf_alloc &rArr; pbuf_free &rArr; mem_free &rArr; plug_holes
</UL>
<BR>[Calls]<UL><LI><a href="#[9a]">&gt;&gt;</a>&nbsp;&nbsp;&nbsp;etharp_request
</UL>
<BR>[Called By]<UL><LI><a href="#[7a]">&gt;&gt;</a>&nbsp;&nbsp;&nbsp;WCHNET_PeriodicHandle
</UL>

<P><STRONG><a name="[51]"></a>ethernet_input</STRONG> (Thumb, 114 bytes, Stack size 24 bytes, etharp.o(i.ethernet_input))
<BR><BR>[Stack]<UL><LI>Max Depth = 500 + Unknown Stack Size
[...]
<LI><a href="#[e5]">&gt;&gt;</a>&nbsp;&nbsp;&nbsp;inet_chksum_pseudo
</UL>
<BR>[Called By]<UL><LI><a href="#[d5]">&gt;&gt;</a>&nbsp;&nbsp;&nbsp;ip_input
</UL>

<P><STRONG><a name="[ac]"></a>udp_new</STRONG> (Thumb, 26 bytes, Stack size 8 bytes, udp.o(i.udp_new))
<BR><BR>[Stack]<UL><LI>Max Depth = 8 + Unknown Stack Size
<LI>Call Chain = udp_new
</UL>
<BR>[Calls]<UL><LI><a href="#[9f]">&gt;&gt;</a>&nbsp;&nbsp;&nbsp;__aeabi_memclr4
<LI><a href="#[ef]">&gt;&gt;</a>&nbsp;&nbsp;&nbsp;memp_malloc
</UL>
<BR>[Called By]<UL><LI><a href="#[84]">&gt;&gt;</a>&nbsp;&nbsp;&nbsp;WCHNET_SocketCreat
</UL>

<P><STRONG><a name="[b2]"></a>udp_recv</STRONG> (Thumb, 6 bytes, Stack size 0 bytes, udp.o(i.udp_recv))
<BR><BR>[Called By]<UL><LI><a href="#[84]">&gt;&gt;</a>&nbsp;&nbsp;&nbsp;WCHNET_SocketCreat
</UL>

<P><STRONG><a name="[ca]"></a>udp_sendto_if</STRONG> (Thumb, 208 bytes, Stack size 48 bytes, udp.o(i.udp_sendto_if))
<BR><BR>[Stack]<UL><LI>Max Depth = 220<LI>Call Chain = udp_sendto_if &rArr; ip_output_if &rArr; ip_frag &rArr; pbuf_alloc &rArr; pbuf_free &rArr; mem_free &rArr; plug_holes
</UL>
<BR>[Calls]<UL><LI><a href="#[af]">&gt;&gt;</a>&nbsp;&nbsp;&nbsp;udp_bind
<LI><a href="#[9c]">&gt;&gt;</a>&nbsp;&nbsp;&nbsp;pbuf_header
<LI><a href="#[9e]">&gt;&gt;</a>&nbsp;&nbsp;&nbsp;pbuf_free
<LI><a href="#[c1]">&gt;&gt;</a>&nbsp;&nbsp;&nbsp;pbuf_alloc
<LI><a href="#[e5]">&gt;&gt;</a>&nbsp;&nbsp;&nbsp;inet_chksum_pseudo
<LI><a href="#[cd]">&gt;&gt;</a>&nbsp;&nbsp;&nbsp;htons
<LI><a href="#[e1]">&gt;&gt;</a>&nbsp;&nbsp;&nbsp;ip_output_if
<LI><a href="#[101]">&gt;&gt;</a>&nbsp;&nbsp;&nbsp;pbuf_chain
</UL>
<BR>[Called By]<UL><LI><a href="#[bf]">&gt;&gt;</a>&nbsp;&nbsp;&nbsp;dhcp_decline
</UL>

<P><STRONG><a name="[a1]"></a>wch_ethernetif_init</STRONG> (Thumb, 82 bytes, Stack size 32 bytes, ethernetif.o(i.wch_ethernetif_init))
<BR><BR>[Stack]<UL><LI>Max Depth = 436<LI>Call Chain = wch_ethernetif_init &rArr; netif_add &rArr; netif_set_addr &rArr; netif_set_ipaddr &rArr; tcp_abandon &rArr; tcp_pcb_remove &rArr; tcp_output &rArr; tcp_send_empty_ack &rArr; ip_output &rArr; ip_output_if &rArr; ip_frag &rArr; pbuf_alloc &rArr; pbuf_free &rArr; mem_free &rArr; plug_holes
</UL>
<BR>[Calls]<UL><LI><a href="#[121]">&gt;&gt;</a>&nbsp;&nbsp;&nbsp;netif_set_default
<LI><a href="#[fa]">&gt;&gt;</a>&nbsp;&nbsp;&nbsp;netif_add
<LI><a href="#[f5]">&gt;&gt;</a>&nbsp;&nbsp;&nbsp;lwip_init
</UL>
<BR>[Called By]<UL><LI><a href="#[70]">&gt;&gt;</a>&nbsp;&nbsp;&nbsp;WCHNET_Init
</UL>
<P>
<H3>
Local Symbols
</H3>
<P><STRONG><a name="[50]"></a>tcp_accept_null</STRONG> (Thumb, 6 bytes, Stack size 0 bytes, tcp.o(i.tcp_accept_null))
<BR>[Address Reference Count : 1]<UL><LI> tcp.o(i.tcp_listen_with_backlog)
</UL>
<P><STRONG><a name="[109]"></a>tcp_new_port</STRONG> (Thumb, 92 bytes, Stack size 20 bytes, tcp.o(i.tcp_new_port))
<BR><BR>[Stack]<UL><LI>Max Depth = 20<LI>Call Chain = tcp_new_port
</UL>
<BR>[Called By]<UL><LI><a href="#[b4]">&gt;&gt;</a>&nbsp;&nbsp;&nbsp;tcp_bind
</UL>

<P><STRONG><a name="[118]"></a>tcp_output_segment</STRONG> (Thumb, 200 bytes, Stack size 24 bytes, tcp_out.o(i.tcp_output_segment))
<BR><BR>[Stack]<UL><LI>Max Depth = 236<LI>Call Chain = tcp_output_segment &rArr; ip_output &rArr; ip_output_if &rArr; ip_frag &rArr; pbuf_alloc &rArr; pbuf_free &rArr; mem_free &rArr; plug_holes
</UL>
<BR>[Calls]<UL><LI><a href="#[ad]">&gt;&gt;</a>&nbsp;&nbsp;&nbsp;ntohl
<LI><a href="#[e2]">&gt;&gt;</a>&nbsp;&nbsp;&nbsp;ip_output
<LI><a href="#[e5]">&gt;&gt;</a>&nbsp;&nbsp;&nbsp;inet_chksum_pseudo
<LI><a href="#[cd]">&gt;&gt;</a>&nbsp;&nbsp;&nbsp;htons
<LI><a href="#[c2]">&gt;&gt;</a>&nbsp;&nbsp;&nbsp;htonl
<LI><a href="#[ed]">&gt;&gt;</a>&nbsp;&nbsp;&nbsp;ip_route
</UL>
<BR>[Called By]<UL><LI><a href="#[10b]">&gt;&gt;</a>&nbsp;&nbsp;&nbsp;tcp_output
</UL>

<P><STRONG><a name="[113]"></a>tcp_output_set_header</STRONG> (Thumb, 128 bytes, Stack size 24 bytes, tcp_out.o(i.tcp_output_set_header))
<BR><BR>[Stack]<UL><LI>Max Depth = 24<LI>Call Chain = tcp_output_set_header
</UL>
<BR>[Calls]<UL><LI><a href="#[9b]">&gt;&gt;</a>&nbsp;&nbsp;&nbsp;ntohs
<LI><a href="#[cd]">&gt;&gt;</a>&nbsp;&nbsp;&nbsp;htons
<LI><a href="#[c2]">&gt;&gt;</a>&nbsp;&nbsp;&nbsp;htonl
</UL>
<BR>[Called By]<UL><LI><a href="#[117]">&gt;&gt;</a>&nbsp;&nbsp;&nbsp;tcp_send_empty_ack
<LI><a href="#[120]">&gt;&gt;</a>&nbsp;&nbsp;&nbsp;tcp_zero_window_probe
<LI><a href="#[112]">&gt;&gt;</a>&nbsp;&nbsp;&nbsp;tcp_keepalive
</UL>

<P><STRONG><a name="[f0]"></a>ip_reass_chain_frag_into_datagram_and_validate</STRONG> (Thumb, 234 bytes, Stack size 32 bytes, ip_frag.o(i.ip_reass_chain_frag_into_datagram_and_validate))
<BR><BR>[Stack]<UL><LI>Max Depth = 60<LI>Call Chain = ip_reass_chain_frag_into_datagram_and_validate &rArr; pbuf_free &rArr; mem_free &rArr; plug_holes
</UL>
<BR>[Calls]<UL><LI><a href="#[9e]">&gt;&gt;</a>&nbsp;&nbsp;&nbsp;pbuf_free
<LI><a href="#[9b]">&gt;&gt;</a>&nbsp;&nbsp;&nbsp;ntohs
<LI><a href="#[ee]">&gt;&gt;</a>&nbsp;&nbsp;&nbsp;pbuf_clen
</UL>
<BR>[Called By]<UL><LI><a href="#[e9]">&gt;&gt;</a>&nbsp;&nbsp;&nbsp;ip_reass
</UL>

<P><STRONG><a name="[f1]"></a>ip_reass_dequeue_datagram</STRONG> (Thumb, 30 bytes, Stack size 8 bytes, ip_frag.o(i.ip_reass_dequeue_datagram))
<BR><BR>[Stack]<UL><LI>Max Depth = 8<LI>Call Chain = ip_reass_dequeue_datagram
</UL>
<BR>[Calls]<UL><LI><a href="#[99]">&gt;&gt;</a>&nbsp;&nbsp;&nbsp;memp_free
</UL>
<BR>[Called By]<UL><LI><a href="#[e9]">&gt;&gt;</a>&nbsp;&nbsp;&nbsp;ip_reass
<LI><a href="#[f2]">&gt;&gt;</a>&nbsp;&nbsp;&nbsp;ip_reass_free_complete_datagram
</UL>

<P><STRONG><a name="[f2]"></a>ip_reass_free_complete_datagram</STRONG> (Thumb, 106 bytes, Stack size 24 bytes, ip_frag.o(i.ip_reass_free_complete_datagram))
<BR><BR>[Stack]<UL><LI>Max Depth = 276<LI>Call Chain = ip_reass_free_complete_datagram &rArr; icmp_time_exceeded &rArr; icmp_send_response &rArr; ip_output &rArr; ip_output_if &rArr; ip_frag &rArr; pbuf_alloc &rArr; pbuf_free &rArr; mem_free &rArr; plug_holes
</UL>
<BR>[Calls]<UL><LI><a href="#[9e]">&gt;&gt;</a>&nbsp;&nbsp;&nbsp;pbuf_free
<LI><a href="#[9d]">&gt;&gt;</a>&nbsp;&nbsp;&nbsp;__aeabi_memcpy
<LI><a href="#[e3]">&gt;&gt;</a>&nbsp;&nbsp;&nbsp;icmp_time_exceeded
<LI><a href="#[f1]">&gt;&gt;</a>&nbsp;&nbsp;&nbsp;ip_reass_dequeue_datagram
<LI><a href="#[ee]">&gt;&gt;</a>&nbsp;&nbsp;&nbsp;pbuf_clen
</UL>
<BR>[Called By]<UL><LI><a href="#[a6]">&gt;&gt;</a>&nbsp;&nbsp;&nbsp;ip_reass_tmr
</UL>

<P><STRONG><a name="[d4]"></a>etharp_raw</STRONG> (Thumb, 166 bytes, Stack size 40 bytes, etharp.o(i.etharp_raw))
<BR><BR>[Stack]<UL><LI>Max Depth = 100<LI>Call Chain = etharp_raw &rArr; pbuf_alloc &rArr; pbuf_free &rArr; mem_free &rArr; plug_holes
</UL>
<BR>[Calls]<UL><LI><a href="#[9e]">&gt;&gt;</a>&nbsp;&nbsp;&nbsp;pbuf_free
<LI><a href="#[c1]">&gt;&gt;</a>&nbsp;&nbsp;&nbsp;pbuf_alloc
<LI><a href="#[cd]">&gt;&gt;</a>&nbsp;&nbsp;&nbsp;htons
</UL>
<BR>[Called By]<UL><LI><a href="#[9a]">&gt;&gt;</a>&nbsp;&nbsp;&nbsp;etharp_request
</UL>

<P><STRONG><a name="[d0]"></a>etharp_send_ip</STRONG> (Thumb, 54 bytes, Stack size 24 bytes, etharp.o(i.etharp_send_ip))
<BR><BR>[Stack]<UL><LI>Max Depth = 24<LI>Call Chain = etharp_send_ip
</UL>
<BR>[Calls]<UL><LI><a href="#[cd]">&gt;&gt;</a>&nbsp;&nbsp;&nbsp;htons
</UL>
<BR>[Called By]<UL><LI><a href="#[d1]">&gt;&gt;</a>&nbsp;&nbsp;&nbsp;etharp_query
<LI><a href="#[4d]">&gt;&gt;</a>&nbsp;&nbsp;&nbsp;etharp_output
</UL>

<P><STRONG><a name="[d2]"></a>find_entry</STRONG> (Thumb, 260 bytes, Stack size 36 bytes, etharp.o(i.find_entry))
<BR><BR>[Stack]<UL><LI>Max Depth = 36<LI>Call Chain = find_entry
</UL>
<BR>[Called By]<UL><LI><a href="#[d1]">&gt;&gt;</a>&nbsp;&nbsp;&nbsp;etharp_query
<LI><a href="#[ce]">&gt;&gt;</a>&nbsp;&nbsp;&nbsp;update_arp_entry
</UL>

<P><STRONG><a name="[ce]"></a>update_arp_entry</STRONG> (Thumb, 132 bytes, Stack size 32 bytes, etharp.o(i.update_arp_entry))
<BR><BR>[Stack]<UL><LI>Max Depth = 68<LI>Call Chain = update_arp_entry &rArr; find_entry
</UL>
<BR>[Calls]<UL><LI><a href="#[ad]">&gt;&gt;</a>&nbsp;&nbsp;&nbsp;ntohl
<LI><a href="#[ae]">&gt;&gt;</a>&nbsp;&nbsp;&nbsp;ip_addr_isbroadcast
<LI><a href="#[d2]">&gt;&gt;</a>&nbsp;&nbsp;&nbsp;find_entry
<LI><a href="#[93]">&gt;&gt;</a>&nbsp;&nbsp;&nbsp;IPConflictHandle
</UL>
<BR>[Called By]<UL><LI><a href="#[cf]">&gt;&gt;</a>&nbsp;&nbsp;&nbsp;etharp_ip_input
<LI><a href="#[cc]">&gt;&gt;</a>&nbsp;&nbsp;&nbsp;etharp_arp_input
</UL>

<P><STRONG><a name="[d6]"></a>low_level_input</STRONG> (Thumb, 78 bytes, Stack size 16 bytes, ethernetif.o(i.low_level_input))
<BR><BR>[Stack]<UL><LI>Max Depth = 76<LI>Call Chain = low_level_input &rArr; pbuf_alloc &rArr; pbuf_free &rArr; mem_free &rArr; plug_holes
</UL>
<BR>[Calls]<UL><LI><a href="#[f3]">&gt;&gt;</a>&nbsp;&nbsp;&nbsp;setRxBuffAddr
<LI><a href="#[c1]">&gt;&gt;</a>&nbsp;&nbsp;&nbsp;pbuf_alloc
<LI><a href="#[9d]">&gt;&gt;</a>&nbsp;&nbsp;&nbsp;__aeabi_memcpy
</UL>
<BR>[Called By]<UL><LI><a href="#[a3]">&gt;&gt;</a>&nbsp;&nbsp;&nbsp;ethernetif_input
</UL>

<P><STRONG><a name="[4e]"></a>low_level_output</STRONG> (Thumb, 82 bytes, Stack size 24 bytes, ethernetif.o(i.low_level_output))
<BR><BR>[Stack]<UL><LI>Max Depth = 44<LI>Call Chain = low_level_output &rArr; getTxBuffAddr
</UL>
<BR>[Calls]<UL><LI><a href="#[d7]">&gt;&gt;</a>&nbsp;&nbsp;&nbsp;getTxBuffAddr
<LI><a href="#[f4]">&gt;&gt;</a>&nbsp;&nbsp;&nbsp;WCHNET_Tx
<LI><a href="#[87]">&gt;&gt;</a>&nbsp;&nbsp;&nbsp;WCHNET_GetPHYStatus
<LI><a href="#[9d]">&gt;&gt;</a>&nbsp;&nbsp;&nbsp;__aeabi_memcpy
</UL>
<BR>[Address Reference Count : 1]<UL><LI> ethernetif.o(i.ethernetif_init)
</UL>
<P><STRONG><a name="[c0]"></a>dhcp_create_request</STRONG> (Thumb, 262 bytes, Stack size 16 bytes, dhcp.o(i.dhcp_create_request))
<BR><BR>[Stack]<UL><LI>Max Depth = 76<LI>Call Chain = dhcp_create_request &rArr; pbuf_alloc &rArr; pbuf_free &rArr; mem_free &rArr; plug_holes
</UL>
<BR>[Calls]<UL><LI><a href="#[c1]">&gt;&gt;</a>&nbsp;&nbsp;&nbsp;pbuf_alloc
<LI><a href="#[c2]">&gt;&gt;</a>&nbsp;&nbsp;&nbsp;htonl
</UL>
<BR>[Called By]<UL><LI><a href="#[bf]">&gt;&gt;</a>&nbsp;&nbsp;&nbsp;dhcp_decline
</UL>

<P><STRONG><a name="[bf]"></a>dhcp_decline</STRONG> (Thumb, 194 bytes, Stack size 32 bytes, dhcp.o(i.dhcp_decline))
<BR><BR>[Stack]<UL><LI>Max Depth = 252<LI>Call Chain = dhcp_decline &rArr; udp_sendto_if &rArr; ip_output_if &rArr; ip_frag &rArr; pbuf_alloc &rArr; pbuf_free &rArr; mem_free &rArr; plug_holes
</UL>
<BR>[Calls]<UL><LI><a href="#[ad]">&gt;&gt;</a>&nbsp;&nbsp;&nbsp;ntohl
<LI><a href="#[c3]">&gt;&gt;</a>&nbsp;&nbsp;&nbsp;dhcp_set_state
<LI><a href="#[c8]">&gt;&gt;</a>&nbsp;&nbsp;&nbsp;dhcp_option_trailer
<LI><a href="#[c7]">&gt;&gt;</a>&nbsp;&nbsp;&nbsp;dhcp_option_mac
<LI><a href="#[c6]">&gt;&gt;</a>&nbsp;&nbsp;&nbsp;dhcp_option_long
<LI><a href="#[c5]">&gt;&gt;</a>&nbsp;&nbsp;&nbsp;dhcp_option_byte
<LI><a href="#[c4]">&gt;&gt;</a>&nbsp;&nbsp;&nbsp;dhcp_option
<LI><a href="#[cb]">&gt;&gt;</a>&nbsp;&nbsp;&nbsp;dhcp_delete_request
<LI><a href="#[c0]">&gt;&gt;</a>&nbsp;&nbsp;&nbsp;dhcp_create_request
<LI><a href="#[ca]">&gt;&gt;</a>&nbsp;&nbsp;&nbsp;udp_sendto_if
<LI><a href="#[c9]">&gt;&gt;</a>&nbsp;&nbsp;&nbsp;pbuf_realloc
</UL>
<BR>[Called By]<UL><LI><a href="#[be]">&gt;&gt;</a>&nbsp;&nbsp;&nbsp;dhcp_arp_reply
</UL>

<P><STRONG><a name="[cb]"></a>dhcp_delete_request</STRONG> (Thumb, 28 bytes, Stack size 8 bytes, dhcp.o(i.dhcp_delete_request))
<BR><BR>[Stack]<UL><LI>Max Depth = 36<LI>Call Chain = dhcp_delete_request &rArr; pbuf_free &rArr; mem_free &rArr; plug_holes
</UL>
<BR>[Calls]<UL><LI><a href="#[9e]">&gt;&gt;</a>&nbsp;&nbsp;&nbsp;pbuf_free
</UL>
<BR>[Called By]<UL><LI><a href="#[bf]">&gt;&gt;</a>&nbsp;&nbsp;&nbsp;dhcp_decline
</UL>

<P><STRONG><a name="[c4]"></a>dhcp_option</STRONG> (Thumb, 32 bytes, Stack size 8 bytes, dhcp.o(i.dhcp_option))
<BR><BR>[Stack]<UL><LI>Max Depth = 8<LI>Call Chain = dhcp_option
</UL>
<BR>[Called By]<UL><LI><a href="#[bf]">&gt;&gt;</a>&nbsp;&nbsp;&nbsp;dhcp_decline
</UL>

<P><STRONG><a name="[c5]"></a>dhcp_option_byte</STRONG> (Thumb, 16 bytes, Stack size 0 bytes, dhcp.o(i.dhcp_option_byte))
<BR><BR>[Called By]<UL><LI><a href="#[bf]">&gt;&gt;</a>&nbsp;&nbsp;&nbsp;dhcp_decline
</UL>

<P><STRONG><a name="[c6]"></a>dhcp_option_long</STRONG> (Thumb, 66 bytes, Stack size 8 bytes, dhcp.o(i.dhcp_option_long))
<BR><BR>[Stack]<UL><LI>Max Depth = 8<LI>Call Chain = dhcp_option_long
</UL>
<BR>[Called By]<UL><LI><a href="#[bf]">&gt;&gt;</a>&nbsp;&nbsp;&nbsp;dhcp_decline
</UL>

<P><STRONG><a name="[c7]"></a>dhcp_option_mac</STRONG> (Thumb, 116 bytes, Stack size 8 bytes, dhcp.o(i.dhcp_option_mac))
<BR><BR>[Stack]<UL><LI>Max Depth = 8<LI>Call Chain = dhcp_option_mac
</UL>
<BR>[Called By]<UL><LI><a href="#[bf]">&gt;&gt;</a>&nbsp;&nbsp;&nbsp;dhcp_decline
</UL>

<P><STRONG><a name="[c8]"></a>dhcp_option_trailer</STRONG> (Thumb, 48 bytes, Stack size 0 bytes, dhcp.o(i.dhcp_option_trailer))
<BR><BR>[Called By]<UL><LI><a href="#[bf]">&gt;&gt;</a>&nbsp;&nbsp;&nbsp;dhcp_decline
</UL>

<P><STRONG><a name="[c3]"></a>dhcp_set_state</STRONG> (Thumb, 18 bytes, Stack size 0 bytes, dhcp.o(i.dhcp_set_state))
<BR><BR>[Called By]<UL><LI><a href="#[bf]">&gt;&gt;</a>&nbsp;&nbsp;&nbsp;dhcp_decline
</UL>

<P><STRONG><a name="[f9]"></a>plug_holes</STRONG> (Thumb, 78 bytes, Stack size 12 bytes, mem.o(i.plug_holes))
<BR><BR>[Stack]<UL><LI>Max Depth = 12<LI>Call Chain = plug_holes
</UL>
<BR>[Called By]<UL><LI><a href="#[f8]">&gt;&gt;</a>&nbsp;&nbsp;&nbsp;mem_free
</UL>

<P><STRONG><a name="[110]"></a>tcp_listen_input</STRONG> (Thumb, 290 bytes, Stack size 24 bytes, tcp_in.o(i.tcp_listen_input))
<BR><BR>[Stack]<UL><LI>Max Depth = 388 + Unknown Stack Size
<LI>Call Chain = tcp_listen_input &rArr; tcp_alloc &rArr; tcp_abandon &rArr; tcp_pcb_remove &rArr; tcp_output &rArr; tcp_send_empty_ack &rArr; ip_output &rArr; ip_output_if &rArr; ip_frag &rArr; pbuf_alloc &rArr; pbuf_free &rArr; mem_free &rArr; plug_holes
</UL>
<BR>[Calls]<UL><LI><a href="#[10b]">&gt;&gt;</a>&nbsp;&nbsp;&nbsp;tcp_output
<LI><a href="#[ff]">&gt;&gt;</a>&nbsp;&nbsp;&nbsp;tcp_abandon
<LI><a href="#[114]">&gt;&gt;</a>&nbsp;&nbsp;&nbsp;tcp_parseopt
<LI><a href="#[106]">&gt;&gt;</a>&nbsp;&nbsp;&nbsp;tcp_rst
<LI><a href="#[10d]">&gt;&gt;</a>&nbsp;&nbsp;&nbsp;tcp_enqueue
<LI><a href="#[10c]">&gt;&gt;</a>&nbsp;&nbsp;&nbsp;tcp_eff_send_mss
<LI><a href="#[107]">&gt;&gt;</a>&nbsp;&nbsp;&nbsp;tcp_alloc
</UL>
<BR>[Called By]<UL><LI><a href="#[ec]">&gt;&gt;</a>&nbsp;&nbsp;&nbsp;tcp_input
</UL>

<P><STRONG><a name="[115]"></a>tcp_oos_insert_segment</STRONG> (Thumb, 140 bytes, Stack size 24 bytes, tcp_in.o(i.tcp_oos_insert_segment))
<BR><BR>[Stack]<UL><LI>Max Depth = 84<LI>Call Chain = tcp_oos_insert_segment &rArr; tcp_segs_free &rArr; tcp_seg_free &rArr; pbuf_free &rArr; mem_free &rArr; plug_holes
</UL>
<BR>[Calls]<UL><LI><a href="#[9b]">&gt;&gt;</a>&nbsp;&nbsp;&nbsp;ntohs
<LI><a href="#[cd]">&gt;&gt;</a>&nbsp;&nbsp;&nbsp;htons
<LI><a href="#[105]">&gt;&gt;</a>&nbsp;&nbsp;&nbsp;tcp_segs_free
<LI><a href="#[116]">&gt;&gt;</a>&nbsp;&nbsp;&nbsp;tcp_seg_free
<LI><a href="#[c9]">&gt;&gt;</a>&nbsp;&nbsp;&nbsp;pbuf_realloc
</UL>
<BR>[Called By]<UL><LI><a href="#[119]">&gt;&gt;</a>&nbsp;&nbsp;&nbsp;tcp_receive
</UL>

<P><STRONG><a name="[114]"></a>tcp_parseopt</STRONG> (Thumb, 124 bytes, Stack size 16 bytes, tcp_in.o(i.tcp_parseopt))
<BR><BR>[Stack]<UL><LI>Max Depth = 16<LI>Call Chain = tcp_parseopt
</UL>
<BR>[Calls]<UL><LI><a href="#[9b]">&gt;&gt;</a>&nbsp;&nbsp;&nbsp;ntohs
</UL>
<BR>[Called By]<UL><LI><a href="#[111]">&gt;&gt;</a>&nbsp;&nbsp;&nbsp;tcp_process
<LI><a href="#[110]">&gt;&gt;</a>&nbsp;&nbsp;&nbsp;tcp_listen_input
</UL>

<P><STRONG><a name="[111]"></a>tcp_process</STRONG> (Thumb, 822 bytes, Stack size 48 bytes, tcp_in.o(i.tcp_process))
<BR><BR>[Stack]<UL><LI>Max Depth = 388<LI>Call Chain = tcp_process &rArr; tcp_abandon &rArr; tcp_pcb_remove &rArr; tcp_output &rArr; tcp_send_empty_ack &rArr; ip_output &rArr; ip_output_if &rArr; ip_frag &rArr; pbuf_alloc &rArr; pbuf_free &rArr; mem_free &rArr; plug_holes
</UL>
<BR>[Calls]<UL><LI><a href="#[10b]">&gt;&gt;</a>&nbsp;&nbsp;&nbsp;tcp_output
<LI><a href="#[ff]">&gt;&gt;</a>&nbsp;&nbsp;&nbsp;tcp_abandon
<LI><a href="#[ad]">&gt;&gt;</a>&nbsp;&nbsp;&nbsp;ntohl
<LI><a href="#[119]">&gt;&gt;</a>&nbsp;&nbsp;&nbsp;tcp_receive
<LI><a href="#[114]">&gt;&gt;</a>&nbsp;&nbsp;&nbsp;tcp_parseopt
<LI><a href="#[11a]">&gt;&gt;</a>&nbsp;&nbsp;&nbsp;tcp_rexmit
<LI><a href="#[106]">&gt;&gt;</a>&nbsp;&nbsp;&nbsp;tcp_rst
<LI><a href="#[116]">&gt;&gt;</a>&nbsp;&nbsp;&nbsp;tcp_seg_free
<LI><a href="#[98]">&gt;&gt;</a>&nbsp;&nbsp;&nbsp;tcp_pcb_purge
<LI><a href="#[10c]">&gt;&gt;</a>&nbsp;&nbsp;&nbsp;tcp_eff_send_mss
</UL>
<BR>[Called By]<UL><LI><a href="#[ec]">&gt;&gt;</a>&nbsp;&nbsp;&nbsp;tcp_input
</UL>

<P><STRONG><a name="[119]"></a>tcp_receive</STRONG> (Thumb, 1736 bytes, Stack size 40 bytes, tcp_in.o(i.tcp_receive))
<BR><BR>[Stack]<UL><LI>Max Depth = 308<LI>Call Chain = tcp_receive &rArr; tcp_output &rArr; tcp_send_empty_ack &rArr; ip_output &rArr; ip_output_if &rArr; ip_frag &rArr; pbuf_alloc &rArr; pbuf_free &rArr; mem_free &rArr; plug_holes
</UL>
<BR>[Calls]<UL><LI><a href="#[ba]">&gt;&gt;</a>&nbsp;&nbsp;&nbsp;tcp_update_rcv_ann_wnd
<LI><a href="#[10b]">&gt;&gt;</a>&nbsp;&nbsp;&nbsp;tcp_output
<LI><a href="#[9c]">&gt;&gt;</a>&nbsp;&nbsp;&nbsp;pbuf_header
<LI><a href="#[9b]">&gt;&gt;</a>&nbsp;&nbsp;&nbsp;ntohs
<LI><a href="#[ad]">&gt;&gt;</a>&nbsp;&nbsp;&nbsp;ntohl
<LI><a href="#[115]">&gt;&gt;</a>&nbsp;&nbsp;&nbsp;tcp_oos_insert_segment
<LI><a href="#[cd]">&gt;&gt;</a>&nbsp;&nbsp;&nbsp;htons
<LI><a href="#[117]">&gt;&gt;</a>&nbsp;&nbsp;&nbsp;tcp_send_empty_ack
<LI><a href="#[11b]">&gt;&gt;</a>&nbsp;&nbsp;&nbsp;tcp_rexmit_fast
<LI><a href="#[116]">&gt;&gt;</a>&nbsp;&nbsp;&nbsp;tcp_seg_free
<LI><a href="#[11c]">&gt;&gt;</a>&nbsp;&nbsp;&nbsp;tcp_seg_copy
<LI><a href="#[c9]">&gt;&gt;</a>&nbsp;&nbsp;&nbsp;pbuf_realloc
<LI><a href="#[ee]">&gt;&gt;</a>&nbsp;&nbsp;&nbsp;pbuf_clen
<LI><a href="#[e7]">&gt;&gt;</a>&nbsp;&nbsp;&nbsp;pbuf_cat
</UL>
<BR>[Called By]<UL><LI><a href="#[111]">&gt;&gt;</a>&nbsp;&nbsp;&nbsp;tcp_process
</UL>

<P><STRONG><a name="[10f]"></a>tcp_timewait_input</STRONG> (Thumb, 100 bytes, Stack size 24 bytes, tcp_in.o(i.tcp_timewait_input))
<BR><BR>[Stack]<UL><LI>Max Depth = 292<LI>Call Chain = tcp_timewait_input &rArr; tcp_output &rArr; tcp_send_empty_ack &rArr; ip_output &rArr; ip_output_if &rArr; ip_frag &rArr; pbuf_alloc &rArr; pbuf_free &rArr; mem_free &rArr; plug_holes
</UL>
<BR>[Calls]<UL><LI><a href="#[10b]">&gt;&gt;</a>&nbsp;&nbsp;&nbsp;tcp_output
<LI><a href="#[106]">&gt;&gt;</a>&nbsp;&nbsp;&nbsp;tcp_rst
</UL>
<BR>[Called By]<UL><LI><a href="#[ec]">&gt;&gt;</a>&nbsp;&nbsp;&nbsp;tcp_input
</UL>

<P><STRONG><a name="[da]"></a>icmp_send_response</STRONG> (Thumb, 102 bytes, Stack size 40 bytes, icmp.o(i.icmp_send_response))
<BR><BR>[Stack]<UL><LI>Max Depth = 252<LI>Call Chain = icmp_send_response &rArr; ip_output &rArr; ip_output_if &rArr; ip_frag &rArr; pbuf_alloc &rArr; pbuf_free &rArr; mem_free &rArr; plug_holes
</UL>
<BR>[Calls]<UL><LI><a href="#[9e]">&gt;&gt;</a>&nbsp;&nbsp;&nbsp;pbuf_free
<LI><a href="#[c1]">&gt;&gt;</a>&nbsp;&nbsp;&nbsp;pbuf_alloc
<LI><a href="#[9d]">&gt;&gt;</a>&nbsp;&nbsp;&nbsp;__aeabi_memcpy
<LI><a href="#[e0]">&gt;&gt;</a>&nbsp;&nbsp;&nbsp;inet_chksum
<LI><a href="#[e2]">&gt;&gt;</a>&nbsp;&nbsp;&nbsp;ip_output
</UL>
<BR>[Called By]<UL><LI><a href="#[e3]">&gt;&gt;</a>&nbsp;&nbsp;&nbsp;icmp_time_exceeded
<LI><a href="#[d9]">&gt;&gt;</a>&nbsp;&nbsp;&nbsp;icmp_dest_unreach
</UL>

<P><STRONG><a name="[e4]"></a>lwip_standard_chksum</STRONG> (Thumb, 60 bytes, Stack size 8 bytes, inet_chksum.o(i.lwip_standard_chksum))
<BR><BR>[Stack]<UL><LI>Max Depth = 8<LI>Call Chain = lwip_standard_chksum
</UL>
<BR>[Calls]<UL><LI><a href="#[cd]">&gt;&gt;</a>&nbsp;&nbsp;&nbsp;htons
</UL>
<BR>[Called By]<UL><LI><a href="#[de]">&gt;&gt;</a>&nbsp;&nbsp;&nbsp;inet_chksum_pbuf
<LI><a href="#[e0]">&gt;&gt;</a>&nbsp;&nbsp;&nbsp;inet_chksum
<LI><a href="#[e5]">&gt;&gt;</a>&nbsp;&nbsp;&nbsp;inet_chksum_pseudo
</UL>
<P>
<H3>
Undefined Global Symbols
</H3><HR></body></html>
