Component: Arm Compiler for Embedded 6.22 Tool: armlink [5ee90200]

==============================================================================

Section Cross References

    main.o(.ARM.exidx.text.NMI_Handler) refers to main.o(.text.NMI_Handler) for [Anonymous Symbol]
    main.o(.ARM.exidx.text.HardFault_Handler) refers to main.o(.text.HardFault_Handler) for [Anonymous Symbol]
    main.o(.ARM.exidx.text.MemManage_Handler) refers to main.o(.text.MemManage_Handler) for [Anonymous Symbol]
    main.o(.ARM.exidx.text.BusFault_Handler) refers to main.o(.text.BusFault_Handler) for [Anonymous Symbol]
    main.o(.ARM.exidx.text.UsageFault_Handler) refers to main.o(.text.UsageFault_Handler) for [Anonymous Symbol]
    main.o(.text.main) refers to app_robot_runner.o(.text.app_robot_appInit) for app_robot_appInit
    main.o(.text.main) refers to app_robot_runner.o(.text.app_robot_runner) for app_robot_runner
    main.o(.ARM.exidx.text.main) refers to main.o(.text.main) for [Anonymous Symbol]
    clk.o(.ARM.exidx.text.clk_init) refers to clk.o(.text.clk_init) for [Anonymous Symbol]
    ros_usart.o(.text.USART1_IRQHandler) refers to ros_usart.o(.bss.readDataCallback) for readDataCallback
    ros_usart.o(.ARM.exidx.text.USART1_IRQHandler) refers to ros_usart.o(.text.USART1_IRQHandler) for [Anonymous Symbol]
    ros_usart.o(.text.ROSusart_init) refers to ros_usart.o(.bss.readDataCallback) for readDataCallback
    ros_usart.o(.ARM.exidx.text.ROSusart_init) refers to ros_usart.o(.text.ROSusart_init) for [Anonymous Symbol]
    ros_usart.o(.ARM.exidx.text.ROSusart_checkTxEmpty) refers to ros_usart.o(.text.ROSusart_checkTxEmpty) for [Anonymous Symbol]
    ros_usart.o(.ARM.exidx.text.ROSusart_checkTxComplete) refers to ros_usart.o(.text.ROSusart_checkTxComplete) for [Anonymous Symbol]
    ros_usart.o(.ARM.exidx.text.ROSusart_transmitData) refers to ros_usart.o(.text.ROSusart_transmitData) for [Anonymous Symbol]
    spi.o(.ARM.exidx.text.spi_init) refers to spi.o(.text.spi_init) for [Anonymous Symbol]
    spi.o(.ARM.exidx.text.spi_getTXEmpty) refers to spi.o(.text.spi_getTXEmpty) for [Anonymous Symbol]
    spi.o(.ARM.exidx.text.spi_getRXNotEmpty) refers to spi.o(.text.spi_getRXNotEmpty) for [Anonymous Symbol]
    spi.o(.ARM.exidx.text.spi_getBusy) refers to spi.o(.text.spi_getBusy) for [Anonymous Symbol]
    spi.o(.ARM.exidx.text.spi_write) refers to spi.o(.text.spi_write) for [Anonymous Symbol]
    spi.o(.ARM.exidx.text.spi_read) refers to spi.o(.text.spi_read) for [Anonymous Symbol]
    spi.o(.text.spi_writeThenReadRequest) refers to spi.o(.bss.spi_fsm) for spi_fsm
    spi.o(.text.spi_writeThenReadRequest) refers to spi.o(.bss.spi_sel) for spi_sel
    spi.o(.text.spi_writeThenReadRequest) refers to spi.o(.bss.spi_desel) for spi_desel
    spi.o(.text.spi_writeThenReadRequest) refers to spi.o(.bss.wr_ptr) for wr_ptr
    spi.o(.text.spi_writeThenReadRequest) refers to spi.o(.bss.rd_ptr) for rd_ptr
    spi.o(.text.spi_writeThenReadRequest) refers to spi.o(.bss.spi_xfer_count) for spi_xfer_count
    spi.o(.ARM.exidx.text.spi_writeThenReadRequest) refers to spi.o(.text.spi_writeThenReadRequest) for [Anonymous Symbol]
    spi.o(.text.spi_ioPoll) refers to spi.o(.bss.spi_fsm) for spi_fsm
    spi.o(.text.spi_ioPoll) refers to spi.o(.bss.spi_sel) for spi_sel
    spi.o(.text.spi_ioPoll) refers to spi.o(.bss.rd_ptr) for rd_ptr
    spi.o(.text.spi_ioPoll) refers to spi.o(.bss.spi_xfer_count) for spi_xfer_count
    spi.o(.text.spi_ioPoll) refers to spi.o(.bss.wr_ptr) for wr_ptr
    spi.o(.text.spi_ioPoll) refers to spi.o(.bss.spi_desel) for spi_desel
    spi.o(.ARM.exidx.text.spi_ioPoll) refers to spi.o(.text.spi_ioPoll) for [Anonymous Symbol]
    spi.o(.text.spi_getFSMBusy) refers to spi.o(.bss.spi_fsm) for spi_fsm
    spi.o(.ARM.exidx.text.spi_getFSMBusy) refers to spi.o(.text.spi_getFSMBusy) for [Anonymous Symbol]
    tim_qdec.o(.ARM.exidx.text.tim_qdec_init) refers to tim_qdec.o(.text.tim_qdec_init) for [Anonymous Symbol]
    tim_qdec.o(.ARM.exidx.text.tim_qdec_getCount) refers to tim_qdec.o(.text.tim_qdec_getCount) for [Anonymous Symbol]
    tim_pwm.o(.ARM.exidx.text.tim_pwm_init) refers to tim_pwm.o(.text.tim_pwm_init) for [Anonymous Symbol]
    tim_pwm.o(.ARM.exidx.text.tim_pwm_updateCompare) refers to tim_pwm.o(.text.tim_pwm_updateCompare) for [Anonymous Symbol]
    i2c.o(.ARM.exidx.text.i2c_init) refers to i2c.o(.text.i2c_init) for [Anonymous Symbol]
    i2c.o(.text.i2c_writeRequest) refers to i2c.o(.bss.i2c_slave_addr) for i2c_slave_addr
    i2c.o(.text.i2c_writeRequest) refers to i2c.o(.bss.i2c_write_ptr) for i2c_write_ptr
    i2c.o(.text.i2c_writeRequest) refers to i2c.o(.bss.i2c_write_count) for i2c_write_count
    i2c.o(.text.i2c_writeRequest) refers to i2c.o(.bss.i2c_read_ptr) for i2c_read_ptr
    i2c.o(.text.i2c_writeRequest) refers to i2c.o(.bss.i2c_read_count) for i2c_read_count
    i2c.o(.text.i2c_writeRequest) refers to i2c.o(.bss.i2c_fsm) for i2c_fsm
[...]
    sys_command.o(.text) refers (Special) to indicate_semi.o(.text) for __semihosting_library_function
    sys_command_hlt.o(.text) refers (Special) to use_no_semi.o(.text) for __I$use$semihosting
    sys_command_hlt.o(.text) refers (Special) to indicate_semi.o(.text) for __semihosting_library_function
    defsig_rtmem_outer.o(.text) refers to defsig_rtmem_inner.o(.text) for __rt_SIGRTMEM_inner
    defsig_rtmem_outer.o(.text) refers to defsig_exit.o(.text) for __sig_exit
    defsig_rtmem_formal.o(.text) refers to rt_raise.o(.text) for __rt_raise
    rt_raise.o(.text) refers to __raise.o(.text) for __raise
    rt_raise.o(.text) refers to sys_exit.o(.text) for _sys_exit
    defsig_exit.o(.text) refers to sys_exit.o(.text) for _sys_exit
    defsig_rtmem_inner.o(.text) refers to defsig_general.o(.text) for __default_signal_display
    __raise.o(.text) refers to defsig.o(CL$$defsig) for __default_signal_handler
    defsig_general.o(.text) refers to sys_wrch.o(.text) for _ttywrch
    sys_wrch.o(.text) refers (Special) to use_no_semi.o(.text) for __I$use$semihosting
    sys_wrch.o(.text) refers (Special) to indicate_semi.o(.text) for __semihosting_library_function
    sys_wrch_hlt.o(.text) refers (Special) to use_no_semi.o(.text) for __I$use$semihosting
    sys_wrch_hlt.o(.text) refers (Special) to indicate_semi.o(.text) for __semihosting_library_function
    defsig.o(CL$$defsig) refers to defsig_rtmem_inner.o(.text) for __rt_SIGRTMEM_inner
    defsig_abrt_inner.o(.text) refers to defsig_general.o(.text) for __default_signal_display
    defsig_fpe_inner.o(.text) refers to defsig_general.o(.text) for __default_signal_display
    defsig_rtred_inner.o(.text) refers to defsig_general.o(.text) for __default_signal_display
    defsig_stak_inner.o(.text) refers to defsig_general.o(.text) for __default_signal_display
    defsig_pvfn_inner.o(.text) refers to defsig_general.o(.text) for __default_signal_display
    defsig_cppl_inner.o(.text) refers to defsig_general.o(.text) for __default_signal_display
    defsig_segv_inner.o(.text) refers to defsig_general.o(.text) for __default_signal_display
    defsig_other.o(.text) refers to defsig_general.o(.text) for __default_signal_display


==============================================================================

Removing Unused input sections from the image.

    Removing main.o(.text), (0 bytes).
    Removing main.o(.ARM.exidx.text.NMI_Handler), (8 bytes).
    Removing main.o(.ARM.exidx.text.HardFault_Handler), (8 bytes).
    Removing main.o(.ARM.exidx.text.MemManage_Handler), (8 bytes).
    Removing main.o(.ARM.exidx.text.BusFault_Handler), (8 bytes).
    Removing main.o(.ARM.exidx.text.UsageFault_Handler), (8 bytes).
    Removing main.o(.ARM.exidx.text.main), (8 bytes).
    Removing main.o(.ARM.use_no_argv), (4 bytes).
    Removing clk.o(.text), (0 bytes).
    Removing clk.o(.ARM.exidx.text.clk_init), (8 bytes).
    Removing ros_usart.o(.text), (0 bytes).
    Removing ros_usart.o(.ARM.exidx.text.USART1_IRQHandler), (8 bytes).
    Removing ros_usart.o(.ARM.exidx.text.ROSusart_init), (8 bytes).
    Removing ros_usart.o(.ARM.exidx.text.ROSusart_checkTxEmpty), (8 bytes).
    Removing ros_usart.o(.ARM.exidx.text.ROSusart_checkTxComplete), (8 bytes).
    Removing ros_usart.o(.ARM.exidx.text.ROSusart_transmitData), (8 bytes).
    Removing spi.o(.text), (0 bytes).
    Removing spi.o(.ARM.exidx.text.spi_init), (8 bytes).
    Removing spi.o(.text.spi_getTXEmpty), (16 bytes).
    Removing spi.o(.ARM.exidx.text.spi_getTXEmpty), (8 bytes).
    Removing spi.o(.text.spi_getRXNotEmpty), (16 bytes).
    Removing spi.o(.ARM.exidx.text.spi_getRXNotEmpty), (8 bytes).
    Removing spi.o(.text.spi_getBusy), (16 bytes).
    Removing spi.o(.ARM.exidx.text.spi_getBusy), (8 bytes).
    Removing spi.o(.text.spi_write), (12 bytes).
    Removing spi.o(.ARM.exidx.text.spi_write), (8 bytes).
    Removing spi.o(.text.spi_read), (12 bytes).
    Removing spi.o(.ARM.exidx.text.spi_read), (8 bytes).
    Removing spi.o(.ARM.exidx.text.spi_writeThenReadRequest), (8 bytes).
    Removing spi.o(.ARM.exidx.text.spi_ioPoll), (8 bytes).
    Removing spi.o(.ARM.exidx.text.spi_getFSMBusy), (8 bytes).
    Removing tim_qdec.o(.text), (0 bytes).
    Removing tim_qdec.o(.ARM.exidx.text.tim_qdec_init), (8 bytes).
    Removing tim_qdec.o(.ARM.exidx.text.tim_qdec_getCount), (8 bytes).
    Removing tim_pwm.o(.text), (0 bytes).
    Removing tim_pwm.o(.ARM.exidx.text.tim_pwm_init), (8 bytes).
    Removing tim_pwm.o(.ARM.exidx.text.tim_pwm_updateCompare), (8 bytes).
    Removing i2c.o(.text), (0 bytes).
    Removing i2c.o(.ARM.exidx.text.i2c_init), (8 bytes).
    Removing i2c.o(.ARM.exidx.text.i2c_writeRequest), (8 bytes).
    Removing i2c.o(.ARM.exidx.text.i2c_ioPoll), (8 bytes).
    Removing i2c.o(.ARM.exidx.text.i2c_getFSMBusy), (8 bytes).
    Removing i2c.o(.ARM.exidx.text.i2c_getSlaveNack), (8 bytes).
    Removing systick_millis.o(.text), (0 bytes).
    Removing systick_millis.o(.ARM.exidx.text.SysTick_Handler), (8 bytes).
    Removing systick_millis.o(.ARM.exidx.text.systick_init), (8 bytes).
    Removing systick_millis.o(.ARM.exidx.text.millis), (8 bytes).
    Removing app_ros_comm.o(.text), (0 bytes).
    Removing app_ros_comm.o(.ARM.exidx.text.app_ros_comm_init), (8 bytes).
    Removing app_ros_comm.o(.ARM.exidx.text.app_ros_comm_rxCallback), (8 bytes).
    Removing app_ros_comm.o(.text.app_ros_comm_txPoll), (120 bytes).
    Removing app_ros_comm.o(.ARM.exidx.text.app_ros_comm_txPoll), (8 bytes).
    Removing app_ros_comm.o(.ARM.exidx.text.app_ros_comm_runner), (8 bytes).
    Removing app_ros_comm.o(.ARM.exidx.text.app_ros_comm_processRX), (8 bytes).
    Removing app_sensor_lsm303dlhc.o(.text), (0 bytes).
    Removing app_sensor_lsm303dlhc.o(.text.lsm303dlhc_writeReg), (38 bytes).
    Removing app_sensor_lsm303dlhc.o(.ARM.exidx.text.lsm303dlhc_writeReg), (8 bytes).
    Removing app_sensor_lsm303dlhc.o(.text.lsm303dlhc_readreg), (42 bytes).
    Removing app_sensor_lsm303dlhc.o(.ARM.exidx.text.lsm303dlhc_readreg), (8 bytes).
    Removing app_sensor_lsm303dlhc.o(.ARM.exidx.text.lsm303dlhc_init), (8 bytes).
    Removing app_sensor_lsm303dlhc.o(.ARM.exidx.text.lsm303dlhc_getAccelData), (8 bytes).
    Removing app_sensor_lsm303dlhc.o(.ARM.exidx.text.lsm303dlhc_getMagData), (8 bytes).
    Removing app_sensor_lsm303dlhc.o(.ARM.exidx.text.lsm303dlhc_convertMagEndianness), (8 bytes).
    Removing app_sensor_l3gd20.o(.text), (0 bytes).
    Removing app_sensor_l3gd20.o(.ARM.exidx.text.l3gd20_selectSPI), (8 bytes).
    Removing app_sensor_l3gd20.o(.ARM.exidx.text.l3gd20_deselectSPI), (8 bytes).
    Removing app_sensor_l3gd20.o(.text.l3gd20_writeReg), (56 bytes).
    Removing app_sensor_l3gd20.o(.ARM.exidx.text.l3gd20_writeReg), (8 bytes).
    Removing app_sensor_l3gd20.o(.text.l3gd20_readReg), (60 bytes).
    Removing app_sensor_l3gd20.o(.ARM.exidx.text.l3gd20_readReg), (8 bytes).
    Removing app_sensor_l3gd20.o(.ARM.exidx.text.l3gd20_init), (8 bytes).
    Removing app_sensor_l3gd20.o(.text.l3gd20_calibrationRoutine), (184 bytes).
    Removing app_sensor_l3gd20.o(.ARM.exidx.text.l3gd20_calibrationRoutine), (8 bytes).
    Removing app_sensor_l3gd20.o(.ARM.exidx.text.l3gd20_getGyroData), (8 bytes).
    Removing app_sensor_l3gd20.o(.ARM.exidx.text.l3gd20_applyOffset), (8 bytes).
    Removing app_sensor_adns5090.o(.text), (0 bytes).
    Removing app_sensor_adns5090.o(.ARM.exidx.text.adns5090_selectSPI), (8 bytes).
    Removing app_sensor_adns5090.o(.ARM.exidx.text.adns5090_deselectSPI), (8 bytes).
    Removing app_sensor_adns5090.o(.text.adns5090_writeReg), (58 bytes).
    Removing app_sensor_adns5090.o(.ARM.exidx.text.adns5090_writeReg), (8 bytes).
    Removing app_sensor_adns5090.o(.text.adns5090_readReg), (58 bytes).
    Removing app_sensor_adns5090.o(.ARM.exidx.text.adns5090_readReg), (8 bytes).
    Removing app_sensor_adns5090.o(.ARM.exidx.text.adns5090_init), (8 bytes).
    Removing app_sensor_adns5090.o(.ARM.exidx.text.adns5090_getOdometry), (8 bytes).
    Removing app_io_manager.o(.text), (0 bytes).
    Removing app_io_manager.o(.ARM.exidx.text.app_io_manager_init), (8 bytes).
    Removing app_io_manager.o(.ARM.exidx.text.app_io_manager_runner), (8 bytes).
    Removing app_io_manager.o(.text.app_io_manager_getSensorReady), (20 bytes).
    Removing app_io_manager.o(.ARM.exidx.text.app_io_manager_getSensorReady), (8 bytes).
    Removing app_io_manager.o(.ARM.exidx.text.app_io_manager_SPITriggerNext), (8 bytes).
    Removing app_io_manager.o(.ARM.exidx.text.app_io_manager_SPIRunner), (8 bytes).
    Removing app_io_manager.o(.ARM.exidx.text.app_io_manager_getSPISensorDataReady), (8 bytes).
    Removing app_io_manager.o(.ARM.exidx.text.app_io_manager_I2CTriggerNext), (8 bytes).
    Removing app_io_manager.o(.ARM.exidx.text.app_io_manager_I2CRunner), (8 bytes).
    Removing app_io_manager.o(.ARM.exidx.text.app_io_manager_getI2CSensorDataReady), (8 bytes).
    Removing app_motor_control.o(.text), (0 bytes).
    Removing app_motor_control.o(.ARM.exidx.text.app_motor_control_init), (8 bytes).
    Removing app_motor_control.o(.ARM.exidx.text.app_motor_control_doEncoder), (8 bytes).
    Removing app_motor_control.o(.ARM.exidx.text.app_motor_control_doPID), (8 bytes).
    Removing app_motor_control.o(.ARM.exidx.text.app_motor_control_commandMotor), (8 bytes).
    Removing app_robot_runner.o(.text), (0 bytes).
    Removing app_robot_runner.o(.ARM.exidx.text.app_robot_gpioInit), (8 bytes).
    Removing app_robot_runner.o(.text.app_robot_ioInit), (18 bytes).
    Removing app_robot_runner.o(.ARM.exidx.text.app_robot_ioInit), (8 bytes).
    Removing app_robot_runner.o(.ARM.exidx.text.app_robot_appInit), (8 bytes).
    Removing app_robot_runner.o(.text.app_robot_statusRunner), (2 bytes).
    Removing app_robot_runner.o(.ARM.exidx.text.app_robot_statusRunner), (8 bytes).
    Removing app_robot_runner.o(.text.app_robot_controlSysRunner), (46 bytes).
    Removing app_robot_runner.o(.ARM.exidx.text.app_robot_controlSysRunner), (8 bytes).
    Removing app_robot_runner.o(.text.app_robot_sensorRunner), (58 bytes).
    Removing app_robot_runner.o(.ARM.exidx.text.app_robot_sensorRunner), (8 bytes).
    Removing app_robot_runner.o(.ARM.exidx.text.app_robot_runner), (8 bytes).
    Removing system_stm32f3xx.o(.text), (0 bytes).
    Removing system_stm32f3xx.o(.ARM.exidx.text.SystemInit), (8 bytes).
    Removing system_stm32f3xx.o(.text.SystemCoreClockUpdate), (104 bytes).
    Removing system_stm32f3xx.o(.ARM.exidx.text.SystemCoreClockUpdate), (8 bytes).
    Removing system_stm32f3xx.o(.data.SystemCoreClock), (4 bytes).
    Removing system_stm32f3xx.o(.rodata.AHBPrescTable), (16 bytes).
    Removing system_stm32f3xx.o(.rodata.APBPrescTable), (8 bytes).

119 unused section(s) (total 1608 bytes) removed from the image.

==============================================================================

Image Symbol Table

    Local Symbols

    Symbol Name                              Value     Ov Type        Size  Object(Section)

    ../clib/angel/boardlib.s                 0x00000000   Number         0  boardinit1.o ABSOLUTE
    ../clib/angel/boardlib.s                 0x00000000   Number         0  boardinit2.o ABSOLUTE
    ../clib/angel/boardlib.s                 0x00000000   Number         0  boardinit3.o ABSOLUTE
    ../clib/angel/boardlib.s                 0x00000000   Number         0  boardshut.o ABSOLUTE
    ../clib/angel/handlers.s                 0x00000000   Number         0  __scatter_copy.o ABSOLUTE
    ../clib/angel/handlers.s                 0x00000000   Number         0  __scatter_zi.o ABSOLUTE
    ../clib/angel/kernel.s                   0x00000000   Number         0  __rtentry.o ABSOLUTE
    ../clib/angel/kernel.s                   0x00000000   Number         0  __rtentry2.o ABSOLUTE
    ../clib/angel/kernel.s                   0x00000000   Number         0  __rtentry4.o ABSOLUTE
    ../clib/angel/kernel.s                   0x00000000   Number         0  rtexit.o ABSOLUTE
    ../clib/angel/kernel.s                   0x00000000   Number         0  rtexit2.o ABSOLUTE
    ../clib/angel/rt.s                       0x00000000   Number         0  rt_raise.o ABSOLUTE
    ../clib/angel/scatter.s                  0x00000000   Number         0  __scatter.o ABSOLUTE
    ../clib/angel/startup.s                  0x00000000   Number         0  __main.o ABSOLUTE
    ../clib/angel/sys.s                      0x00000000   Number         0  sys_stackheap_outer.o ABSOLUTE
    ../clib/angel/sys.s                      0x00000000   Number         0  libspace.o ABSOLUTE
    ../clib/angel/sys.s                      0x00000000   Number         0  use_no_semi.o ABSOLUTE
    ../clib/angel/sys.s                      0x00000000   Number         0  indicate_semi.o ABSOLUTE
    ../clib/angel/sysapp.c                   0x00000000   Number         0  sys_exit.o ABSOLUTE
    ../clib/angel/sysapp.c                   0x00000000   Number         0  sys_exit_hlt.o ABSOLUTE
    ../clib/angel/sysapp.c                   0x00000000   Number         0  sys_command.o ABSOLUTE
    ../clib/angel/sysapp.c                   0x00000000   Number         0  sys_command_hlt.o ABSOLUTE
    ../clib/angel/sysapp.c                   0x00000000   Number         0  sys_wrch.o ABSOLUTE
    ../clib/angel/sysapp.c                   0x00000000   Number         0  sys_wrch_hlt.o ABSOLUTE
    ../clib/armsys.c                         0x00000000   Number         0  argv_veneer.o ABSOLUTE
    ../clib/armsys.c                         0x00000000   Number         0  argv_veneer.o ABSOLUTE
    ../clib/armsys.c                         0x00000000   Number         0  _get_argv_nomalloc.o ABSOLUTE
    ../clib/armsys.c                         0x00000000   Number         0  no_argv.o ABSOLUTE
    ../clib/heapalloc.c                      0x00000000   Number         0  hrguard.o ABSOLUTE
    ../clib/heapaux.c                        0x00000000   Number         0  heapauxi.o ABSOLUTE
    ../clib/libinit.s                        0x00000000   Number         0  libinit.o ABSOLUTE
    ../clib/libinit.s                        0x00000000   Number         0  libinit2.o ABSOLUTE
    ../clib/libinit.s                        0x00000000   Number         0  libshutdown.o ABSOLUTE
    ../clib/libinit.s                        0x00000000   Number         0  libshutdown2.o ABSOLUTE
    ../clib/signal.c                         0x00000000   Number         0  defsig_rtmem_outer.o ABSOLUTE
    ../clib/signal.c                         0x00000000   Number         0  defsig_rtmem_formal.o ABSOLUTE
    ../clib/signal.c                         0x00000000   Number         0  defsig_exit.o ABSOLUTE
    ../clib/signal.c                         0x00000000   Number         0  defsig_rtmem_inner.o ABSOLUTE
    ../clib/signal.c                         0x00000000   Number         0  __raise.o ABSOLUTE
    ../clib/signal.c                         0x00000000   Number         0  defsig_general.o ABSOLUTE
    ../clib/signal.c                         0x00000000   Number         0  defsig_abrt_inner.o ABSOLUTE
    ../clib/signal.c                         0x00000000   Number         0  defsig_fpe_inner.o ABSOLUTE
    ../clib/signal.c                         0x00000000   Number         0  defsig_rtred_inner.o ABSOLUTE
    ../clib/signal.c                         0x00000000   Number         0  defsig_stak_inner.o ABSOLUTE
    ../clib/signal.c                         0x00000000   Number         0  defsig_pvfn_inner.o ABSOLUTE
    ../clib/signal.c                         0x00000000   Number         0  defsig_cppl_inner.o ABSOLUTE
    ../clib/signal.c                         0x00000000   Number         0  defsig_segv_inner.o ABSOLUTE
    ../clib/signal.c                         0x00000000   Number         0  defsig_other.o ABSOLUTE
    ../clib/signal.s                         0x00000000   Number         0  defsig.o ABSOLUTE
    ../clib/stdlib.c                         0x00000000   Number         0  exit.o ABSOLUTE
    ../fplib/fpinit.s                        0x00000000   Number         0  fpinit.o ABSOLUTE
    RTE/Device/STM32F303VCTx/startup_stm32f303xc.s 0x00000000   Number         0  startup_stm32f303xc.o ABSOLUTE
    app_io_manager.c                         0x00000000   Number         0  app_io_manager.o ABSOLUTE
    app_motor_control.c                      0x00000000   Number         0  app_motor_control.o ABSOLUTE
    app_robot_runner.c                       0x00000000   Number         0  app_robot_runner.o ABSOLUTE
    app_ros_comm.c                           0x00000000   Number         0  app_ros_comm.o ABSOLUTE
    app_sensor_adns5090.c                    0x00000000   Number         0  app_sensor_adns5090.o ABSOLUTE
    app_sensor_l3gd20.c                      0x00000000   Number         0  app_sensor_l3gd20.o ABSOLUTE
    app_sensor_lsm303dlhc.c                  0x00000000   Number         0  app_sensor_lsm303dlhc.o ABSOLUTE
    clk.c                                    0x00000000   Number         0  clk.o ABSOLUTE
    dc.s                                     0x00000000   Number         0  dc.o ABSOLUTE
    i2c.c                                    0x00000000   Number         0  i2c.o ABSOLUTE
    main.c                                   0x00000000   Number         0  main.o ABSOLUTE
    ros_usart.c                              0x00000000   Number         0  ros_usart.o ABSOLUTE
    spi.c                                    0x00000000   Number         0  spi.o ABSOLUTE
    system_stm32f3xx.c                       0x00000000   Number         0  system_stm32f3xx.o ABSOLUTE
    systick_millis.c                         0x00000000   Number         0  systick_millis.o ABSOLUTE
    tim_pwm.c                                0x00000000   Number         0  tim_pwm.o ABSOLUTE
    tim_qdec.c                               0x00000000   Number         0  tim_qdec.o ABSOLUTE
    RESET                                    0x08000000   Section      392  startup_stm32f303xc.o(RESET)
    !!!main                                  0x08000188   Section        8  __main.o(!!!main)
    !!!scatter                               0x08000190   Section       92  __scatter.o(!!!scatter)
    !!handler_copy                           0x080001ec   Section       26  __scatter_copy.o(!!handler_copy)
    !!handler_null                           0x08000208   Section        2  __scatter.o(!!handler_null)
    !!handler_zi                             0x0800020c   Section       28  __scatter_zi.o(!!handler_zi)
    .ARM.Collect$$libinit$$00000000          0x08000228   Section        2  libinit.o(.ARM.Collect$$libinit$$00000000)
    .ARM.Collect$$libinit$$00000001          0x0800022a   Section        4  libinit2.o(.ARM.Collect$$libinit$$00000001)
    .ARM.Collect$$libinit$$00000004          0x0800022e   Section        0  libinit2.o(.ARM.Collect$$libinit$$00000004)
    .ARM.Collect$$libinit$$00000006          0x0800022e   Section        0  libinit2.o(.ARM.Collect$$libinit$$00000006)
    .ARM.Collect$$libinit$$0000000C          0x0800022e   Section        0  libinit2.o(.ARM.Collect$$libinit$$0000000C)
    .ARM.Collect$$libinit$$0000000E          0x0800022e   Section        0  libinit2.o(.ARM.Collect$$libinit$$0000000E)
    .ARM.Collect$$libinit$$00000010          0x0800022e   Section        0  libinit2.o(.ARM.Collect$$libinit$$00000010)
    .ARM.Collect$$libinit$$00000013          0x0800022e   Section        0  libinit2.o(.ARM.Collect$$libinit$$00000013)
    .ARM.Collect$$libinit$$00000015          0x0800022e   Section        0  libinit2.o(.ARM.Collect$$libinit$$00000015)
    .ARM.Collect$$libinit$$00000017          0x0800022e   Section        0  libinit2.o(.ARM.Collect$$libinit$$00000017)
    .ARM.Collect$$libinit$$00000019          0x0800022e   Section        0  libinit2.o(.ARM.Collect$$libinit$$00000019)
    .ARM.Collect$$libinit$$0000001B          0x0800022e   Section        0  libinit2.o(.ARM.Collect$$libinit$$0000001B)
    .ARM.Collect$$libinit$$0000001D          0x0800022e   Section        0  libinit2.o(.ARM.Collect$$libinit$$0000001D)
    .ARM.Collect$$libinit$$0000001F          0x0800022e   Section        0  libinit2.o(.ARM.Collect$$libinit$$0000001F)
    .ARM.Collect$$libinit$$00000021          0x0800022e   Section        0  libinit2.o(.ARM.Collect$$libinit$$00000021)
    .ARM.Collect$$libinit$$00000023          0x0800022e   Section        0  libinit2.o(.ARM.Collect$$libinit$$00000023)
    .ARM.Collect$$libinit$$00000025          0x0800022e   Section        0  libinit2.o(.ARM.Collect$$libinit$$00000025)
    .ARM.Collect$$libinit$$00000027          0x0800022e   Section        0  libinit2.o(.ARM.Collect$$libinit$$00000027)
    .ARM.Collect$$libinit$$0000002E          0x0800022e   Section        0  libinit2.o(.ARM.Collect$$libinit$$0000002E)
    .ARM.Collect$$libinit$$00000030          0x0800022e   Section        0  libinit2.o(.ARM.Collect$$libinit$$00000030)
    .ARM.Collect$$libinit$$00000032          0x0800022e   Section        0  libinit2.o(.ARM.Collect$$libinit$$00000032)
    .ARM.Collect$$libinit$$00000034          0x0800022e   Section        0  libinit2.o(.ARM.Collect$$libinit$$00000034)
    .ARM.Collect$$libinit$$00000035          0x0800022e   Section        2  libinit2.o(.ARM.Collect$$libinit$$00000035)
    .ARM.Collect$$libshutdown$$00000000      0x08000230   Section        2  libshutdown.o(.ARM.Collect$$libshutdown$$00000000)
    .ARM.Collect$$libshutdown$$00000002      0x08000232   Section        0  libshutdown2.o(.ARM.Collect$$libshutdown$$00000002)
    .ARM.Collect$$libshutdown$$00000004      0x08000232   Section        0  libshutdown2.o(.ARM.Collect$$libshutdown$$00000004)
    .ARM.Collect$$libshutdown$$00000007      0x08000232   Section        0  libshutdown2.o(.ARM.Collect$$libshutdown$$00000007)
    .ARM.Collect$$libshutdown$$0000000A      0x08000232   Section        0  libshutdown2.o(.ARM.Collect$$libshutdown$$0000000A)
    .ARM.Collect$$libshutdown$$0000000C      0x08000232   Section        0  libshutdown2.o(.ARM.Collect$$libshutdown$$0000000C)
    .ARM.Collect$$libshutdown$$0000000F      0x08000232   Section        0  libshutdown2.o(.ARM.Collect$$libshutdown$$0000000F)
    .ARM.Collect$$libshutdown$$00000010      0x08000232   Section        2  libshutdown2.o(.ARM.Collect$$libshutdown$$00000010)
    .ARM.Collect$$rtentry$$00000000          0x08000234   Section        0  __rtentry.o(.ARM.Collect$$rtentry$$00000000)
    .ARM.Collect$$rtentry$$00000002          0x08000234   Section        0  __rtentry2.o(.ARM.Collect$$rtentry$$00000002)
    .ARM.Collect$$rtentry$$00000004          0x08000234   Section        6  __rtentry4.o(.ARM.Collect$$rtentry$$00000004)
    .ARM.Collect$$rtentry$$00000009          0x0800023a   Section        0  __rtentry2.o(.ARM.Collect$$rtentry$$00000009)
    .ARM.Collect$$rtentry$$0000000A          0x0800023a   Section        4  __rtentry2.o(.ARM.Collect$$rtentry$$0000000A)
    .ARM.Collect$$rtentry$$0000000C          0x0800023e   Section        0  __rtentry2.o(.ARM.Collect$$rtentry$$0000000C)
    .ARM.Collect$$rtentry$$0000000D          0x0800023e   Section        8  __rtentry2.o(.ARM.Collect$$rtentry$$0000000D)
    .ARM.Collect$$rtexit$$00000000           0x08000246   Section        2  rtexit.o(.ARM.Collect$$rtexit$$00000000)
    .ARM.Collect$$rtexit$$00000002           0x08000248   Section        0  rtexit2.o(.ARM.Collect$$rtexit$$00000002)
    .ARM.Collect$$rtexit$$00000003           0x08000248   Section        4  rtexit2.o(.ARM.Collect$$rtexit$$00000003)
    .ARM.Collect$$rtexit$$00000004           0x0800024c   Section        6  rtexit2.o(.ARM.Collect$$rtexit$$00000004)
    $v0                                      0x08000254   Number         0  startup_stm32f303xc.o(.text)
    .text                                    0x08000254   Section       64  startup_stm32f303xc.o(.text)
    .text                                    0x08000294   Section        0  heapauxi.o(.text)
    .text                                    0x0800029a   Section       74  sys_stackheap_outer.o(.text)
    .text                                    0x080002e4   Section        0  exit.o(.text)
    .text                                    0x080002f8   Section        8  libspace.o(.text)
    .text                                    0x08000300   Section        0  sys_exit.o(.text)
    .text                                    0x0800030c   Section        2  use_no_semi.o(.text)
    .text                                    0x0800030e   Section        0  indicate_semi.o(.text)
    [Anonymous Symbol]                       0x08000310   Section        0  main.o(.text.BusFault_Handler)
    [Anonymous Symbol]                       0x08000314   Section        0  main.o(.text.HardFault_Handler)
    [Anonymous Symbol]                       0x08000318   Section        0  main.o(.text.MemManage_Handler)
    [Anonymous Symbol]                       0x0800031c   Section        0  main.o(.text.NMI_Handler)
    [Anonymous Symbol]                       0x08000320   Section        0  ros_usart.o(.text.ROSusart_checkTxComplete)
    [Anonymous Symbol]                       0x08000330   Section        0  ros_usart.o(.text.ROSusart_checkTxEmpty)
    [Anonymous Symbol]                       0x08000340   Section        0  ros_usart.o(.text.ROSusart_init)
    [Anonymous Symbol]                       0x080003bc   Section        0  ros_usart.o(.text.ROSusart_transmitData)
    [Anonymous Symbol]                       0x080003c8   Section        0  systick_millis.o(.text.SysTick_Handler)
    [Anonymous Symbol]                       0x080003d8   Section        0  system_stm32f3xx.o(.text.SystemInit)
    [Anonymous Symbol]                       0x080003ec   Section        0  ros_usart.o(.text.USART1_IRQHandler)
    [Anonymous Symbol]                       0x08000418   Section        0  main.o(.text.UsageFault_Handler)
    [Anonymous Symbol]                       0x0800041c   Section        0  app_sensor_adns5090.o(.text.adns5090_deselectSPI)
    [Anonymous Symbol]                       0x0800042c   Section        0  app_sensor_adns5090.o(.text.adns5090_getOdometry)
    [Anonymous Symbol]                       0x08000454   Section        0  app_sensor_adns5090.o(.text.adns5090_init)
    [Anonymous Symbol]                       0x08000558   Section        0  app_sensor_adns5090.o(.text.adns5090_selectSPI)
    [Anonymous Symbol]                       0x08000568   Section        0  app_io_manager.o(.text.app_io_manager_I2CRunner)
    [Anonymous Symbol]                       0x08000604   Section        0  app_io_manager.o(.text.app_io_manager_I2CTriggerNext)
    [Anonymous Symbol]                       0x08000614   Section        0  app_io_manager.o(.text.app_io_manager_SPIRunner)
    [Anonymous Symbol]                       0x08000698   Section        0  app_io_manager.o(.text.app_io_manager_SPITriggerNext)
    [Anonymous Symbol]                       0x080006a8   Section        0  app_io_manager.o(.text.app_io_manager_getI2CSensorDataReady)
    [Anonymous Symbol]                       0x080006bc   Section        0  app_io_manager.o(.text.app_io_manager_getSPISensorDataReady)
    [Anonymous Symbol]                       0x080006d0   Section        0  app_io_manager.o(.text.app_io_manager_init)
    [Anonymous Symbol]                       0x080006fc   Section        0  app_io_manager.o(.text.app_io_manager_runner)
    [Anonymous Symbol]                       0x08000760   Section        0  app_motor_control.o(.text.app_motor_control_commandMotor)
    [Anonymous Symbol]                       0x08000908   Section        0  app_motor_control.o(.text.app_motor_control_doEncoder)
    [Anonymous Symbol]                       0x080009d0   Section        0  app_motor_control.o(.text.app_motor_control_doPID)
    [Anonymous Symbol]                       0x08000bac   Section        0  app_motor_control.o(.text.app_motor_control_init)
    [Anonymous Symbol]                       0x08000bd0   Section        0  app_robot_runner.o(.text.app_robot_appInit)
    [Anonymous Symbol]                       0x08000c4c   Section        0  app_robot_runner.o(.text.app_robot_gpioInit)
    [Anonymous Symbol]                       0x08000da4   Section        0  app_robot_runner.o(.text.app_robot_runner)
    [Anonymous Symbol]                       0x08000e0c   Section        0  app_ros_comm.o(.text.app_ros_comm_init)
    [Anonymous Symbol]                       0x08000e98   Section        0  app_ros_comm.o(.text.app_ros_comm_processRX)
    [Anonymous Symbol]                       0x08000f9c   Section        0  app_ros_comm.o(.text.app_ros_comm_runner)
    [Anonymous Symbol]                       0x08001044   Section        0  app_ros_comm.o(.text.app_ros_comm_rxCallback)
    [Anonymous Symbol]                       0x08001118   Section        0  clk.o(.text.clk_init)
    [Anonymous Symbol]                       0x08001168   Section        0  i2c.o(.text.i2c_getFSMBusy)
    [Anonymous Symbol]                       0x0800117c   Section        0  i2c.o(.text.i2c_getSlaveNack)
    [Anonymous Symbol]                       0x08001194   Section        0  i2c.o(.text.i2c_init)
    [Anonymous Symbol]                       0x080011d8   Section        0  i2c.o(.text.i2c_ioPoll)
    [Anonymous Symbol]                       0x08001384   Section        0  i2c.o(.text.i2c_writeRequest)
    [Anonymous Symbol]                       0x080013ec   Section        0  app_sensor_l3gd20.o(.text.l3gd20_applyOffset)
    [Anonymous Symbol]                       0x0800142c   Section        0  app_sensor_l3gd20.o(.text.l3gd20_deselectSPI)
    [Anonymous Symbol]                       0x08001440   Section        0  app_sensor_l3gd20.o(.text.l3gd20_getGyroData)
    [Anonymous Symbol]                       0x08001468   Section        0  app_sensor_l3gd20.o(.text.l3gd20_init)
    [Anonymous Symbol]                       0x080016c8   Section        0  app_sensor_l3gd20.o(.text.l3gd20_selectSPI)
    [Anonymous Symbol]                       0x080016dc   Section        0  app_sensor_lsm303dlhc.o(.text.lsm303dlhc_convertMagEndianness)
    [Anonymous Symbol]                       0x080016f8   Section        0  app_sensor_lsm303dlhc.o(.text.lsm303dlhc_getAccelData)
    [Anonymous Symbol]                       0x08001720   Section        0  app_sensor_lsm303dlhc.o(.text.lsm303dlhc_getMagData)
    [Anonymous Symbol]                       0x08001748   Section        0  app_sensor_lsm303dlhc.o(.text.lsm303dlhc_init)
    [Anonymous Symbol]                       0x0800199c   Section        0  main.o(.text.main)
    [Anonymous Symbol]                       0x080019a8   Section        0  systick_millis.o(.text.millis)
    [Anonymous Symbol]                       0x080019b4   Section        0  spi.o(.text.spi_getFSMBusy)
    [Anonymous Symbol]                       0x080019c8   Section        0  spi.o(.text.spi_init)
    [Anonymous Symbol]                       0x080019fc   Section        0  spi.o(.text.spi_ioPoll)
    [Anonymous Symbol]                       0x08001aa8   Section        0  spi.o(.text.spi_writeThenReadRequest)
    [Anonymous Symbol]                       0x08001b18   Section        0  systick_millis.o(.text.systick_init)
    [Anonymous Symbol]                       0x08001b48   Section        0  tim_pwm.o(.text.tim_pwm_init)
    [Anonymous Symbol]                       0x08001b98   Section        0  tim_pwm.o(.text.tim_pwm_updateCompare)
    [Anonymous Symbol]                       0x08001bb4   Section        0  tim_qdec.o(.text.tim_qdec_getCount)
    [Anonymous Symbol]                       0x08001bd8   Section        0  tim_qdec.o(.text.tim_qdec_init)
    $v0                                      0x08001c94   Number         0  fpinit.o(x$fpl$fpinit)
    x$fpl$fpinit                             0x08001c94   Section       26  fpinit.o(x$fpl$fpinit)
    .bss                                     0x20000050   Section       96  libspace.o(.bss)
    Heap_Mem                                 0x200001e0   Data         512  startup_stm32f303xc.o(HEAP)
    HEAP                                     0x200001e0   Section      512  startup_stm32f303xc.o(HEAP)
    Stack_Mem                                0x200003e0   Data        1024  startup_stm32f303xc.o(STACK)
    STACK                                    0x200003e0   Section     1024  startup_stm32f303xc.o(STACK)
    __initial_sp                             0x200007e0   Data           0  startup_stm32f303xc.o(STACK)

    Global Symbols

    Symbol Name                              Value     Ov Type        Size  Object(Section)

    BuildAttributes$$THM_ISAv4$E$P$D$K$B$S$7EM$VFPi3$EXTD16$VFPS$VFMA$PE$A:L22UL41UL21$X:L11$S22US41US21$IEEE1$IW$~IW$USESV6$~STKCKD$USESV7$~SHL$OTIME$ROPI$EBA8$UX$STANDARDLIB$REQ8$PRES8$EABIv2 0x00000000   Number         0  anon$$obj.o ABSOLUTE
    __ARM_exceptions_init                     - Undefined Weak Reference
    __alloca_initialize                       - Undefined Weak Reference
    __arm_preinit_                            - Undefined Weak Reference
    __arm_relocate_pie_                       - Undefined Weak Reference
    __cpp_initialize__aeabi_                  - Undefined Weak Reference
    __cxa_finalize                            - Undefined Weak Reference
    __rt_locale                               - Undefined Weak Reference
    __sigvec_lookup                           - Undefined Weak Reference
    _atexit_init                              - Undefined Weak Reference
    _call_atexit_fns                          - Undefined Weak Reference
    _clock_init                               - Undefined Weak Reference
    _fp_trap_init                             - Undefined Weak Reference
    _fp_trap_shutdown                         - Undefined Weak Reference
    _get_lc_collate                           - Undefined Weak Reference
    _get_lc_ctype                             - Undefined Weak Reference
    _get_lc_monetary                          - Undefined Weak Reference
    _get_lc_numeric                           - Undefined Weak Reference
    _get_lc_time                              - Undefined Weak Reference
    _getenv_init                              - Undefined Weak Reference
    _handle_redirection                       - Undefined Weak Reference
    _init_alloc                               - Undefined Weak Reference
    _init_user_alloc                          - Undefined Weak Reference
    _initio                                   - Undefined Weak Reference
    _rand_init                                - Undefined Weak Reference
    _signal_finish                            - Undefined Weak Reference
    _signal_init                              - Undefined Weak Reference
    _terminate_alloc                          - Undefined Weak Reference
    _terminate_user_alloc                     - Undefined Weak Reference
    _terminateio                              - Undefined Weak Reference
    __Vectors_Size                           0x00000188   Number         0  startup_stm32f303xc.o ABSOLUTE
    __Vectors                                0x08000000   Data           4  startup_stm32f303xc.o(RESET)
    __Vectors_End                            0x08000188   Data           0  startup_stm32f303xc.o(RESET)
    __main                                   0x08000189   Thumb Code     8  __main.o(!!!main)
    __scatterload                            0x08000191   Thumb Code     0  __scatter.o(!!!scatter)
    __scatterload_rt2                        0x08000191   Thumb Code    84  __scatter.o(!!!scatter)
    __scatterload_rt2_thumb_only             0x08000191   Thumb Code     0  __scatter.o(!!!scatter)
    __scatterload_loop                       0x0800019b   Thumb Code     0  __scatter.o(!!!scatter)
    __scatterload_copy                       0x080001ed   Thumb Code    26  __scatter_copy.o(!!handler_copy)
    __scatterload_null                       0x08000209   Thumb Code     2  __scatter.o(!!handler_null)
    __scatterload_zeroinit                   0x0800020d   Thumb Code    28  __scatter_zi.o(!!handler_zi)
    __rt_lib_init                            0x08000229   Thumb Code     0  libinit.o(.ARM.Collect$$libinit$$00000000)
    __rt_lib_init_fp_1                       0x0800022b   Thumb Code     0  libinit2.o(.ARM.Collect$$libinit$$00000001)
    __rt_lib_init_alloca_1                   0x0800022f   Thumb Code     0  libinit2.o(.ARM.Collect$$libinit$$00000030)
    __rt_lib_init_argv_1                     0x0800022f   Thumb Code     0  libinit2.o(.ARM.Collect$$libinit$$0000002E)
    __rt_lib_init_atexit_1                   0x0800022f   Thumb Code     0  libinit2.o(.ARM.Collect$$libinit$$0000001D)
    __rt_lib_init_clock_1                    0x0800022f   Thumb Code     0  libinit2.o(.ARM.Collect$$libinit$$00000023)
    __rt_lib_init_cpp_1                      0x0800022f   Thumb Code     0  libinit2.o(.ARM.Collect$$libinit$$00000034)
    __rt_lib_init_exceptions_1               0x0800022f   Thumb Code     0  libinit2.o(.ARM.Collect$$libinit$$00000032)
    __rt_lib_init_fp_trap_1                  0x0800022f   Thumb Code     0  libinit2.o(.ARM.Collect$$libinit$$00000021)
    __rt_lib_init_getenv_1                   0x0800022f   Thumb Code     0  libinit2.o(.ARM.Collect$$libinit$$00000025)
    __rt_lib_init_heap_1                     0x0800022f   Thumb Code     0  libinit2.o(.ARM.Collect$$libinit$$0000000C)
    __rt_lib_init_lc_collate_1               0x0800022f   Thumb Code     0  libinit2.o(.ARM.Collect$$libinit$$00000013)
    __rt_lib_init_lc_ctype_1                 0x0800022f   Thumb Code     0  libinit2.o(.ARM.Collect$$libinit$$00000015)
    __rt_lib_init_lc_monetary_1              0x0800022f   Thumb Code     0  libinit2.o(.ARM.Collect$$libinit$$00000017)
    __rt_lib_init_lc_numeric_1               0x0800022f   Thumb Code     0  libinit2.o(.ARM.Collect$$libinit$$00000019)
    __rt_lib_init_lc_time_1                  0x0800022f   Thumb Code     0  libinit2.o(.ARM.Collect$$libinit$$0000001B)
    __rt_lib_init_preinit_1                  0x0800022f   Thumb Code     0  libinit2.o(.ARM.Collect$$libinit$$00000006)
    __rt_lib_init_rand_1                     0x0800022f   Thumb Code     0  libinit2.o(.ARM.Collect$$libinit$$00000010)
    __rt_lib_init_relocate_pie_1             0x0800022f   Thumb Code     0  libinit2.o(.ARM.Collect$$libinit$$00000004)
    __rt_lib_init_return                     0x0800022f   Thumb Code     0  libinit2.o(.ARM.Collect$$libinit$$00000035)
    __rt_lib_init_signal_1                   0x0800022f   Thumb Code     0  libinit2.o(.ARM.Collect$$libinit$$0000001F)
    __rt_lib_init_stdio_1                    0x0800022f   Thumb Code     0  libinit2.o(.ARM.Collect$$libinit$$00000027)
    __rt_lib_init_user_alloc_1               0x0800022f   Thumb Code     0  libinit2.o(.ARM.Collect$$libinit$$0000000E)
    __rt_lib_shutdown                        0x08000231   Thumb Code     0  libshutdown.o(.ARM.Collect$$libshutdown$$00000000)
    __rt_lib_shutdown_cpp_1                  0x08000233   Thumb Code     0  libshutdown2.o(.ARM.Collect$$libshutdown$$00000002)
    __rt_lib_shutdown_fp_trap_1              0x08000233   Thumb Code     0  libshutdown2.o(.ARM.Collect$$libshutdown$$00000007)
    __rt_lib_shutdown_heap_1                 0x08000233   Thumb Code     0  libshutdown2.o(.ARM.Collect$$libshutdown$$0000000F)
    __rt_lib_shutdown_return                 0x08000233   Thumb Code     0  libshutdown2.o(.ARM.Collect$$libshutdown$$00000010)
    __rt_lib_shutdown_signal_1               0x08000233   Thumb Code     0  libshutdown2.o(.ARM.Collect$$libshutdown$$0000000A)
    __rt_lib_shutdown_stdio_1                0x08000233   Thumb Code     0  libshutdown2.o(.ARM.Collect$$libshutdown$$00000004)
    __rt_lib_shutdown_user_alloc_1           0x08000233   Thumb Code     0  libshutdown2.o(.ARM.Collect$$libshutdown$$0000000C)
    __rt_entry                               0x08000235   Thumb Code     0  __rtentry.o(.ARM.Collect$$rtentry$$00000000)
    __rt_entry_presh_1                       0x08000235   Thumb Code     0  __rtentry2.o(.ARM.Collect$$rtentry$$00000002)
    __rt_entry_sh                            0x08000235   Thumb Code     0  __rtentry4.o(.ARM.Collect$$rtentry$$00000004)
    __rt_entry_li                            0x0800023b   Thumb Code     0  __rtentry2.o(.ARM.Collect$$rtentry$$0000000A)
    __rt_entry_postsh_1                      0x0800023b   Thumb Code     0  __rtentry2.o(.ARM.Collect$$rtentry$$00000009)
    __rt_entry_main                          0x0800023f   Thumb Code     0  __rtentry2.o(.ARM.Collect$$rtentry$$0000000D)
    __rt_entry_postli_1                      0x0800023f   Thumb Code     0  __rtentry2.o(.ARM.Collect$$rtentry$$0000000C)
    __rt_exit                                0x08000247   Thumb Code     0  rtexit.o(.ARM.Collect$$rtexit$$00000000)
    __rt_exit_ls                             0x08000249   Thumb Code     0  rtexit2.o(.ARM.Collect$$rtexit$$00000003)
    __rt_exit_prels_1                        0x08000249   Thumb Code     0  rtexit2.o(.ARM.Collect$$rtexit$$00000002)
    __rt_exit_exit                           0x0800024d   Thumb Code     0  rtexit2.o(.ARM.Collect$$rtexit$$00000004)
    Reset_Handler                            0x08000255   Thumb Code     8  startup_stm32f303xc.o(.text)
    SVC_Handler                              0x08000267   Thumb Code     2  startup_stm32f303xc.o(.text)
    DebugMon_Handler                         0x08000269   Thumb Code     2  startup_stm32f303xc.o(.text)
    PendSV_Handler                           0x0800026b   Thumb Code     2  startup_stm32f303xc.o(.text)
    ADC1_2_IRQHandler                        0x0800026f   Thumb Code     0  startup_stm32f303xc.o(.text)
    ADC3_IRQHandler                          0x0800026f   Thumb Code     0  startup_stm32f303xc.o(.text)
    ADC4_IRQHandler                          0x0800026f   Thumb Code     0  startup_stm32f303xc.o(.text)
    CAN_RX1_IRQHandler                       0x0800026f   Thumb Code     0  startup_stm32f303xc.o(.text)
    CAN_SCE_IRQHandler                       0x0800026f   Thumb Code     0  startup_stm32f303xc.o(.text)
    COMP1_2_3_IRQHandler                     0x0800026f   Thumb Code     0  startup_stm32f303xc.o(.text)
    COMP4_5_6_IRQHandler                     0x0800026f   Thumb Code     0  startup_stm32f303xc.o(.text)
    COMP7_IRQHandler                         0x0800026f   Thumb Code     0  startup_stm32f303xc.o(.text)
    DMA1_Channel1_IRQHandler                 0x0800026f   Thumb Code     0  startup_stm32f303xc.o(.text)
    DMA1_Channel2_IRQHandler                 0x0800026f   Thumb Code     0  startup_stm32f303xc.o(.text)
    DMA1_Channel3_IRQHandler                 0x0800026f   Thumb Code     0  startup_stm32f303xc.o(.text)
    DMA1_Channel4_IRQHandler                 0x0800026f   Thumb Code     0  startup_stm32f303xc.o(.text)
    DMA1_Channel5_IRQHandler                 0x0800026f   Thumb Code     0  startup_stm32f303xc.o(.text)
    DMA1_Channel6_IRQHandler                 0x0800026f   Thumb Code     0  startup_stm32f303xc.o(.text)
    DMA1_Channel7_IRQHandler                 0x0800026f   Thumb Code     0  startup_stm32f303xc.o(.text)
    DMA2_Channel1_IRQHandler                 0x0800026f   Thumb Code     0  startup_stm32f303xc.o(.text)
    DMA2_Channel2_IRQHandler                 0x0800026f   Thumb Code     0  startup_stm32f303xc.o(.text)
    DMA2_Channel3_IRQHandler                 0x0800026f   Thumb Code     0  startup_stm32f303xc.o(.text)
    DMA2_Channel4_IRQHandler                 0x0800026f   Thumb Code     0  startup_stm32f303xc.o(.text)
    DMA2_Channel5_IRQHandler                 0x0800026f   Thumb Code     0  startup_stm32f303xc.o(.text)
    EXTI0_IRQHandler                         0x0800026f   Thumb Code     0  startup_stm32f303xc.o(.text)
    EXTI15_10_IRQHandler                     0x0800026f   Thumb Code     0  startup_stm32f303xc.o(.text)
    EXTI1_IRQHandler                         0x0800026f   Thumb Code     0  startup_stm32f303xc.o(.text)
    EXTI2_TSC_IRQHandler                     0x0800026f   Thumb Code     0  startup_stm32f303xc.o(.text)
    EXTI3_IRQHandler                         0x0800026f   Thumb Code     0  startup_stm32f303xc.o(.text)
    EXTI4_IRQHandler                         0x0800026f   Thumb Code     0  startup_stm32f303xc.o(.text)
    EXTI9_5_IRQHandler                       0x0800026f   Thumb Code     0  startup_stm32f303xc.o(.text)
    FLASH_IRQHandler                         0x0800026f   Thumb Code     0  startup_stm32f303xc.o(.text)
    FPU_IRQHandler                           0x0800026f   Thumb Code     0  startup_stm32f303xc.o(.text)
    I2C1_ER_IRQHandler                       0x0800026f   Thumb Code     0  startup_stm32f303xc.o(.text)
    I2C1_EV_IRQHandler                       0x0800026f   Thumb Code     0  startup_stm32f303xc.o(.text)
    I2C2_ER_IRQHandler                       0x0800026f   Thumb Code     0  startup_stm32f303xc.o(.text)
    I2C2_EV_IRQHandler                       0x0800026f   Thumb Code     0  startup_stm32f303xc.o(.text)
    PVD_IRQHandler                           0x0800026f   Thumb Code     0  startup_stm32f303xc.o(.text)
    RCC_IRQHandler                           0x0800026f   Thumb Code     0  startup_stm32f303xc.o(.text)
    RTC_Alarm_IRQHandler                     0x0800026f   Thumb Code     0  startup_stm32f303xc.o(.text)
    RTC_WKUP_IRQHandler                      0x0800026f   Thumb Code     0  startup_stm32f303xc.o(.text)
    SPI1_IRQHandler                          0x0800026f   Thumb Code     0  startup_stm32f303xc.o(.text)
    SPI2_IRQHandler                          0x0800026f   Thumb Code     0  startup_stm32f303xc.o(.text)
    SPI3_IRQHandler                          0x0800026f   Thumb Code     0  startup_stm32f303xc.o(.text)
    TAMP_STAMP_IRQHandler                    0x0800026f   Thumb Code     0  startup_stm32f303xc.o(.text)
    TIM1_BRK_TIM15_IRQHandler                0x0800026f   Thumb Code     0  startup_stm32f303xc.o(.text)
    TIM1_CC_IRQHandler                       0x0800026f   Thumb Code     0  startup_stm32f303xc.o(.text)
    TIM1_TRG_COM_TIM17_IRQHandler            0x0800026f   Thumb Code     0  startup_stm32f303xc.o(.text)
    TIM1_UP_TIM16_IRQHandler                 0x0800026f   Thumb Code     0  startup_stm32f303xc.o(.text)
    TIM2_IRQHandler                          0x0800026f   Thumb Code     0  startup_stm32f303xc.o(.text)
    TIM3_IRQHandler                          0x0800026f   Thumb Code     0  startup_stm32f303xc.o(.text)
    TIM4_IRQHandler                          0x0800026f   Thumb Code     0  startup_stm32f303xc.o(.text)
    TIM6_DAC_IRQHandler                      0x0800026f   Thumb Code     0  startup_stm32f303xc.o(.text)
    TIM7_IRQHandler                          0x0800026f   Thumb Code     0  startup_stm32f303xc.o(.text)
    TIM8_BRK_IRQHandler                      0x0800026f   Thumb Code     0  startup_stm32f303xc.o(.text)
    TIM8_CC_IRQHandler                       0x0800026f   Thumb Code     0  startup_stm32f303xc.o(.text)
    TIM8_TRG_COM_IRQHandler                  0x0800026f   Thumb Code     0  startup_stm32f303xc.o(.text)
    TIM8_UP_IRQHandler                       0x0800026f   Thumb Code     0  startup_stm32f303xc.o(.text)
    UART4_IRQHandler                         0x0800026f   Thumb Code     0  startup_stm32f303xc.o(.text)
    UART5_IRQHandler                         0x0800026f   Thumb Code     0  startup_stm32f303xc.o(.text)
    USART2_IRQHandler                        0x0800026f   Thumb Code     0  startup_stm32f303xc.o(.text)
    USART3_IRQHandler                        0x0800026f   Thumb Code     0  startup_stm32f303xc.o(.text)
    USBWakeUp_IRQHandler                     0x0800026f   Thumb Code     0  startup_stm32f303xc.o(.text)
    USBWakeUp_RMP_IRQHandler                 0x0800026f   Thumb Code     0  startup_stm32f303xc.o(.text)
    USB_HP_CAN_TX_IRQHandler                 0x0800026f   Thumb Code     0  startup_stm32f303xc.o(.text)
    USB_HP_IRQHandler                        0x0800026f   Thumb Code     0  startup_stm32f303xc.o(.text)
    USB_LP_CAN_RX0_IRQHandler                0x0800026f   Thumb Code     0  startup_stm32f303xc.o(.text)
    USB_LP_IRQHandler                        0x0800026f   Thumb Code     0  startup_stm32f303xc.o(.text)
    WWDG_IRQHandler                          0x0800026f   Thumb Code     0  startup_stm32f303xc.o(.text)
    __user_initial_stackheap                 0x08000271   Thumb Code     0  startup_stm32f303xc.o(.text)
    __use_two_region_memory                  0x08000295   Thumb Code     2  heapauxi.o(.text)
    __rt_heap_escrow$2region                 0x08000297   Thumb Code     2  heapauxi.o(.text)
    __rt_heap_expand$2region                 0x08000299   Thumb Code     2  heapauxi.o(.text)
    __user_setup_stackheap                   0x0800029b   Thumb Code    74  sys_stackheap_outer.o(.text)
    exit                                     0x080002e5   Thumb Code    18  exit.o(.text)
    __user_libspace                          0x080002f9   Thumb Code     8  libspace.o(.text)
    __user_perproc_libspace                  0x080002f9   Thumb Code     0  libspace.o(.text)
    __user_perthread_libspace                0x080002f9   Thumb Code     0  libspace.o(.text)
    _sys_exit                                0x08000301   Thumb Code     8  sys_exit.o(.text)
    __I$use$semihosting                      0x0800030d   Thumb Code     0  use_no_semi.o(.text)
    __use_no_semihosting_swi                 0x0800030d   Thumb Code     2  use_no_semi.o(.text)
    __semihosting_library_function           0x0800030f   Thumb Code     0  indicate_semi.o(.text)
    BusFault_Handler                         0x08000311   Thumb Code     2  main.o(.text.BusFault_Handler)
    HardFault_Handler                        0x08000315   Thumb Code     2  main.o(.text.HardFault_Handler)
    MemManage_Handler                        0x08000319   Thumb Code     2  main.o(.text.MemManage_Handler)
    NMI_Handler                              0x0800031d   Thumb Code     2  main.o(.text.NMI_Handler)
    ROSusart_checkTxComplete                 0x08000321   Thumb Code    16  ros_usart.o(.text.ROSusart_checkTxComplete)
    ROSusart_checkTxEmpty                    0x08000331   Thumb Code    16  ros_usart.o(.text.ROSusart_checkTxEmpty)
    ROSusart_init                            0x08000341   Thumb Code   112  ros_usart.o(.text.ROSusart_init)
    ROSusart_transmitData                    0x080003bd   Thumb Code    12  ros_usart.o(.text.ROSusart_transmitData)
    SysTick_Handler                          0x080003c9   Thumb Code    16  systick_millis.o(.text.SysTick_Handler)
    SystemInit                               0x080003d9   Thumb Code    18  system_stm32f3xx.o(.text.SystemInit)
    USART1_IRQHandler                        0x080003ed   Thumb Code    44  ros_usart.o(.text.USART1_IRQHandler)
    UsageFault_Handler                       0x08000419   Thumb Code     2  main.o(.text.UsageFault_Handler)
    adns5090_deselectSPI                     0x0800041d   Thumb Code    16  app_sensor_adns5090.o(.text.adns5090_deselectSPI)
    adns5090_getOdometry                     0x0800042d   Thumb Code    40  app_sensor_adns5090.o(.text.adns5090_getOdometry)
    adns5090_init                            0x08000455   Thumb Code   260  app_sensor_adns5090.o(.text.adns5090_init)
    adns5090_selectSPI                       0x08000559   Thumb Code    16  app_sensor_adns5090.o(.text.adns5090_selectSPI)
    app_io_manager_I2CRunner                 0x08000569   Thumb Code   156  app_io_manager.o(.text.app_io_manager_I2CRunner)
    app_io_manager_I2CTriggerNext            0x08000605   Thumb Code    14  app_io_manager.o(.text.app_io_manager_I2CTriggerNext)
    app_io_manager_SPIRunner                 0x08000615   Thumb Code   132  app_io_manager.o(.text.app_io_manager_SPIRunner)
    app_io_manager_SPITriggerNext            0x08000699   Thumb Code    14  app_io_manager.o(.text.app_io_manager_SPITriggerNext)
    app_io_manager_getI2CSensorDataReady     0x080006a9   Thumb Code    20  app_io_manager.o(.text.app_io_manager_getI2CSensorDataReady)
    app_io_manager_getSPISensorDataReady     0x080006bd   Thumb Code    20  app_io_manager.o(.text.app_io_manager_getSPISensorDataReady)
    app_io_manager_init                      0x080006d1   Thumb Code    44  app_io_manager.o(.text.app_io_manager_init)
    app_io_manager_runner                    0x080006fd   Thumb Code   100  app_io_manager.o(.text.app_io_manager_runner)
    app_motor_control_commandMotor           0x08000761   Thumb Code   422  app_motor_control.o(.text.app_motor_control_commandMotor)
    app_motor_control_doEncoder              0x08000909   Thumb Code   196  app_motor_control.o(.text.app_motor_control_doEncoder)
    app_motor_control_doPID                  0x080009d1   Thumb Code   468  app_motor_control.o(.text.app_motor_control_doPID)
    app_motor_control_init                   0x08000bad   Thumb Code    34  app_motor_control.o(.text.app_motor_control_init)
    app_robot_appInit                        0x08000bd1   Thumb Code   124  app_robot_runner.o(.text.app_robot_appInit)
    app_robot_gpioInit                       0x08000c4d   Thumb Code   342  app_robot_runner.o(.text.app_robot_gpioInit)
    app_robot_runner                         0x08000da5   Thumb Code   104  app_robot_runner.o(.text.app_robot_runner)
    app_ros_comm_init                        0x08000e0d   Thumb Code   138  app_ros_comm.o(.text.app_ros_comm_init)
    app_ros_comm_processRX                   0x08000e99   Thumb Code   260  app_ros_comm.o(.text.app_ros_comm_processRX)
    app_ros_comm_runner                      0x08000f9d   Thumb Code   168  app_ros_comm.o(.text.app_ros_comm_runner)
    app_ros_comm_rxCallback                  0x08001045   Thumb Code   210  app_ros_comm.o(.text.app_ros_comm_rxCallback)
    clk_init                                 0x08001119   Thumb Code    80  clk.o(.text.clk_init)
    i2c_getFSMBusy                           0x08001169   Thumb Code    18  i2c.o(.text.i2c_getFSMBusy)
    i2c_getSlaveNack                         0x0800117d   Thumb Code    24  i2c.o(.text.i2c_getSlaveNack)
    i2c_init                                 0x08001195   Thumb Code    68  i2c.o(.text.i2c_init)
    i2c_ioPoll                               0x080011d9   Thumb Code   426  i2c.o(.text.i2c_ioPoll)
    i2c_writeRequest                         0x08001385   Thumb Code   104  i2c.o(.text.i2c_writeRequest)
    l3gd20_applyOffset                       0x080013ed   Thumb Code    62  app_sensor_l3gd20.o(.text.l3gd20_applyOffset)
    l3gd20_deselectSPI                       0x0800142d   Thumb Code    18  app_sensor_l3gd20.o(.text.l3gd20_deselectSPI)
    l3gd20_getGyroData                       0x08001441   Thumb Code    40  app_sensor_l3gd20.o(.text.l3gd20_getGyroData)
    l3gd20_init                              0x08001469   Thumb Code   608  app_sensor_l3gd20.o(.text.l3gd20_init)
    l3gd20_selectSPI                         0x080016c9   Thumb Code    18  app_sensor_l3gd20.o(.text.l3gd20_selectSPI)
    lsm303dlhc_convertMagEndianness          0x080016dd   Thumb Code    26  app_sensor_lsm303dlhc.o(.text.lsm303dlhc_convertMagEndianness)
    lsm303dlhc_getAccelData                  0x080016f9   Thumb Code    38  app_sensor_lsm303dlhc.o(.text.lsm303dlhc_getAccelData)
    lsm303dlhc_getMagData                    0x08001721   Thumb Code    38  app_sensor_lsm303dlhc.o(.text.lsm303dlhc_getMagData)
    lsm303dlhc_init                          0x08001749   Thumb Code   596  app_sensor_lsm303dlhc.o(.text.lsm303dlhc_init)
    main                                     0x0800199d   Thumb Code    10  main.o(.text.main)
    millis                                   0x080019a9   Thumb Code    12  systick_millis.o(.text.millis)
    spi_getFSMBusy                           0x080019b5   Thumb Code    18  spi.o(.text.spi_getFSMBusy)
    spi_init                                 0x080019c9   Thumb Code    52  spi.o(.text.spi_init)
    spi_ioPoll                               0x080019fd   Thumb Code   170  spi.o(.text.spi_ioPoll)
    spi_writeThenReadRequest                 0x08001aa9   Thumb Code   110  spi.o(.text.spi_writeThenReadRequest)
    systick_init                             0x08001b19   Thumb Code    46  systick_millis.o(.text.systick_init)
    tim_pwm_init                             0x08001b49   Thumb Code    80  tim_pwm.o(.text.tim_pwm_init)
    tim_pwm_updateCompare                    0x08001b99   Thumb Code    26  tim_pwm.o(.text.tim_pwm_updateCompare)
    tim_qdec_getCount                        0x08001bb5   Thumb Code    36  tim_qdec.o(.text.tim_qdec_getCount)
    tim_qdec_init                            0x08001bd9   Thumb Code   188  tim_qdec.o(.text.tim_qdec_init)
    _fp_init                                 0x08001c95   Thumb Code    26  fpinit.o(x$fpl$fpinit)
    __fplib_config_fpu_vfp                   0x08001cad   Thumb Code     0  fpinit.o(x$fpl$fpinit)
    __fplib_config_pureend_doubles           0x08001cad   Thumb Code     0  fpinit.o(x$fpl$fpinit)
    Region$$Table$$Base                      0x08001cb0   Number         0  anon$$obj.o(Region$$Table)
    Region$$Table$$Limit                     0x08001cd0   Number         0  anon$$obj.o(Region$$Table)
    motor1_pid_t                             0x20000000   Data          20  app_motor_control.o(.data.motor1_pid_t)
    motor2_pid_t                             0x20000014   Data          20  app_motor_control.o(.data.motor2_pid_t)
    motor3_pid_t                             0x20000028   Data          20  app_motor_control.o(.data.motor3_pid_t)
    motor4_pid_t                             0x2000003c   Data          20  app_motor_control.o(.data.motor4_pid_t)
    __libspace_start                         0x20000050   Data          96  libspace.o(.bss)
    __temporary_stack_top$libspace           0x200000b0   Data           0  libspace.o(.bss)
    acmag_dataPointer_t                      0x200000b0   Data           4  app_io_manager.o(.bss.acmag_dataPointer_t)
    acmag_fsm                                0x200000b4   Data           1  app_sensor_lsm303dlhc.o(.bss.acmag_fsm)
    acmag_read_buffer                        0x200000b5   Data           2  app_sensor_lsm303dlhc.o(.bss.acmag_read_buffer)
    acmag_write_buffer                       0x200000b7   Data           4  app_sensor_lsm303dlhc.o(.bss.acmag_write_buffer)
    adns_dataPointer_t                       0x200000bc   Data           4  app_io_manager.o(.bss.adns_dataPointer_t)
    adns_fsm                                 0x200000c0   Data           1  app_sensor_adns5090.o(.bss.adns_fsm)
    adns_read_buffer                         0x200000c1   Data           2  app_sensor_adns5090.o(.bss.adns_read_buffer)
    adns_write_buffer                        0x200000c3   Data           4  app_sensor_adns5090.o(.bss.adns_write_buffer)
    cal_accmu_x                              0x200000c8   Data           4  app_sensor_l3gd20.o(.bss.cal_accmu_x)
    cal_accmu_y                              0x200000cc   Data           4  app_sensor_l3gd20.o(.bss.cal_accmu_y)
    cal_accmu_z                              0x200000d0   Data           4  app_sensor_l3gd20.o(.bss.cal_accmu_z)
    cal_counter                              0x200000d4   Data           2  app_sensor_l3gd20.o(.bss.cal_counter)
    comm_fsm                                 0x200000d6   Data           1  app_ros_comm.o(.bss.comm_fsm)
    controlRunner_millis                     0x200000d8   Data           4  app_robot_runner.o(.bss.controlRunner_millis)
    enc_cnt_t                                0x200000dc   Data           8  app_motor_control.o(.bss.enc_cnt_t)
    gyro_dataPointer_t                       0x200000e4   Data           4  app_io_manager.o(.bss.gyro_dataPointer_t)
    gyro_fsm                                 0x200000e8   Data           1  app_sensor_l3gd20.o(.bss.gyro_fsm)
    gyro_read_buffer                         0x200000e9   Data           2  app_sensor_l3gd20.o(.bss.gyro_read_buffer)
    gyro_write_buffer                        0x200000eb   Data           4  app_sensor_l3gd20.o(.bss.gyro_write_buffer)
    i2c_fsm                                  0x200000ef   Data           1  i2c.o(.bss.i2c_fsm)
    i2c_nbyte                                0x200000f0   Data           1  i2c.o(.bss.i2c_nbyte)
    i2c_read_count                           0x200000f2   Data           2  i2c.o(.bss.i2c_read_count)
    i2c_read_ptr                             0x200000f4   Data           4  i2c.o(.bss.i2c_read_ptr)
    i2c_slave_addr                           0x200000f8   Data           1  i2c.o(.bss.i2c_slave_addr)
    i2c_write_count                          0x200000f9   Data           1  i2c.o(.bss.i2c_write_count)
    i2c_write_ptr                            0x200000fc   Data           4  i2c.o(.bss.i2c_write_ptr)
    imu_acmag_data_ptr_t                     0x20000100   Data           4  app_ros_comm.o(.bss.imu_acmag_data_ptr_t)
    imu_acmag_data_t                         0x20000104   Data          12  app_robot_runner.o(.bss.imu_acmag_data_t)
    imu_gyro_data_ptr_t                      0x20000110   Data           4  app_ros_comm.o(.bss.imu_gyro_data_ptr_t)
    imu_gyro_data_t                          0x20000114   Data           7  app_robot_runner.o(.bss.imu_gyro_data_t)
    l3gd20_offsetCal_t                       0x2000011b   Data           7  app_sensor_l3gd20.o(.bss.l3gd20_offsetCal_t)
    m1_from_float                            0x20000124   Data           4  app_motor_control.o(.bss.m1_from_float)
    m2_from_float                            0x20000128   Data           4  app_motor_control.o(.bss.m2_from_float)
    m3_from_float                            0x2000012c   Data           4  app_motor_control.o(.bss.m3_from_float)
    m4_from_float                            0x20000130   Data           4  app_motor_control.o(.bss.m4_from_float)
    manager_fsm                              0x20000134   Data           1  app_io_manager.o(.bss.manager_fsm)
    manager_i2c_readRequest                  0x20000135   Data           1  app_io_manager.o(.bss.manager_i2c_readRequest)
    manager_i2c_runner_fsm                   0x20000136   Data           1  app_io_manager.o(.bss.manager_i2c_runner_fsm)
    manager_spi_readRequest                  0x20000137   Data           1  app_io_manager.o(.bss.manager_spi_readRequest)
    manager_spi_runner_fsm                   0x20000138   Data           1  app_io_manager.o(.bss.manager_spi_runner_fsm)
    millis_counter                           0x2000013c   Data           4  systick_millis.o(.bss.millis_counter)
    motor_cmdvel_ptr_t                       0x20000140   Data           4  app_ros_comm.o(.bss.motor_cmdvel_ptr_t)
    motor_cmdvel_t                           0x20000144   Data          16  app_robot_runner.o(.bss.motor_cmdvel_t)
    motor_fbvel_ptr_t                        0x20000154   Data           4  app_ros_comm.o(.bss.motor_fbvel_ptr_t)
    motor_fbvel_t                            0x20000158   Data          16  app_robot_runner.o(.bss.motor_fbvel_t)
    motor_pwm_t                              0x20000168   Data           8  app_motor_control.o(.bss.motor_pwm_t)
    motor_velcmd_t                           0x20000170   Data           4  app_motor_control.o(.bss.motor_velcmd_t)
    motor_velread_t                          0x20000174   Data           4  app_motor_control.o(.bss.motor_velread_t)
    odom_data_ptr_t                          0x20000178   Data           4  app_ros_comm.o(.bss.odom_data_ptr_t)
    odom_data_t                              0x2000017c   Data           4  app_robot_runner.o(.bss.odom_data_t)
    prev_enc_cnt_t                           0x20000180   Data           8  app_motor_control.o(.bss.prev_enc_cnt_t)
    rbc_Packet_t                             0x20000188   Data          45  app_ros_comm.o(.bss.rbc_Packet_t)
    rd_ptr                                   0x200001b8   Data           4  spi.o(.bss.rd_ptr)
    readDataCallback                         0x200001bc   Data           4  ros_usart.o(.bss.readDataCallback)
    rx_data_max_cnt                          0x200001c0   Data           1  app_ros_comm.o(.bss.rx_data_max_cnt)
    rx_fsm                                   0x200001c1   Data           1  app_ros_comm.o(.bss.rx_fsm)
    rx_pointer_idx                           0x200001c2   Data           1  app_ros_comm.o(.bss.rx_pointer_idx)
    rx_ptr                                   0x200001c4   Data           4  app_ros_comm.o(.bss.rx_ptr)
    sensorRunner_millis                      0x200001c8   Data           4  app_robot_runner.o(.bss.sensorRunner_millis)
    spi_desel                                0x200001cc   Data           4  spi.o(.bss.spi_desel)
    spi_fsm                                  0x200001d0   Data           1  spi.o(.bss.spi_fsm)
    spi_sel                                  0x200001d4   Data           4  spi.o(.bss.spi_sel)
    spi_xfer_count                           0x200001d8   Data           1  spi.o(.bss.spi_xfer_count)
    tx_fsm                                   0x200001d9   Data           1  app_ros_comm.o(.bss.tx_fsm)
    tx_pointer_idx                           0x200001da   Data           1  app_ros_comm.o(.bss.tx_pointer_idx)
    wr_ptr                                   0x200001dc   Data           4  spi.o(.bss.wr_ptr)



==============================================================================

Memory Map of the image

  Image Entry point : 0x08000189

  Load Region LR_IROM1 (Base: 0x08000000, Size: 0x00001d20, Max: 0x00040000, ABSOLUTE)

    Execution Region ER_IROM1 (Exec base: 0x08000000, Load base: 0x08000000, Size: 0x00001cd0, Max: 0x00040000, ABSOLUTE)

    Exec Addr    Load Addr    Size         Type   Attr      Idx    E Section Name        Object

    0x08000000   0x08000000   0x00000188   Data   RO          344    RESET               startup_stm32f303xc.o
    0x08000188   0x08000188   0x00000008   Code   RO          370  * !!!main             c_w.l(__main.o)
    0x08000190   0x08000190   0x0000005c   Code   RO          535    !!!scatter          c_w.l(__scatter.o)
    0x080001ec   0x080001ec   0x0000001a   Code   RO          539    !!handler_copy      c_w.l(__scatter_copy.o)
    0x08000206   0x08000206   0x00000002   PAD
    0x08000208   0x08000208   0x00000002   Code   RO          536    !!handler_null      c_w.l(__scatter.o)
    0x0800020a   0x0800020a   0x00000002   PAD
    0x0800020c   0x0800020c   0x0000001c   Code   RO          541    !!handler_zi        c_w.l(__scatter_zi.o)
    0x08000228   0x08000228   0x00000002   Code   RO          397    .ARM.Collect$$libinit$$00000000  c_w.l(libinit.o)
    0x0800022a   0x0800022a   0x00000004   Code   RO          403    .ARM.Collect$$libinit$$00000001  c_w.l(libinit2.o)
    0x0800022e   0x0800022e   0x00000000   Code   RO          406    .ARM.Collect$$libinit$$00000004  c_w.l(libinit2.o)
    0x0800022e   0x0800022e   0x00000000   Code   RO          408    .ARM.Collect$$libinit$$00000006  c_w.l(libinit2.o)
    0x0800022e   0x0800022e   0x00000000   Code   RO          411    .ARM.Collect$$libinit$$0000000C  c_w.l(libinit2.o)
    0x0800022e   0x0800022e   0x00000000   Code   RO          413    .ARM.Collect$$libinit$$0000000E  c_w.l(libinit2.o)
    0x0800022e   0x0800022e   0x00000000   Code   RO          415    .ARM.Collect$$libinit$$00000010  c_w.l(libinit2.o)
    0x0800022e   0x0800022e   0x00000000   Code   RO          418    .ARM.Collect$$libinit$$00000013  c_w.l(libinit2.o)
    0x0800022e   0x0800022e   0x00000000   Code   RO          420    .ARM.Collect$$libinit$$00000015  c_w.l(libinit2.o)
    0x0800022e   0x0800022e   0x00000000   Code   RO          422    .ARM.Collect$$libinit$$00000017  c_w.l(libinit2.o)
    0x0800022e   0x0800022e   0x00000000   Code   RO          424    .ARM.Collect$$libinit$$00000019  c_w.l(libinit2.o)
    0x0800022e   0x0800022e   0x00000000   Code   RO          426    .ARM.Collect$$libinit$$0000001B  c_w.l(libinit2.o)
    0x0800022e   0x0800022e   0x00000000   Code   RO          428    .ARM.Collect$$libinit$$0000001D  c_w.l(libinit2.o)
    0x0800022e   0x0800022e   0x00000000   Code   RO          430    .ARM.Collect$$libinit$$0000001F  c_w.l(libinit2.o)
    0x0800022e   0x0800022e   0x00000000   Code   RO          432    .ARM.Collect$$libinit$$00000021  c_w.l(libinit2.o)
    0x0800022e   0x0800022e   0x00000000   Code   RO          434    .ARM.Collect$$libinit$$00000023  c_w.l(libinit2.o)
    0x0800022e   0x0800022e   0x00000000   Code   RO          436    .ARM.Collect$$libinit$$00000025  c_w.l(libinit2.o)
    0x0800022e   0x0800022e   0x00000000   Code   RO          438    .ARM.Collect$$libinit$$00000027  c_w.l(libinit2.o)
    0x0800022e   0x0800022e   0x00000000   Code   RO          442    .ARM.Collect$$libinit$$0000002E  c_w.l(libinit2.o)
    0x0800022e   0x0800022e   0x00000000   Code   RO          444    .ARM.Collect$$libinit$$00000030  c_w.l(libinit2.o)
    0x0800022e   0x0800022e   0x00000000   Code   RO          446    .ARM.Collect$$libinit$$00000032  c_w.l(libinit2.o)
    0x0800022e   0x0800022e   0x00000000   Code   RO          448    .ARM.Collect$$libinit$$00000034  c_w.l(libinit2.o)
    0x0800022e   0x0800022e   0x00000002   Code   RO          449    .ARM.Collect$$libinit$$00000035  c_w.l(libinit2.o)
    0x08000230   0x08000230   0x00000002   Code   RO          471    .ARM.Collect$$libshutdown$$00000000  c_w.l(libshutdown.o)
    0x08000232   0x08000232   0x00000000   Code   RO          486    .ARM.Collect$$libshutdown$$00000002  c_w.l(libshutdown2.o)
    0x08000232   0x08000232   0x00000000   Code   RO          488    .ARM.Collect$$libshutdown$$00000004  c_w.l(libshutdown2.o)
    0x08000232   0x08000232   0x00000000   Code   RO          491    .ARM.Collect$$libshutdown$$00000007  c_w.l(libshutdown2.o)
    0x08000232   0x08000232   0x00000000   Code   RO          494    .ARM.Collect$$libshutdown$$0000000A  c_w.l(libshutdown2.o)
    0x08000232   0x08000232   0x00000000   Code   RO          496    .ARM.Collect$$libshutdown$$0000000C  c_w.l(libshutdown2.o)
    0x08000232   0x08000232   0x00000000   Code   RO          499    .ARM.Collect$$libshutdown$$0000000F  c_w.l(libshutdown2.o)
    0x08000232   0x08000232   0x00000002   Code   RO          500    .ARM.Collect$$libshutdown$$00000010  c_w.l(libshutdown2.o)
    0x08000234   0x08000234   0x00000000   Code   RO          372    .ARM.Collect$$rtentry$$00000000  c_w.l(__rtentry.o)
    0x08000234   0x08000234   0x00000000   Code   RO          374    .ARM.Collect$$rtentry$$00000002  c_w.l(__rtentry2.o)
    0x08000234   0x08000234   0x00000006   Code   RO          386    .ARM.Collect$$rtentry$$00000004  c_w.l(__rtentry4.o)
    0x0800023a   0x0800023a   0x00000000   Code   RO          376    .ARM.Collect$$rtentry$$00000009  c_w.l(__rtentry2.o)
    0x0800023a   0x0800023a   0x00000004   Code   RO          377    .ARM.Collect$$rtentry$$0000000A  c_w.l(__rtentry2.o)
    0x0800023e   0x0800023e   0x00000000   Code   RO          379    .ARM.Collect$$rtentry$$0000000C  c_w.l(__rtentry2.o)
    0x0800023e   0x0800023e   0x00000008   Code   RO          380    .ARM.Collect$$rtentry$$0000000D  c_w.l(__rtentry2.o)
    0x08000246   0x08000246   0x00000002   Code   RO          401    .ARM.Collect$$rtexit$$00000000  c_w.l(rtexit.o)
    0x08000248   0x08000248   0x00000000   Code   RO          451    .ARM.Collect$$rtexit$$00000002  c_w.l(rtexit2.o)
    0x08000248   0x08000248   0x00000004   Code   RO          452    .ARM.Collect$$rtexit$$00000003  c_w.l(rtexit2.o)
    0x0800024c   0x0800024c   0x00000006   Code   RO          453    .ARM.Collect$$rtexit$$00000004  c_w.l(rtexit2.o)
    0x08000252   0x08000252   0x00000002   PAD
    0x08000254   0x08000254   0x00000040   Code   RO          345    .text               startup_stm32f303xc.o
    0x08000294   0x08000294   0x00000006   Code   RO          368    .text               c_w.l(heapauxi.o)
    0x0800029a   0x0800029a   0x0000004a   Code   RO          388    .text               c_w.l(sys_stackheap_outer.o)
    0x080002e4   0x080002e4   0x00000012   Code   RO          390    .text               c_w.l(exit.o)
    0x080002f6   0x080002f6   0x00000002   PAD
    0x080002f8   0x080002f8   0x00000008   Code   RO          398    .text               c_w.l(libspace.o)
    0x08000300   0x08000300   0x0000000c   Code   RO          461    .text               c_w.l(sys_exit.o)
    0x0800030c   0x0800030c   0x00000002   Code   RO          476    .text               c_w.l(use_no_semi.o)
    0x0800030e   0x0800030e   0x00000000   Code   RO          478    .text               c_w.l(indicate_semi.o)
    0x0800030e   0x0800030e   0x00000002   PAD
    0x08000310   0x08000310   0x00000002   Code   RO            8    .text.BusFault_Handler  main.o
    0x08000312   0x08000312   0x00000002   PAD
    0x08000314   0x08000314   0x00000002   Code   RO            4    .text.HardFault_Handler  main.o
    0x08000316   0x08000316   0x00000002   PAD
    0x08000318   0x08000318   0x00000002   Code   RO            6    .text.MemManage_Handler  main.o
    0x0800031a   0x0800031a   0x00000002   PAD
    0x0800031c   0x0800031c   0x00000002   Code   RO            2    .text.NMI_Handler   main.o
    0x0800031e   0x0800031e   0x00000002   PAD
    0x08000320   0x08000320   0x00000010   Code   RO           36    .text.ROSusart_checkTxComplete  ros_usart.o
    0x08000330   0x08000330   0x00000010   Code   RO           34    .text.ROSusart_checkTxEmpty  ros_usart.o
    0x08000340   0x08000340   0x0000007c   Code   RO           32    .text.ROSusart_init  ros_usart.o
    0x080003bc   0x080003bc   0x0000000c   Code   RO           38    .text.ROSusart_transmitData  ros_usart.o
    0x080003c8   0x080003c8   0x00000010   Code   RO          129    .text.SysTick_Handler  systick_millis.o
    0x080003d8   0x080003d8   0x00000012   Code   RO          352    .text.SystemInit    system_stm32f3xx.o
    0x080003ea   0x080003ea   0x00000002   PAD
    0x080003ec   0x080003ec   0x0000002c   Code   RO           30    .text.USART1_IRQHandler  ros_usart.o
    0x08000418   0x08000418   0x00000002   Code   RO           10    .text.UsageFault_Handler  main.o
    0x0800041a   0x0800041a   0x00000002   PAD
    0x0800041c   0x0800041c   0x00000010   Code   RO          231    .text.adns5090_deselectSPI  app_sensor_adns5090.o
    0x0800042c   0x0800042c   0x00000028   Code   RO          239    .text.adns5090_getOdometry  app_sensor_adns5090.o
    0x08000454   0x08000454   0x00000104   Code   RO          237    .text.adns5090_init  app_sensor_adns5090.o
    0x08000558   0x08000558   0x00000010   Code   RO          229    .text.adns5090_selectSPI  app_sensor_adns5090.o
    0x08000568   0x08000568   0x0000009c   Code   RO          266    .text.app_io_manager_I2CRunner  app_io_manager.o
    0x08000604   0x08000604   0x0000000e   Code   RO          264    .text.app_io_manager_I2CTriggerNext  app_io_manager.o
    0x08000612   0x08000612   0x00000002   PAD
    0x08000614   0x08000614   0x00000084   Code   RO          260    .text.app_io_manager_SPIRunner  app_io_manager.o
    0x08000698   0x08000698   0x0000000e   Code   RO          258    .text.app_io_manager_SPITriggerNext  app_io_manager.o
    0x080006a6   0x080006a6   0x00000002   PAD
    0x080006a8   0x080006a8   0x00000014   Code   RO          268    .text.app_io_manager_getI2CSensorDataReady  app_io_manager.o
    0x080006bc   0x080006bc   0x00000014   Code   RO          262    .text.app_io_manager_getSPISensorDataReady  app_io_manager.o
    0x080006d0   0x080006d0   0x0000002c   Code   RO          252    .text.app_io_manager_init  app_io_manager.o
    0x080006fc   0x080006fc   0x00000064   Code   RO          254    .text.app_io_manager_runner  app_io_manager.o
    0x08000760   0x08000760   0x000001a6   Code   RO          292    .text.app_motor_control_commandMotor  app_motor_control.o
    0x08000906   0x08000906   0x00000002   PAD
    0x08000908   0x08000908   0x000000c8   Code   RO          288    .text.app_motor_control_doEncoder  app_motor_control.o
    0x080009d0   0x080009d0   0x000001dc   Code   RO          290    .text.app_motor_control_doPID  app_motor_control.o
    0x08000bac   0x08000bac   0x00000022   Code   RO          286    .text.app_motor_control_init  app_motor_control.o
    0x08000bce   0x08000bce   0x00000002   PAD
    0x08000bd0   0x08000bd0   0x0000007c   Code   RO          319    .text.app_robot_appInit  app_robot_runner.o
    0x08000c4c   0x08000c4c   0x00000156   Code   RO          315    .text.app_robot_gpioInit  app_robot_runner.o
    0x08000da2   0x08000da2   0x00000002   PAD
    0x08000da4   0x08000da4   0x00000068   Code   RO          327    .text.app_robot_runner  app_robot_runner.o
    0x08000e0c   0x08000e0c   0x0000008a   Code   RO          143    .text.app_ros_comm_init  app_ros_comm.o
    0x08000e96   0x08000e96   0x00000002   PAD
    0x08000e98   0x08000e98   0x00000104   Code   RO          151    .text.app_ros_comm_processRX  app_ros_comm.o
    0x08000f9c   0x08000f9c   0x000000a8   Code   RO          149    .text.app_ros_comm_runner  app_ros_comm.o
    0x08001044   0x08001044   0x000000d2   Code   RO          145    .text.app_ros_comm_rxCallback  app_ros_comm.o
    0x08001116   0x08001116   0x00000002   PAD
    0x08001118   0x08001118   0x00000050   Code   RO           22    .text.clk_init      clk.o
    0x08001168   0x08001168   0x00000012   Code   RO          110    .text.i2c_getFSMBusy  i2c.o
    0x0800117a   0x0800117a   0x00000002   PAD
    0x0800117c   0x0800117c   0x00000018   Code   RO          112    .text.i2c_getSlaveNack  i2c.o
    0x08001194   0x08001194   0x00000044   Code   RO          104    .text.i2c_init      i2c.o
    0x080011d8   0x080011d8   0x000001aa   Code   RO          108    .text.i2c_ioPoll    i2c.o
    0x08001382   0x08001382   0x00000002   PAD
    0x08001384   0x08001384   0x00000068   Code   RO          106    .text.i2c_writeRequest  i2c.o
    0x080013ec   0x080013ec   0x0000003e   Code   RO          211    .text.l3gd20_applyOffset  app_sensor_l3gd20.o
    0x0800142a   0x0800142a   0x00000002   PAD
    0x0800142c   0x0800142c   0x00000012   Code   RO          199    .text.l3gd20_deselectSPI  app_sensor_l3gd20.o
    0x0800143e   0x0800143e   0x00000002   PAD
    0x08001440   0x08001440   0x00000028   Code   RO          209    .text.l3gd20_getGyroData  app_sensor_l3gd20.o
    0x08001468   0x08001468   0x00000260   Code   RO          205    .text.l3gd20_init   app_sensor_l3gd20.o
    0x080016c8   0x080016c8   0x00000012   Code   RO          197    .text.l3gd20_selectSPI  app_sensor_l3gd20.o
    0x080016da   0x080016da   0x00000002   PAD
    0x080016dc   0x080016dc   0x0000001a   Code   RO          184    .text.lsm303dlhc_convertMagEndianness  app_sensor_lsm303dlhc.o
    0x080016f6   0x080016f6   0x00000002   PAD
    0x080016f8   0x080016f8   0x00000026   Code   RO          180    .text.lsm303dlhc_getAccelData  app_sensor_lsm303dlhc.o
    0x0800171e   0x0800171e   0x00000002   PAD
    0x08001720   0x08001720   0x00000026   Code   RO          182    .text.lsm303dlhc_getMagData  app_sensor_lsm303dlhc.o
    0x08001746   0x08001746   0x00000002   PAD
    0x08001748   0x08001748   0x00000254   Code   RO          178    .text.lsm303dlhc_init  app_sensor_lsm303dlhc.o
    0x0800199c   0x0800199c   0x0000000a   Code   RO           12    .text.main          main.o
    0x080019a6   0x080019a6   0x00000002   PAD
    0x080019a8   0x080019a8   0x0000000c   Code   RO          133    .text.millis        systick_millis.o
    0x080019b4   0x080019b4   0x00000012   Code   RO           65    .text.spi_getFSMBusy  spi.o
    0x080019c6   0x080019c6   0x00000002   PAD
    0x080019c8   0x080019c8   0x00000034   Code   RO           49    .text.spi_init      spi.o
    0x080019fc   0x080019fc   0x000000aa   Code   RO           63    .text.spi_ioPoll    spi.o
    0x08001aa6   0x08001aa6   0x00000002   PAD
    0x08001aa8   0x08001aa8   0x0000006e   Code   RO           61    .text.spi_writeThenReadRequest  spi.o
    0x08001b16   0x08001b16   0x00000002   PAD
    0x08001b18   0x08001b18   0x0000002e   Code   RO          131    .text.systick_init  systick_millis.o
    0x08001b46   0x08001b46   0x00000002   PAD
    0x08001b48   0x08001b48   0x00000050   Code   RO           92    .text.tim_pwm_init  tim_pwm.o
    0x08001b98   0x08001b98   0x0000001a   Code   RO           94    .text.tim_pwm_updateCompare  tim_pwm.o
    0x08001bb2   0x08001bb2   0x00000002   PAD
    0x08001bb4   0x08001bb4   0x00000024   Code   RO           83    .text.tim_qdec_getCount  tim_qdec.o
    0x08001bd8   0x08001bd8   0x000000bc   Code   RO           81    .text.tim_qdec_init  tim_qdec.o
    0x08001c94   0x08001c94   0x0000001a   Code   RO          459    x$fpl$fpinit        fz_wm.l(fpinit.o)
    0x08001cae   0x08001cae   0x00000002   PAD
    0x08001cb0   0x08001cb0   0x00000020   Data   RO          534    Region$$Table       anon$$obj.o


    Execution Region RW_IRAM2 (Exec base: 0x10000000, Load base: 0x08001d20, Size: 0x00000000, Max: 0x00002000, ABSOLUTE)

    **** No section assigned to this execution region ****


    Execution Region RW_IRAM1 (Exec base: 0x20000000, Load base: 0x08001cd0, Size: 0x000007e0, Max: 0x0000c000, ABSOLUTE)

    Exec Addr    Load Addr    Size         Type   Attr      Idx    E Section Name        Object

    0x20000000   0x08001cd0   0x00000014   Data   RW          298    .data.motor1_pid_t  app_motor_control.o
    0x20000014   0x08001ce4   0x00000014   Data   RW          299    .data.motor2_pid_t  app_motor_control.o
    0x20000028   0x08001cf8   0x00000014   Data   RW          300    .data.motor3_pid_t  app_motor_control.o
    0x2000003c   0x08001d0c   0x00000014   Data   RW          301    .data.motor4_pid_t  app_motor_control.o
    0x20000050        -       0x00000060   Zero   RW          399    .bss                c_w.l(libspace.o)
    0x200000b0        -       0x00000004   Zero   RW          277    .bss.acmag_dataPointer_t  app_io_manager.o
    0x200000b4        -       0x00000001   Zero   RW          188    .bss.acmag_fsm      app_sensor_lsm303dlhc.o
    0x200000b5        -       0x00000002   Zero   RW          187    .bss.acmag_read_buffer  app_sensor_lsm303dlhc.o
    0x200000b7        -       0x00000004   Zero   RW          186    .bss.acmag_write_buffer  app_sensor_lsm303dlhc.o
    0x200000bb   0x08001d20   0x00000001   PAD
    0x200000bc        -       0x00000004   Zero   RW          275    .bss.adns_dataPointer_t  app_io_manager.o
    0x200000c0        -       0x00000001   Zero   RW          243    .bss.adns_fsm       app_sensor_adns5090.o
    0x200000c1        -       0x00000002   Zero   RW          242    .bss.adns_read_buffer  app_sensor_adns5090.o
    0x200000c3        -       0x00000004   Zero   RW          241    .bss.adns_write_buffer  app_sensor_adns5090.o
    0x200000c7   0x08001d20   0x00000001   PAD
    0x200000c8        -       0x00000004   Zero   RW          217    .bss.cal_accmu_x    app_sensor_l3gd20.o
    0x200000cc        -       0x00000004   Zero   RW          218    .bss.cal_accmu_y    app_sensor_l3gd20.o
    0x200000d0        -       0x00000004   Zero   RW          219    .bss.cal_accmu_z    app_sensor_l3gd20.o
    0x200000d4        -       0x00000002   Zero   RW          216    .bss.cal_counter    app_sensor_l3gd20.o
    0x200000d6        -       0x00000001   Zero   RW          153    .bss.comm_fsm       app_ros_comm.o
    0x200000d7   0x08001d20   0x00000001   PAD
    0x200000d8        -       0x00000004   Zero   RW          329    .bss.controlRunner_millis  app_robot_runner.o
    0x200000dc        -       0x00000008   Zero   RW          304    .bss.enc_cnt_t      app_motor_control.o
    0x200000e4        -       0x00000004   Zero   RW          276    .bss.gyro_dataPointer_t  app_io_manager.o
    0x200000e8        -       0x00000001   Zero   RW          215    .bss.gyro_fsm       app_sensor_l3gd20.o
    0x200000e9        -       0x00000002   Zero   RW          214    .bss.gyro_read_buffer  app_sensor_l3gd20.o
    0x200000eb        -       0x00000004   Zero   RW          213    .bss.gyro_write_buffer  app_sensor_l3gd20.o
    0x200000ef        -       0x00000001   Zero   RW          114    .bss.i2c_fsm        i2c.o
    0x200000f0        -       0x00000001   Zero   RW          118    .bss.i2c_nbyte      i2c.o
    0x200000f1   0x08001d20   0x00000001   PAD
    0x200000f2        -       0x00000002   Zero   RW          117    .bss.i2c_read_count  i2c.o
    0x200000f4        -       0x00000004   Zero   RW          120    .bss.i2c_read_ptr   i2c.o
    0x200000f8        -       0x00000001   Zero   RW          115    .bss.i2c_slave_addr  i2c.o
    0x200000f9        -       0x00000001   Zero   RW          116    .bss.i2c_write_count  i2c.o
    0x200000fa   0x08001d20   0x00000002   PAD
    0x200000fc        -       0x00000004   Zero   RW          119    .bss.i2c_write_ptr  i2c.o
    0x20000100        -       0x00000004   Zero   RW          163    .bss.imu_acmag_data_ptr_t  app_ros_comm.o
    0x20000104        -       0x0000000c   Zero   RW          333    .bss.imu_acmag_data_t  app_robot_runner.o
    0x20000110        -       0x00000004   Zero   RW          162    .bss.imu_gyro_data_ptr_t  app_ros_comm.o
    0x20000114        -       0x00000007   Zero   RW          332    .bss.imu_gyro_data_t  app_robot_runner.o
    0x2000011b        -       0x00000007   Zero   RW          220    .bss.l3gd20_offsetCal_t  app_sensor_l3gd20.o
    0x20000122   0x08001d20   0x00000002   PAD
    0x20000124        -       0x00000004   Zero   RW          294    .bss.m1_from_float  app_motor_control.o
    0x20000128        -       0x00000004   Zero   RW          295    .bss.m2_from_float  app_motor_control.o
    0x2000012c        -       0x00000004   Zero   RW          296    .bss.m3_from_float  app_motor_control.o
    0x20000130        -       0x00000004   Zero   RW          297    .bss.m4_from_float  app_motor_control.o
    0x20000134        -       0x00000001   Zero   RW          270    .bss.manager_fsm    app_io_manager.o
    0x20000135        -       0x00000001   Zero   RW          274    .bss.manager_i2c_readRequest  app_io_manager.o
    0x20000136        -       0x00000001   Zero   RW          272    .bss.manager_i2c_runner_fsm  app_io_manager.o
    0x20000137        -       0x00000001   Zero   RW          273    .bss.manager_spi_readRequest  app_io_manager.o
    0x20000138        -       0x00000001   Zero   RW          271    .bss.manager_spi_runner_fsm  app_io_manager.o
    0x20000139   0x08001d20   0x00000003   PAD
    0x2000013c        -       0x00000004   Zero   RW          135    .bss.millis_counter  systick_millis.o
    0x20000140        -       0x00000004   Zero   RW          164    .bss.motor_cmdvel_ptr_t  app_ros_comm.o
    0x20000144        -       0x00000010   Zero   RW          334    .bss.motor_cmdvel_t  app_robot_runner.o
    0x20000154        -       0x00000004   Zero   RW          165    .bss.motor_fbvel_ptr_t  app_ros_comm.o
    0x20000158        -       0x00000010   Zero   RW          335    .bss.motor_fbvel_t  app_robot_runner.o
    0x20000168        -       0x00000008   Zero   RW          306    .bss.motor_pwm_t    app_motor_control.o
    0x20000170        -       0x00000004   Zero   RW          302    .bss.motor_velcmd_t  app_motor_control.o
    0x20000174        -       0x00000004   Zero   RW          303    .bss.motor_velread_t  app_motor_control.o
    0x20000178        -       0x00000004   Zero   RW          161    .bss.odom_data_ptr_t  app_ros_comm.o
    0x2000017c        -       0x00000004   Zero   RW          331    .bss.odom_data_t    app_robot_runner.o
    0x20000180        -       0x00000008   Zero   RW          305    .bss.prev_enc_cnt_t  app_motor_control.o
    0x20000188        -       0x0000002d   Zero   RW          159    .bss.rbc_Packet_t   app_ros_comm.o
    0x200001b5   0x08001d20   0x00000003   PAD
    0x200001b8        -       0x00000004   Zero   RW           72    .bss.rd_ptr         spi.o
    0x200001bc        -       0x00000004   Zero   RW           40    .bss.readDataCallback  ros_usart.o
    0x200001c0        -       0x00000001   Zero   RW          156    .bss.rx_data_max_cnt  app_ros_comm.o
    0x200001c1        -       0x00000001   Zero   RW          154    .bss.rx_fsm         app_ros_comm.o
    0x200001c2        -       0x00000001   Zero   RW          155    .bss.rx_pointer_idx  app_ros_comm.o
    0x200001c3   0x08001d20   0x00000001   PAD
    0x200001c4        -       0x00000004   Zero   RW          160    .bss.rx_ptr         app_ros_comm.o
    0x200001c8        -       0x00000004   Zero   RW          330    .bss.sensorRunner_millis  app_robot_runner.o
    0x200001cc        -       0x00000004   Zero   RW           70    .bss.spi_desel      spi.o
    0x200001d0        -       0x00000001   Zero   RW           67    .bss.spi_fsm        spi.o
    0x200001d1   0x08001d20   0x00000003   PAD
    0x200001d4        -       0x00000004   Zero   RW           69    .bss.spi_sel        spi.o
    0x200001d8        -       0x00000001   Zero   RW           68    .bss.spi_xfer_count  spi.o
    0x200001d9        -       0x00000001   Zero   RW          157    .bss.tx_fsm         app_ros_comm.o
    0x200001da        -       0x00000001   Zero   RW          158    .bss.tx_pointer_idx  app_ros_comm.o
    0x200001db   0x08001d20   0x00000001   PAD
    0x200001dc        -       0x00000004   Zero   RW           71    .bss.wr_ptr         spi.o
    0x200001e0        -       0x00000200   Zero   RW          343    HEAP                startup_stm32f303xc.o
    0x200003e0        -       0x00000400   Zero   RW          342    STACK               startup_stm32f303xc.o


==============================================================================

Image component sizes


      Code (inc. data)   RO Data    RW Data    ZI Data      Debug   Object Name

       500          8          0          0         17       2869   app_io_manager.o
      1132         12          0         80         48       3287   app_motor_control.o
       570          0          0          0         63       3344   app_robot_runner.o
       776          8          0          0         75       4377   app_ros_comm.o
       332          6          0          0          7       2763   app_sensor_adns5090.o
       746         10          0          0         28       3458   app_sensor_l3gd20.o
       698         28          0          0          7       2945   app_sensor_lsm303dlhc.o
        80          0          0          0          0       1207   clk.o
       640          8          0          0         14       2503   i2c.o
        20          0          0          0          0        808   main.o
       212         12          0          0          4       5315   ros_usart.o
       350          4          0          0         18       2797   spi.o
        64         26        392          0       1536        908   startup_stm32f303xc.o
        18          0          0          0          0       2467   system_stm32f3xx.o
        74          0          0          0          4       4021   systick_millis.o
       106          0          0          0          0       1870   tim_pwm.o
       224          0          0          0          0       1873   tim_qdec.o

    ----------------------------------------------------------------------
      6596        122        424         80       1840      46812   Object Totals
         0          0         32          0          0          0   (incl. Generated)
        54          0          0          0         19          0   (incl. Padding)

    ----------------------------------------------------------------------

      Code (inc. data)   RO Data    RW Data    ZI Data      Debug   Library Member Name

         8          0          0          0          0         68   __main.o
         0          0          0          0          0          0   __rtentry.o
        12          0          0          0          0          0   __rtentry2.o
         6          0          0          0          0          0   __rtentry4.o
        94          8          0          0          0          0   __scatter.o
        26          0          0          0          0          0   __scatter_copy.o
        28          0          0          0          0          0   __scatter_zi.o
        18          0          0          0          0         80   exit.o
         6          0          0          0          0        152   heapauxi.o
         0          0          0          0          0          0   indicate_semi.o
         2          0          0          0          0          0   libinit.o
         6          0          0          0          0          0   libinit2.o
         2          0          0          0          0          0   libshutdown.o
         2          0          0          0          0          0   libshutdown2.o
         8          4          0          0         96         68   libspace.o
         2          0          0          0          0          0   rtexit.o
        10          0          0          0          0          0   rtexit2.o
        12          4          0          0          0         68   sys_exit.o
        74          0          0          0          0         80   sys_stackheap_outer.o
         2          0          0          0          0         68   use_no_semi.o
        26          0          0          0          0        116   fpinit.o

    ----------------------------------------------------------------------
       356         16          0          0         96        700   Library Totals
        12          0          0          0          0          0   (incl. Padding)

    ----------------------------------------------------------------------

      Code (inc. data)   RO Data    RW Data    ZI Data      Debug   Library Name

       318         16          0          0         96        584   c_w.l
        26          0          0          0          0        116   fz_wm.l

    ----------------------------------------------------------------------
       356         16          0          0         96        700   Library Totals

    ----------------------------------------------------------------------

==============================================================================


      Code (inc. data)   RO Data    RW Data    ZI Data      Debug   

      6952        138        424         80       1936      47124   Grand Totals
      6952        138        424         80       1936      47124   ELF Image Totals
      6952        138        424         80          0          0   ROM Totals

==============================================================================

    Total RO  Size (Code + RO Data)                 7376 (   7.20kB)
    Total RW  Size (RW Data + ZI Data)              2016 (   1.97kB)
    Total ROM Size (Code + RO Data + RW Data)       7456 (   7.28kB)

==============================================================================

