Component: Arm Compiler for Embedded 6.22 Tool: armlink [5ee90200]

==============================================================================

Section Cross References

    app_main.o(.text.main) refers to system_ch32f20x.o(.text.SystemCoreClockUpdate) for SystemCoreClockUpdate
    app_main.o(.text.main) refers to systick.o(.text.vSystick_init) for vSystick_init
    app_main.o(.text.main) refers to gpio.o(.text.vGpio_initPins) for vGpio_initPins
    app_main.o(.text.main) refers to gpio.o(.text.vGpio_readSlaveConfigPins) for vGpio_readSlaveConfigPins
    app_main.o(.text.main) refers to app_tcpserver.o(.text.vAppTcp_serverInit) for vAppTcp_serverInit
    app_main.o(.text.main) refers to app_tcpserver.o(.bss.u8SocketRecvBuf) for u8SocketRecvBuf
    app_main.o(.text.main) refers to app_msgtype.o(.text.u8AppMsg_init) for u8AppMsg_init
    app_main.o(.text.main) refers to app_tcpserver.o(.text.vAppTcp_createRosListenSocket) for vAppTcp_createRosListenSocket
    app_main.o(.text.main) refers to eth_driver_d8w.o(.text.WCHNET_MainTask) for WCHNET_MainTask
    app_main.o(.text.main) refers to socket.o(i.WCHNET_QueryGlobalInt) for WCHNET_QueryGlobalInt
    app_main.o(.text.main) refers to app_tcpserver.o(.text.vAppTcp_handleIpInterrupt) for vAppTcp_handleIpInterrupt
    app_main.o(.ARM.exidx.text.main) refers to app_main.o(.text.main) for [Anonymous Symbol]
    app_tcpserver.o(.text.ETH_IRQHandler) refers to eth_driver_d8w.o(.text.WCHNET_ETHIsr) for WCHNET_ETHIsr
    app_tcpserver.o(.ARM.exidx.text.ETH_IRQHandler) refers to app_tcpserver.o(.text.ETH_IRQHandler) for [Anonymous Symbol]
    app_tcpserver.o(.text.TIM5_IRQHandler) refers to eth_driver_d8w.o(.text.WCHNET_TimeIsr) for WCHNET_TimeIsr
    app_tcpserver.o(.text.TIM5_IRQHandler) refers to ch32f20x_tim.o(.text.TIM_SetAutoreload) for TIM_SetAutoreload
    app_tcpserver.o(.text.TIM5_IRQHandler) refers to ch32f20x_tim.o(.text.TIM_ClearFlag) for TIM_ClearFlag
    app_tcpserver.o(.ARM.exidx.text.TIM5_IRQHandler) refers to app_tcpserver.o(.text.TIM5_IRQHandler) for [Anonymous Symbol]
    app_tcpserver.o(.text.vAppTcp_serverInit) refers to app_tcpserver.o(.data..L_MergedGlobals) for .L_MergedGlobals
    app_tcpserver.o(.text.vAppTcp_serverInit) refers to app_tcpserver.o(.bss.u8DeviceMACAddr) for u8DeviceMACAddr
    app_tcpserver.o(.text.vAppTcp_serverInit) refers to eth_driver_d8w.o(.text.WCHNET_GetMacAddr) for WCHNET_GetMacAddr
    app_tcpserver.o(.text.vAppTcp_serverInit) refers to eth_driver_d8w.o(.text.ETH_LibInit) for ETH_LibInit
    app_tcpserver.o(.ARM.exidx.text.vAppTcp_serverInit) refers to app_tcpserver.o(.text.vAppTcp_serverInit) for [Anonymous Symbol]
    app_tcpserver.o(.text.vAppTcp_createRosListenSocket) refers to app_tcpserver.o(.bss..L_MergedGlobals.1) for .L_MergedGlobals.1
    app_tcpserver.o(.text.vAppTcp_createRosListenSocket) refers to socket.o(i.WCHNET_SocketCreat) for WCHNET_SocketCreat
    app_tcpserver.o(.text.vAppTcp_createRosListenSocket) refers to socket.o(i.WCHNET_SocketListen) for WCHNET_SocketListen
    app_tcpserver.o(.ARM.exidx.text.vAppTcp_createRosListenSocket) refers to app_tcpserver.o(.text.vAppTcp_createRosListenSocket) for [Anonymous Symbol]
    app_tcpserver.o(.text.u8AppTcp_isRosClientConnected) refers to app_tcpserver.o(.bss..L_MergedGlobals.1) for .L_MergedGlobals.1
    app_tcpserver.o(.ARM.exidx.text.u8AppTcp_isRosClientConnected) refers to app_tcpserver.o(.text.u8AppTcp_isRosClientConnected) for [Anonymous Symbol]
    app_tcpserver.o(.text.vAppTcp_handleSocketInterrupt) refers to socket.o(i.WCHNET_SocketRecvLen) for WCHNET_SocketRecvLen
    app_tcpserver.o(.text.vAppTcp_handleSocketInterrupt) refers to app_tcpserver.o(.bss..L_MergedGlobals.1) for .L_MergedGlobals.1
    app_tcpserver.o(.text.vAppTcp_handleSocketInterrupt) refers to socket.o(i.WCHNET_SocketRecv) for WCHNET_SocketRecv
    app_tcpserver.o(.text.vAppTcp_handleSocketInterrupt) refers to app_tcpserver.o(.bss.u8SocketRecvBuf) for u8SocketRecvBuf
    app_tcpserver.o(.text.vAppTcp_handleSocketInterrupt) refers to socket.o(i.WCHNET_ModifyRecvBuf) for WCHNET_ModifyRecvBuf
    app_tcpserver.o(.ARM.exidx.text.vAppTcp_handleSocketInterrupt) refers to app_tcpserver.o(.text.vAppTcp_handleSocketInterrupt) for [Anonymous Symbol]
    app_tcpserver.o(.text.vAppTcp_handleIpInterrupt) refers to socket.o(i.WCHNET_GetGlobalInt) for WCHNET_GetGlobalInt
    app_tcpserver.o(.text.vAppTcp_handleIpInterrupt) refers to socket.o(i.WCHNET_GetPHYStatus) for WCHNET_GetPHYStatus
    app_tcpserver.o(.text.vAppTcp_handleIpInterrupt) refers to app_tcpserver.o(.bss..L_MergedGlobals.1) for .L_MergedGlobals.1
    app_tcpserver.o(.text.vAppTcp_handleIpInterrupt) refers to socket.o(i.WCHNET_GetSocketInt) for WCHNET_GetSocketInt
    app_tcpserver.o(.text.vAppTcp_handleIpInterrupt) refers to socket.o(i.WCHNET_SocketRecvLen) for WCHNET_SocketRecvLen
    app_tcpserver.o(.text.vAppTcp_handleIpInterrupt) refers to socket.o(i.WCHNET_SocketRecv) for WCHNET_SocketRecv
[...]
    etharp_cached_entry                      0x20000098   Data           1  etharp.o(.data)
    .data                                    0x20000098   Section        8  etharp.o(.data)
    .data                                    0x200000a0   Section        8  ethernetif.o(.data)
    ram_heap                                 0x200000a8   Data           4  mem.o(.data)
    .data                                    0x200000a8   Section       16  mem.o(.data)
    ram                                      0x200000ac   Data           4  mem.o(.data)
    ram_end                                  0x200000b0   Data           4  mem.o(.data)
    lfree                                    0x200000b4   Data           4  mem.o(.data)
    .data                                    0x200000b8   Section       12  memp.o(.data)
    memp_memory                              0x200000c0   Data           4  memp.o(.data)
    netifnum                                 0x200000c4   Data           1  netif.o(.data)
    .data                                    0x200000c4   Section       12  netif.o(.data)
    flags                                    0x200000d0   Data           1  tcp_in.o(.data)
    .data                                    0x200000d0   Section       28  tcp_in.o(.data)
    recv_flags                               0x200000d1   Data           1  tcp_in.o(.data)
    tcplen                                   0x200000d2   Data           2  tcp_in.o(.data)
    tcphdr                                   0x200000d4   Data           4  tcp_in.o(.data)
    iphdr                                    0x200000d8   Data           4  tcp_in.o(.data)
    seqno                                    0x200000dc   Data           4  tcp_in.o(.data)
    ackno                                    0x200000e0   Data           4  tcp_in.o(.data)
    recv_data                                0x200000e4   Data           4  tcp_in.o(.data)
    ip_id                                    0x200000ec   Data           2  ip.o(.data)
    .data                                    0x200000ec   Section        2  ip.o(.data)
    .L_MergedGlobals                         0x200000ee   Data          12  app_tcpserver.o(.data..L_MergedGlobals)
    [Anonymous Symbol]                       0x200000ee   Section        0  app_tcpserver.o(.data..L_MergedGlobals)
    .bss                                     0x20000100   Section      124  socket.o(.bss)
    .bss                                     0x2000017c   Section       10  ipcheck.o(.bss)
    .bss                                     0x20000188   Section       88  net_dhcp.o(.bss)
    .bss                                     0x200001e0   Section       20  net_dns.o(.bss)
    .bss                                     0x200001f4   Section       56  ethernetif.o(.bss)
    memp_tab                                 0x2000022c   Data          32  memp.o(.bss)
    .bss                                     0x2000022c   Section       32  memp.o(.bss)
    inseg                                    0x2000024c   Data          20  tcp_in.o(.bss)
    .bss                                     0x2000024c   Section       20  tcp_in.o(.bss)
    .bss                                     0x20000260   Section       96  libspace.o(.bss)
    .L_MergedGlobals                         0x200002c0   Data          12  gpio.o(.bss..L_MergedGlobals)
    [Anonymous Symbol]                       0x200002c0   Section        0  gpio.o(.bss..L_MergedGlobals)
    .L_MergedGlobals                         0x200002cc   Data         112  eth_driver_d8w.o(.bss..L_MergedGlobals)
    [Anonymous Symbol]                       0x200002cc   Section        0  eth_driver_d8w.o(.bss..L_MergedGlobals)
    .L_MergedGlobals.1                       0x2000033c   Data          68  app_tcpserver.o(.bss..L_MergedGlobals.1)
    [Anonymous Symbol]                       0x2000033c   Section        0  app_tcpserver.o(.bss..L_MergedGlobals.1)
    Heap_Mem                                 0x20002240   Data         512  startup_ch32f20x_d8w.o(HEAP)
    HEAP                                     0x20002240   Section      512  startup_ch32f20x_d8w.o(HEAP)
    Stack_Mem                                0x20002440   Data        1024  startup_ch32f20x_d8w.o(STACK)
    STACK                                    0x20002440   Section     1024  startup_ch32f20x_d8w.o(STACK)
    __initial_sp                             0x20002840   Data           0  startup_ch32f20x_d8w.o(STACK)

    Global Symbols

    Symbol Name                              Value     Ov Type        Size  Object(Section)

    BuildAttributes$$THM_ISAv4$P$D$K$B$S$PE$A:L22UL41UL21$X:L11$S22US41US21$IEEE1$IW$~IW$USESV6$~STKCKD$USESV7$~SHL$OTIME$ROPI$EBA8$UX$STANDARDLIB$REQ8$PRES8$EABIv2 0x00000000   Number         0  anon$$obj.o ABSOLUTE
    __fp_init_empty                          0x00000000   Number         0  fpinit_empty.o ABSOLUTE
    __ARM_exceptions_init                     - Undefined Weak Reference
    __alloca_initialize                       - Undefined Weak Reference
    __arm_preinit_                            - Undefined Weak Reference
    __arm_relocate_pie_                       - Undefined Weak Reference
    __cpp_initialize__aeabi_                  - Undefined Weak Reference
    __cxa_finalize                            - Undefined Weak Reference
    __rt_locale                               - Undefined Weak Reference
    __sigvec_lookup                           - Undefined Weak Reference
    _atexit_init                              - Undefined Weak Reference
    _call_atexit_fns                          - Undefined Weak Reference
    _clock_init                               - Undefined Weak Reference
    _fp_trap_init                             - Undefined Weak Reference
    _fp_trap_shutdown                         - Undefined Weak Reference
    _get_lc_collate                           - Undefined Weak Reference
    _get_lc_ctype                             - Undefined Weak Reference
    _get_lc_monetary                          - Undefined Weak Reference
    _get_lc_numeric                           - Undefined Weak Reference
    _get_lc_time                              - Undefined Weak Reference
    _getenv_init                              - Undefined Weak Reference
    _handle_redirection                       - Undefined Weak Reference
    _init_alloc                               - Undefined Weak Reference
    _init_user_alloc                          - Undefined Weak Reference
    _initio                                   - Undefined Weak Reference
    _rand_init                                - Undefined Weak Reference
    _signal_finish                            - Undefined Weak Reference
    _signal_init                              - Undefined Weak Reference
    _terminate_alloc                          - Undefined Weak Reference
    _terminate_user_alloc                     - Undefined Weak Reference
    _terminateio                              - Undefined Weak Reference
    __Vectors_Size                           0x00000118   Number         0  startup_ch32f20x_d8w.o ABSOLUTE
    __Vectors                                0x08000000   Data           4  startup_ch32f20x_d8w.o(RESET)
    __Vectors_End                            0x08000118   Data           0  startup_ch32f20x_d8w.o(RESET)
    __main                                   0x08000119   Thumb Code     8  __main.o(!!!main)
    __scatterload                            0x08000121   Thumb Code     0  __scatter.o(!!!scatter)
    __scatterload_rt2                        0x08000121   Thumb Code    84  __scatter.o(!!!scatter)
    __scatterload_rt2_thumb_only             0x08000121   Thumb Code     0  __scatter.o(!!!scatter)
    __scatterload_loop                       0x0800012b   Thumb Code     0  __scatter.o(!!!scatter)
    __scatterload_copy                       0x0800017d   Thumb Code    26  __scatter_copy.o(!!handler_copy)
    __scatterload_null                       0x08000199   Thumb Code     2  __scatter.o(!!handler_null)
    __scatterload_zeroinit                   0x0800019d   Thumb Code    28  __scatter_zi.o(!!handler_zi)
    __rt_lib_init                            0x080001b9   Thumb Code     0  libinit.o(.ARM.Collect$$libinit$$00000000)
    __rt_lib_init_alloca_1                   0x080001bb   Thumb Code     0  libinit2.o(.ARM.Collect$$libinit$$00000030)
    __rt_lib_init_argv_1                     0x080001bb   Thumb Code     0  libinit2.o(.ARM.Collect$$libinit$$0000002E)
    __rt_lib_init_atexit_1                   0x080001bb   Thumb Code     0  libinit2.o(.ARM.Collect$$libinit$$0000001D)
    __rt_lib_init_clock_1                    0x080001bb   Thumb Code     0  libinit2.o(.ARM.Collect$$libinit$$00000023)
    __rt_lib_init_cpp_1                      0x080001bb   Thumb Code     0  libinit2.o(.ARM.Collect$$libinit$$00000034)
    __rt_lib_init_exceptions_1               0x080001bb   Thumb Code     0  libinit2.o(.ARM.Collect$$libinit$$00000032)
    __rt_lib_init_fp_1                       0x080001bb   Thumb Code     0  libinit2.o(.ARM.Collect$$libinit$$00000002)
    __rt_lib_init_fp_trap_1                  0x080001bb   Thumb Code     0  libinit2.o(.ARM.Collect$$libinit$$00000021)
    __rt_lib_init_getenv_1                   0x080001bb   Thumb Code     0  libinit2.o(.ARM.Collect$$libinit$$00000025)
    __rt_lib_init_heap_1                     0x080001bb   Thumb Code     0  libinit2.o(.ARM.Collect$$libinit$$0000000C)
    __rt_lib_init_lc_collate_1               0x080001bb   Thumb Code     0  libinit2.o(.ARM.Collect$$libinit$$00000013)
    __rt_lib_init_lc_ctype_1                 0x080001bb   Thumb Code     0  libinit2.o(.ARM.Collect$$libinit$$00000015)
    __rt_lib_init_lc_monetary_1              0x080001bb   Thumb Code     0  libinit2.o(.ARM.Collect$$libinit$$00000017)
    __rt_lib_init_lc_numeric_1               0x080001bb   Thumb Code     0  libinit2.o(.ARM.Collect$$libinit$$00000019)
    __rt_lib_init_lc_time_1                  0x080001bb   Thumb Code     0  libinit2.o(.ARM.Collect$$libinit$$0000001B)
    __rt_lib_init_preinit_1                  0x080001bb   Thumb Code     0  libinit2.o(.ARM.Collect$$libinit$$00000006)
    __rt_lib_init_rand_1                     0x080001bb   Thumb Code     0  libinit2.o(.ARM.Collect$$libinit$$00000010)
    __rt_lib_init_relocate_pie_1             0x080001bb   Thumb Code     0  libinit2.o(.ARM.Collect$$libinit$$00000004)
    __rt_lib_init_return                     0x080001bb   Thumb Code     0  libinit2.o(.ARM.Collect$$libinit$$00000035)
    __rt_lib_init_signal_1                   0x080001bb   Thumb Code     0  libinit2.o(.ARM.Collect$$libinit$$0000001F)
    __rt_lib_init_stdio_1                    0x080001bb   Thumb Code     0  libinit2.o(.ARM.Collect$$libinit$$00000027)
    __rt_lib_init_user_alloc_1               0x080001bb   Thumb Code     0  libinit2.o(.ARM.Collect$$libinit$$0000000E)
    __rt_lib_shutdown                        0x080001bd   Thumb Code     0  libshutdown.o(.ARM.Collect$$libshutdown$$00000000)
    __rt_lib_shutdown_cpp_1                  0x080001bf   Thumb Code     0  libshutdown2.o(.ARM.Collect$$libshutdown$$00000002)
    __rt_lib_shutdown_fp_trap_1              0x080001bf   Thumb Code     0  libshutdown2.o(.ARM.Collect$$libshutdown$$00000007)
    __rt_lib_shutdown_heap_1                 0x080001bf   Thumb Code     0  libshutdown2.o(.ARM.Collect$$libshutdown$$0000000F)
    __rt_lib_shutdown_return                 0x080001bf   Thumb Code     0  libshutdown2.o(.ARM.Collect$$libshutdown$$00000010)
    __rt_lib_shutdown_signal_1               0x080001bf   Thumb Code     0  libshutdown2.o(.ARM.Collect$$libshutdown$$0000000A)
    __rt_lib_shutdown_stdio_1                0x080001bf   Thumb Code     0  libshutdown2.o(.ARM.Collect$$libshutdown$$00000004)
    __rt_lib_shutdown_user_alloc_1           0x080001bf   Thumb Code     0  libshutdown2.o(.ARM.Collect$$libshutdown$$0000000C)
    __rt_entry                               0x080001c1   Thumb Code     0  __rtentry.o(.ARM.Collect$$rtentry$$00000000)
    __rt_entry_presh_1                       0x080001c1   Thumb Code     0  __rtentry2.o(.ARM.Collect$$rtentry$$00000002)
    __rt_entry_sh                            0x080001c1   Thumb Code     0  __rtentry4.o(.ARM.Collect$$rtentry$$00000004)
    __rt_entry_li                            0x080001c7   Thumb Code     0  __rtentry2.o(.ARM.Collect$$rtentry$$0000000A)
    __rt_entry_postsh_1                      0x080001c7   Thumb Code     0  __rtentry2.o(.ARM.Collect$$rtentry$$00000009)
    __rt_entry_main                          0x080001cb   Thumb Code     0  __rtentry2.o(.ARM.Collect$$rtentry$$0000000D)
    __rt_entry_postli_1                      0x080001cb   Thumb Code     0  __rtentry2.o(.ARM.Collect$$rtentry$$0000000C)
    __rt_exit                                0x080001d3   Thumb Code     0  rtexit.o(.ARM.Collect$$rtexit$$00000000)
    __rt_exit_ls                             0x080001d5   Thumb Code     0  rtexit2.o(.ARM.Collect$$rtexit$$00000003)
    __rt_exit_prels_1                        0x080001d5   Thumb Code     0  rtexit2.o(.ARM.Collect$$rtexit$$00000002)
    __rt_exit_exit                           0x080001d9   Thumb Code     0  rtexit2.o(.ARM.Collect$$rtexit$$00000004)
    Reset_Handler                            0x080001e1   Thumb Code     8  startup_ch32f20x_d8w.o(.text)
    NMI_Handler                              0x080001e9   Thumb Code     2  startup_ch32f20x_d8w.o(.text)
    HardFault_Handler                        0x080001eb   Thumb Code     2  startup_ch32f20x_d8w.o(.text)
    MemManage_Handler                        0x080001ed   Thumb Code     2  startup_ch32f20x_d8w.o(.text)
    BusFault_Handler                         0x080001ef   Thumb Code     2  startup_ch32f20x_d8w.o(.text)
    UsageFault_Handler                       0x080001f1   Thumb Code     2  startup_ch32f20x_d8w.o(.text)
    SVC_Handler                              0x080001f3   Thumb Code     2  startup_ch32f20x_d8w.o(.text)
    DebugMon_Handler                         0x080001f5   Thumb Code     2  startup_ch32f20x_d8w.o(.text)
    PendSV_Handler                           0x080001f7   Thumb Code     2  startup_ch32f20x_d8w.o(.text)
    ADC1_2_IRQHandler                        0x080001fb   Thumb Code     0  startup_ch32f20x_d8w.o(.text)
    BB_IRQHandler                            0x080001fb   Thumb Code     0  startup_ch32f20x_d8w.o(.text)
    CAN1_RX1_IRQHandler                      0x080001fb   Thumb Code     0  startup_ch32f20x_d8w.o(.text)
    CAN1_SCE_IRQHandler                      0x080001fb   Thumb Code     0  startup_ch32f20x_d8w.o(.text)
    DMA1_Channel1_IRQHandler                 0x080001fb   Thumb Code     0  startup_ch32f20x_d8w.o(.text)
    DMA1_Channel2_IRQHandler                 0x080001fb   Thumb Code     0  startup_ch32f20x_d8w.o(.text)
    DMA1_Channel3_IRQHandler                 0x080001fb   Thumb Code     0  startup_ch32f20x_d8w.o(.text)
    DMA1_Channel4_IRQHandler                 0x080001fb   Thumb Code     0  startup_ch32f20x_d8w.o(.text)
    DMA1_Channel5_IRQHandler                 0x080001fb   Thumb Code     0  startup_ch32f20x_d8w.o(.text)
    DMA1_Channel6_IRQHandler                 0x080001fb   Thumb Code     0  startup_ch32f20x_d8w.o(.text)
    DMA1_Channel7_IRQHandler                 0x080001fb   Thumb Code     0  startup_ch32f20x_d8w.o(.text)
    DMA1_Channel8_IRQHandler                 0x080001fb   Thumb Code     0  startup_ch32f20x_d8w.o(.text)
    ETHWakeUp_IRQHandler                     0x080001fb   Thumb Code     0  startup_ch32f20x_d8w.o(.text)
    EXTI0_IRQHandler                         0x080001fb   Thumb Code     0  startup_ch32f20x_d8w.o(.text)
    EXTI15_10_IRQHandler                     0x080001fb   Thumb Code     0  startup_ch32f20x_d8w.o(.text)
    EXTI1_IRQHandler                         0x080001fb   Thumb Code     0  startup_ch32f20x_d8w.o(.text)
    EXTI2_IRQHandler                         0x080001fb   Thumb Code     0  startup_ch32f20x_d8w.o(.text)
    EXTI3_IRQHandler                         0x080001fb   Thumb Code     0  startup_ch32f20x_d8w.o(.text)
    EXTI4_IRQHandler                         0x080001fb   Thumb Code     0  startup_ch32f20x_d8w.o(.text)
    EXTI9_5_IRQHandler                       0x080001fb   Thumb Code     0  startup_ch32f20x_d8w.o(.text)
    FLASH_IRQHandler                         0x080001fb   Thumb Code     0  startup_ch32f20x_d8w.o(.text)
    I2C1_ER_IRQHandler                       0x080001fb   Thumb Code     0  startup_ch32f20x_d8w.o(.text)
    I2C1_EV_IRQHandler                       0x080001fb   Thumb Code     0  startup_ch32f20x_d8w.o(.text)
    I2C2_ER_IRQHandler                       0x080001fb   Thumb Code     0  startup_ch32f20x_d8w.o(.text)
    I2C2_EV_IRQHandler                       0x080001fb   Thumb Code     0  startup_ch32f20x_d8w.o(.text)
    LLE_IRQHandler                           0x080001fb   Thumb Code     0  startup_ch32f20x_d8w.o(.text)
    OSC32KCal_IRQHandler                     0x080001fb   Thumb Code     0  startup_ch32f20x_d8w.o(.text)
    OSCWakeUp_IRQHandler                     0x080001fb   Thumb Code     0  startup_ch32f20x_d8w.o(.text)
    PVD_IRQHandler                           0x080001fb   Thumb Code     0  startup_ch32f20x_d8w.o(.text)
    RCC_IRQHandler                           0x080001fb   Thumb Code     0  startup_ch32f20x_d8w.o(.text)
    RTCAlarm_IRQHandler                      0x080001fb   Thumb Code     0  startup_ch32f20x_d8w.o(.text)
    RTC_IRQHandler                           0x080001fb   Thumb Code     0  startup_ch32f20x_d8w.o(.text)
    SPI1_IRQHandler                          0x080001fb   Thumb Code     0  startup_ch32f20x_d8w.o(.text)
    SPI2_IRQHandler                          0x080001fb   Thumb Code     0  startup_ch32f20x_d8w.o(.text)
    TAMPER_IRQHandler                        0x080001fb   Thumb Code     0  startup_ch32f20x_d8w.o(.text)
    TIM1_BRK_IRQHandler                      0x080001fb   Thumb Code     0  startup_ch32f20x_d8w.o(.text)
    TIM1_CC_IRQHandler                       0x080001fb   Thumb Code     0  startup_ch32f20x_d8w.o(.text)
    TIM1_TRG_COM_IRQHandler                  0x080001fb   Thumb Code     0  startup_ch32f20x_d8w.o(.text)
    TIM1_UP_IRQHandler                       0x080001fb   Thumb Code     0  startup_ch32f20x_d8w.o(.text)
    TIM2_IRQHandler                          0x080001fb   Thumb Code     0  startup_ch32f20x_d8w.o(.text)
    TIM3_IRQHandler                          0x080001fb   Thumb Code     0  startup_ch32f20x_d8w.o(.text)
    TIM4_IRQHandler                          0x080001fb   Thumb Code     0  startup_ch32f20x_d8w.o(.text)
    UART4_IRQHandler                         0x080001fb   Thumb Code     0  startup_ch32f20x_d8w.o(.text)
    USART1_IRQHandler                        0x080001fb   Thumb Code     0  startup_ch32f20x_d8w.o(.text)
    USART2_IRQHandler                        0x080001fb   Thumb Code     0  startup_ch32f20x_d8w.o(.text)
    USART3_IRQHandler                        0x080001fb   Thumb Code     0  startup_ch32f20x_d8w.o(.text)
    USBFSWakeUp_IRQHandler                   0x080001fb   Thumb Code     0  startup_ch32f20x_d8w.o(.text)
    USBFS_IRQHandler                         0x080001fb   Thumb Code     0  startup_ch32f20x_d8w.o(.text)
    USBWakeUp_IRQHandler                     0x080001fb   Thumb Code     0  startup_ch32f20x_d8w.o(.text)
    USB_HP_CAN1_TX_IRQHandler                0x080001fb   Thumb Code     0  startup_ch32f20x_d8w.o(.text)
    USB_LP_CAN1_RX0_IRQHandler               0x080001fb   Thumb Code     0  startup_ch32f20x_d8w.o(.text)
    WWDG_IRQHandler                          0x080001fb   Thumb Code     0  startup_ch32f20x_d8w.o(.text)
    __user_initial_stackheap                 0x080001fd   Thumb Code     0  startup_ch32f20x_d8w.o(.text)
    __aeabi_memcpy                           0x08000221   Thumb Code     0  rt_memcpy_v6.o(.text)
    __rt_memcpy                              0x08000221   Thumb Code   138  rt_memcpy_v6.o(.text)
    _memcpy_lastbytes                        0x08000287   Thumb Code     0  rt_memcpy_v6.o(.text)
    __aeabi_memcpy4                          0x080002ab   Thumb Code     0  rt_memcpy_w.o(.text)
    __aeabi_memcpy8                          0x080002ab   Thumb Code     0  rt_memcpy_w.o(.text)
    __rt_memcpy_w                            0x080002ab   Thumb Code   100  rt_memcpy_w.o(.text)
    _memcpy_lastbytes_aligned                0x080002f3   Thumb Code     0  rt_memcpy_w.o(.text)
    __aeabi_memclr4                          0x0800030f   Thumb Code     0  rt_memclr_w.o(.text)
    __aeabi_memclr8                          0x0800030f   Thumb Code     0  rt_memclr_w.o(.text)
    __rt_memclr_w                            0x0800030f   Thumb Code     0  rt_memclr_w.o(.text)
    _memset_w                                0x08000313   Thumb Code    74  rt_memclr_w.o(.text)
    __use_two_region_memory                  0x0800035d   Thumb Code     2  heapauxi.o(.text)
    __rt_heap_escrow$2region                 0x0800035f   Thumb Code     2  heapauxi.o(.text)
    __rt_heap_expand$2region                 0x08000361   Thumb Code     2  heapauxi.o(.text)
    __user_setup_stackheap                   0x08000363   Thumb Code    74  sys_stackheap_outer.o(.text)
    exit                                     0x080003ad   Thumb Code    18  exit.o(.text)
    __user_libspace                          0x080003c1   Thumb Code     8  libspace.o(.text)
    __user_perproc_libspace                  0x080003c1   Thumb Code     0  libspace.o(.text)
    __user_perthread_libspace                0x080003c1   Thumb Code     0  libspace.o(.text)
    _sys_exit                                0x080003c9   Thumb Code     8  sys_exit.o(.text)
    __I$use$semihosting                      0x080003d5   Thumb Code     0  use_no_semi.o(.text)
    __use_no_semihosting_swi                 0x080003d5   Thumb Code     2  use_no_semi.o(.text)
    __semihosting_library_function           0x080003d7   Thumb Code     0  indicate_semi.o(.text)
    ETH_IRQHandler                           0x080003d9   Thumb Code     4  app_tcpserver.o(.text.ETH_IRQHandler)
    ETH_Init                                 0x080003dd   Thumb Code   390  eth_driver_d8w.o(.text.ETH_Init)
    ETH_LedDataSet                           0x08000565   Thumb Code    24  eth_driver_d8w.o(.text.ETH_LedDataSet)
    ETH_LedLinkSet                           0x0800057d   Thumb Code    24  eth_driver_d8w.o(.text.ETH_LedLinkSet)
    ETH_LibInit                              0x08000595   Thumb Code   134  eth_driver_d8w.o(.text.ETH_LibInit)
    ETH_PHYLink                              0x0800061d   Thumb Code   204  eth_driver_d8w.o(.text.ETH_PHYLink)
    ETH_TxPktChainMode                       0x080006e9   Thumb Code    86  eth_driver_d8w.o(.text.ETH_TxPktChainMode)
    GPIO_Init                                0x08000741   Thumb Code   810  ch32f20x_gpio.o(.text.GPIO_Init)
    GPIO_PinRemapConfig                      0x08000a6d   Thumb Code   202  ch32f20x_gpio.o(.text.GPIO_PinRemapConfig)
    GPIO_ReadInputData                       0x08000b39   Thumb Code     6  ch32f20x_gpio.o(.text.GPIO_ReadInputData)
    GPIO_ResetBits                           0x08000b41   Thumb Code     4  ch32f20x_gpio.o(.text.GPIO_ResetBits)
    GPIO_SetBits                             0x08000b45   Thumb Code     4  ch32f20x_gpio.o(.text.GPIO_SetBits)
    GPIO_Write                               0x08000b49   Thumb Code     4  ch32f20x_gpio.o(.text.GPIO_Write)
    RCC_APB2PeriphClockCmd                   0x08000b4d   Thumb Code    24  ch32f20x_rcc.o(.text.RCC_APB2PeriphClockCmd)
    RCC_ETHDIVConfig                         0x08000b65   Thumb Code    26  ch32f20x_rcc.o(.text.RCC_ETHDIVConfig)
    SysTick_Handler                          0x08000b81   Thumb Code    50  systick.o(.text.SysTick_Handler)
    SystemCoreClockUpdate                    0x08000bb5   Thumb Code   150  system_ch32f20x.o(.text.SystemCoreClockUpdate)
    SystemInit                               0x08000c4d   Thumb Code   322  system_ch32f20x.o(.text.SystemInit)
    TIM5_IRQHandler                          0x08000d91   Thumb Code    38  app_tcpserver.o(.text.TIM5_IRQHandler)
    TIM_ClearFlag                            0x08000db9   Thumb Code     6  ch32f20x_tim.o(.text.TIM_ClearFlag)
    TIM_SetAutoreload                        0x08000dc1   Thumb Code     4  ch32f20x_tim.o(.text.TIM_SetAutoreload)
    WCHNET_ETHIsr                            0x08000dc5   Thumb Code   220  eth_driver_d8w.o(.text.WCHNET_ETHIsr)
    WCHNET_GetMacAddr                        0x08000ea1   Thumb Code    34  eth_driver_d8w.o(.text.WCHNET_GetMacAddr)
    WCHNET_HandlePhyNegotiation              0x08000ec5   Thumb Code   170  eth_driver_d8w.o(.text.WCHNET_HandlePhyNegotiation)
    WCHNET_LinkProcess                       0x08000f71   Thumb Code   362  eth_driver_d8w.o(.text.WCHNET_LinkProcess)
    WCHNET_MainTask                          0x080010dd   Thumb Code    18  eth_driver_d8w.o(.text.WCHNET_MainTask)
    WCHNET_TimeIsr                           0x080010f1   Thumb Code    16  eth_driver_d8w.o(.text.WCHNET_TimeIsr)
    main                                     0x08001101   Thumb Code    70  app_main.o(.text.main)
    u8AppMsg_init                            0x08001149   Thumb Code    22  app_msgtype.o(.text.u8AppMsg_init)
    vAppTcp_createRosListenSocket            0x08001161   Thumb Code    54  app_tcpserver.o(.text.vAppTcp_createRosListenSocket)
    vAppTcp_handleIpInterrupt                0x08001199   Thumb Code   206  app_tcpserver.o(.text.vAppTcp_handleIpInterrupt)
    vAppTcp_serverInit                       0x08001269   Thumb Code    46  app_tcpserver.o(.text.vAppTcp_serverInit)
    vGpio_initPins                           0x08001299   Thumb Code   172  gpio.o(.text.vGpio_initPins)
    vGpio_readSlaveConfigPins                0x08001345   Thumb Code    22  gpio.o(.text.vGpio_readSlaveConfigPins)
    vSystick_init                            0x0800135d   Thumb Code    48  systick.o(.text.vSystick_init)
    ErrorEncode                              0x0800138d   Thumb Code    14  socket.o(i.ErrorEncode)
    GetChipID                                0x080013a1   Thumb Code    12  eth_api.o(i.GetChipID)
    IPCheckParaInit                          0x080013b1   Thumb Code    22  ipcheck.o(i.IPCheckParaInit)
    IPCheckTmr                               0x080013d1   Thumb Code    48  ipcheck.o(i.IPCheckTmr)
    IPConflictHandle                         0x08001405   Thumb Code    32  ipcheck.o(i.IPConflictHandle)
    LwipArpCheck                             0x0800142d   Thumb Code     8  socket.o(i.LwipArpCheck)
    LwipRemoveTcpPcb                         0x08001439   Thumb Code   100  socket.o(i.LwipRemoveTcpPcb)
    LwipTCPPollCallBack                      0x080014a5   Thumb Code     4  socket.o(i.LwipTCPPollCallBack)
    LwipTCPSendCallBack                      0x080014a9   Thumb Code    52  socket.o(i.LwipTCPSendCallBack)
    LwipUnreachPort                          0x080014dd   Thumb Code    18  socket.o(i.LwipUnreachPort)
    NET_TCPError                             0x080014f5   Thumb Code     2  socket.o(i.NET_TCPError)
    QueryPingEnable                          0x080014f9   Thumb Code    10  socket.o(i.QueryPingEnable)
    RemoveTimeWaiTCP                         0x08001509   Thumb Code    54  tcp.o(i.RemoveTimeWaiTCP)
    SelIPARPSend                             0x08001545   Thumb Code    38  ipcheck.o(i.SelIPARPSend)
    SocketIPRAWReceive                       0x08001571   Thumb Code   184  socket.o(i.SocketIPRAWReceive)
    SocketUdpReceive                         0x08001629   Thumb Code   186  socket.o(i.SocketUdpReceive)
    WCHFindCorrectTCBPcb                     0x080016e5   Thumb Code    86  socket.o(i.WCHFindCorrectTCBPcb)
    WCHNET_ConfigLIB                         0x08001745   Thumb Code   220  socket.o(i.WCHNET_ConfigLIB)
    WCHNET_GetGlobalInt                      0x08001835   Thumb Code    14  socket.o(i.WCHNET_GetGlobalInt)
    WCHNET_GetPHYStatus                      0x08001849   Thumb Code     8  socket.o(i.WCHNET_GetPHYStatus)
    WCHNET_GetSocketInt                      0x08001855   Thumb Code    34  socket.o(i.WCHNET_GetSocketInt)
    WCHNET_Init                              0x08001881   Thumb Code   116  socket.o(i.WCHNET_Init)
    WCHNET_ModifyRecvBuf                     0x08001901   Thumb Code    74  socket.o(i.WCHNET_ModifyRecvBuf)
    WCHNET_NetInput                          0x08001955   Thumb Code     6  eth_api.o(i.WCHNET_NetInput)
    WCHNET_PeriodicHandle                    0x08001961   Thumb Code   326  eth_api.o(i.WCHNET_PeriodicHandle)
    WCHNET_PhyStatus                         0x08001acd   Thumb Code    68  eth_api.o(i.WCHNET_PhyStatus)
    WCHNET_QueryGlobalInt                    0x08001b19   Thumb Code    48  socket.o(i.WCHNET_QueryGlobalInt)
    WCHNET_Rx                                0x08001b55   Thumb Code   122  eth_api.o(i.WCHNET_Rx)
    WCHNET_SocketCreat                       0x08001bd5   Thumb Code   390  socket.o(i.WCHNET_SocketCreat)
    WCHNET_SocketListen                      0x08001d7d   Thumb Code    70  socket.o(i.WCHNET_SocketListen)
    WCHNET_SocketRecv                        0x08001dcd   Thumb Code   174  socket.o(i.WCHNET_SocketRecv)
    WCHNET_SocketRecvLen                     0x08001e81   Thumb Code    20  socket.o(i.WCHNET_SocketRecvLen)
    WCHNET_Tx                                0x08001e99   Thumb Code    32  eth_api.o(i.WCHNET_Tx)
    WCHScokedIntHandle                       0x08001ec9   Thumb Code    70  socket.o(i.WCHScokedIntHandle)
    WCHSocketInit                            0x08001f11   Thumb Code    42  socket.o(i.WCHSocketInit)
    WCHSocketTCPReceive                      0x08001f41   Thumb Code   188  socket.o(i.WCHSocketTCPReceive)
    WCHTCPServerAccept                       0x08001ffd   Thumb Code   144  socket.o(i.WCHTCPServerAccept)
    dhcp_arp_reply                           0x080020a5   Thumb Code    30  dhcp.o(i.dhcp_arp_reply)
    etharp_arp_input                         0x080023e9   Thumb Code   246  etharp.o(i.etharp_arp_input)
    etharp_ip_input                          0x080024e5   Thumb Code    60  etharp.o(i.etharp_ip_input)
    etharp_output                            0x08002521   Thumb Code   178  etharp.o(i.etharp_output)
    etharp_query                             0x080025d9   Thumb Code   204  etharp.o(i.etharp_query)
    etharp_request                           0x08002751   Thumb Code    32  etharp.o(i.etharp_request)
    etharp_tmr                               0x080027ad   Thumb Code   108  etharp.o(i.etharp_tmr)
    ethernet_input                           0x08002829   Thumb Code   114  etharp.o(i.ethernet_input)
    ethernetif_init                          0x0800289d   Thumb Code    60  ethernetif.o(i.ethernetif_init)
    ethernetif_input                         0x080028e9   Thumb Code    34  ethernetif.o(i.ethernetif_input)
    getTxBuffAddr                            0x08002a19   Thumb Code   100  eth_api.o(i.getTxBuffAddr)
    htonl                                    0x08002a8d   Thumb Code     4  inet.o(i.htonl)
    htons                                    0x08002a91   Thumb Code     4  inet.o(i.htons)
    icmp_dest_unreach                        0x08002a95   Thumb Code     8  icmp.o(i.icmp_dest_unreach)
    icmp_input                               0x08002a9d   Thumb Code   376  icmp.o(i.icmp_input)
    icmp_time_exceeded                       0x08002c7b   Thumb Code     8  icmp.o(i.icmp_time_exceeded)
    inet_chksum                              0x08002c83   Thumb Code    12  inet_chksum.o(i.inet_chksum)
    inet_chksum_pbuf                         0x08002c8f   Thumb Code    72  inet_chksum.o(i.inet_chksum_pbuf)
    inet_chksum_pseudo                       0x08002cd9   Thumb Code   148  inet_chksum.o(i.inet_chksum_pseudo)
    ip_addr_isbroadcast                      0x08002d71   Thumb Code    48  ip_addr.o(i.ip_addr_isbroadcast)
    ip_frag                                  0x08002da1   Thumb Code   312  ip_frag.o(i.ip_frag)
    ip_input                                 0x08002ed9   Thumb Code   476  ip.o(i.ip_input)
    ip_output                                0x080030b9   Thumb Code    52  ip.o(i.ip_output)
    ip_output_if                             0x080030ed   Thumb Code   210  ip.o(i.ip_output_if)
    ip_reass                                 0x080031c5   Thumb Code   394  ip_frag.o(i.ip_reass)
    ip_reass_tmr                             0x080034dd   Thumb Code    50  ip_frag.o(i.ip_reass_tmr)
    ip_route                                 0x08003515   Thumb Code    62  ip.o(i.ip_route)
    lwip_init                                0x0800360d   Thumb Code    40  init.o(i.lwip_init)
    mem_free                                 0x08003681   Thumb Code    40  mem.o(i.mem_free)
    mem_init                                 0x080036ad   Thumb Code    70  mem.o(i.mem_init)
    mem_malloc                               0x080036fd   Thumb Code   180  mem.o(i.mem_malloc)
    mem_realloc                              0x080037b9   Thumb Code   218  mem.o(i.mem_realloc)
    memp_free                                0x0800389d   Thumb Code    18  memp.o(i.memp_free)
    memp_init                                0x080038b5   Thumb Code    78  memp.o(i.memp_init)
    memp_malloc                              0x0800390d   Thumb Code    28  memp.o(i.memp_malloc)
    netif_add                                0x0800392d   Thumb Code    70  netif.o(i.netif_add)
    netif_is_up                              0x08003979   Thumb Code    10  netif.o(i.netif_is_up)
    netif_set_addr                           0x08003983   Thumb Code    32  netif.o(i.netif_set_addr)
    netif_set_default                        0x080039a5   Thumb Code     6  netif.o(i.netif_set_default)
    netif_set_gw                             0x080039b1   Thumb Code     8  netif.o(i.netif_set_gw)
    netif_set_ipaddr                         0x080039b9   Thumb Code   112  netif.o(i.netif_set_ipaddr)
    netif_set_netmask                        0x08003a31   Thumb Code     8  netif.o(i.netif_set_netmask)
    ntohl                                    0x08003a39   Thumb Code     4  inet.o(i.ntohl)
    ntohs                                    0x08003a3d   Thumb Code     4  inet.o(i.ntohs)
    pbuf_alloc                               0x08003a41   Thumb Code   288  pbuf.o(i.pbuf_alloc)
    pbuf_cat                                 0x08003b65   Thumb Code    40  pbuf.o(i.pbuf_cat)
    pbuf_chain                               0x08003b8d   Thumb Code    18  pbuf.o(i.pbuf_chain)
    pbuf_clen                                0x08003b9f   Thumb Code    18  pbuf.o(i.pbuf_clen)
    pbuf_copy                                0x08003bb1   Thumb Code   144  pbuf.o(i.pbuf_copy)
    pbuf_free                                0x08003c41   Thumb Code    68  pbuf.o(i.pbuf_free)
    pbuf_header                              0x08003c85   Thumb Code    96  pbuf.o(i.pbuf_header)
    pbuf_realloc                             0x08003ce5   Thumb Code    78  pbuf.o(i.pbuf_realloc)
    pbuf_ref                                 0x08003d33   Thumb Code    12  pbuf.o(i.pbuf_ref)
    raw_bind                                 0x08003d95   Thumb Code    10  raw.o(i.raw_bind)
    raw_connect                              0x08003d9f   Thumb Code    10  raw.o(i.raw_connect)
    raw_input                                0x08003da9   Thumb Code   100  raw.o(i.raw_input)
    raw_new                                  0x08003e11   Thumb Code    38  raw.o(i.raw_new)
    raw_recv                                 0x08003e3d   Thumb Code     6  raw.o(i.raw_recv)
    setRxBuffAddr                            0x08003e45   Thumb Code    16  eth_api.o(i.setRxBuffAddr)
    tcp_abandon                              0x08003e59   Thumb Code   158  tcp.o(i.tcp_abandon)
    tcp_accept                               0x08003efd   Thumb Code     4  tcp.o(i.tcp_accept)
    tcp_alloc                                0x08003f09   Thumb Code   264  tcp.o(i.tcp_alloc)
    tcp_arg                                  0x08004021   Thumb Code     4  tcp.o(i.tcp_arg)
    tcp_bind                                 0x08004025   Thumb Code   182  tcp.o(i.tcp_bind)
    tcp_close                                0x080040e1   Thumb Code   170  tcp.o(i.tcp_close)
    tcp_eff_send_mss                         0x08004191   Thumb Code    32  tcp.o(i.tcp_eff_send_mss)
    tcp_enqueue                              0x080041b1   Thumb Code   874  tcp_out.o(i.tcp_enqueue)
    tcp_err                                  0x08004521   Thumb Code     6  tcp.o(i.tcp_err)
    tcp_fastsendack                          0x08004529   Thumb Code   130  tcp.o(i.tcp_fastsendack)
    tcp_fasttmr                              0x080045b1   Thumb Code   100  tcp.o(i.tcp_fasttmr)
    tcp_input                                0x08004619   Thumb Code   840  tcp_in.o(i.tcp_input)
    tcp_keepalive                            0x08004975   Thumb Code    90  tcp_out.o(i.tcp_keepalive)
    tcp_listen_with_backlog                  0x08004b05   Thumb Code   118  tcp.o(i.tcp_listen_with_backlog)
    tcp_new                                  0x08004b85   Thumb Code     6  tcp.o(i.tcp_new)
    tcp_next_iss                             0x08004bed   Thumb Code    12  tcp.o(i.tcp_next_iss)
    tcp_output                               0x08004c8d   Thumb Code   422  tcp_out.o(i.tcp_output)
    tcp_pcb_purge                            0x0800500d   Thumb Code    70  tcp.o(i.tcp_pcb_purge)
    tcp_pcb_remove                           0x08005055   Thumb Code    88  tcp.o(i.tcp_pcb_remove)
    tcp_poll                                 0x080050b1   Thumb Code    10  tcp.o(i.tcp_poll)
    tcp_recv                                 0x08005ad5   Thumb Code     6  tcp.o(i.tcp_recv)
    tcp_recv_null                            0x08005adb   Thumb Code    36  tcp.o(i.tcp_recv_null)
    tcp_recved                               0x08005aff   Thumb Code    58  tcp.o(i.tcp_recved)
    tcp_recved_socket                        0x08005b39   Thumb Code    80  socket.o(i.tcp_recved_socket)
    tcp_rexmit                               0x08005b91   Thumb Code    74  tcp_out.o(i.tcp_rexmit)
    tcp_rexmit_fast                          0x08005bdb   Thumb Code    92  tcp_out.o(i.tcp_rexmit_fast)
    tcp_rexmit_rto                           0x08005c37   Thumb Code    46  tcp_out.o(i.tcp_rexmit_rto)
    tcp_rst                                  0x08005c65   Thumb Code   176  tcp_out.o(i.tcp_rst)
    tcp_seg_copy                             0x08005d19   Thumb Code    36  tcp.o(i.tcp_seg_copy)
    tcp_seg_free                             0x08005d3d   Thumb Code    32  tcp.o(i.tcp_seg_free)
    tcp_segs_free                            0x08005d5d   Thumb Code    26  tcp.o(i.tcp_segs_free)
    tcp_send_ctrl                            0x08005d77   Thumb Code    22  tcp_out.o(i.tcp_send_ctrl)
    tcp_send_empty_ack                       0x08005d8d   Thumb Code   110  tcp_out.o(i.tcp_send_empty_ack)
    tcp_sent                                 0x08005dfb   Thumb Code     6  tcp.o(i.tcp_sent)
    tcp_slowtmr                              0x08005e01   Thumb Code   614  tcp.o(i.tcp_slowtmr)
    tcp_tmr                                  0x080060e5   Thumb Code    28  tcp.o(i.tcp_tmr)
    tcp_update_rcv_ann_wnd                   0x08006105   Thumb Code    52  tcp.o(i.tcp_update_rcv_ann_wnd)
    tcp_zero_window_probe                    0x08006139   Thumb Code   170  tcp_out.o(i.tcp_zero_window_probe)
    udp_bind                                 0x080061e5   Thumb Code   112  udp.o(i.udp_bind)
    udp_connect                              0x08006259   Thumb Code   112  udp.o(i.udp_connect)
    udp_input                                0x080062cd   Thumb Code   458  udp.o(i.udp_input)
    udp_new                                  0x0800649d   Thumb Code    26  udp.o(i.udp_new)
    udp_recv                                 0x080064b7   Thumb Code     6  udp.o(i.udp_recv)
    udp_sendto_if                            0x080064bd   Thumb Code   208  udp.o(i.udp_sendto_if)
    wch_ethernetif_init                      0x08006615   Thumb Code    82  ethernetif.o(i.wch_ethernetif_init)
    ErrTable                                 0x08006680   Data          16  socket.o(.constdata)
    tcp_persist_backoff                      0x08006690   Data           7  tcp.o(.constdata)
    tcp_backoff                              0x08006697   Data          13  tcp.o(.constdata)
    ip_addr_any                              0x080066a4   Data           4  ip_addr.o(.constdata)
    ip_addr_broadcast                        0x080066a8   Data           4  ip_addr.o(.constdata)
    ethbroadcast                             0x080066ac   Data           6  etharp.o(.constdata)
    ethzero                                  0x080066b2   Data           6  etharp.o(.constdata)
    AHBPrescTable                            0x0800672d   Data          16  system_ch32f20x.o(.rodata.AHBPrescTable)
    MemNum                                   0x0800673e   Data          16  eth_driver_d8w.o(.rodata.MemNum)
    MemSize                                  0x0800674e   Data          16  eth_driver_d8w.o(.rodata.MemSize)
    Region$$Table$$Base                      0x08006760   Number         0  anon$$obj.o(Region$$Table)
    Region$$Table$$Limit                     0x08006780   Number         0  anon$$obj.o(Region$$Table)
    phydata                                  0x20000000   Data           1  socket.o(.data)
    ARP_Retry_Period                         0x20000004   Data           1  socket.o(.data)
    ARP_Retry_Cnt                            0x20000005   Data           1  socket.o(.data)
    SockNumber                               0x20000006   Data           1  socket.o(.data)
    Arp_Entry_timeout                        0x20000008   Data           2  socket.o(.data)
    tcpSendAckFlag                           0x2000000c   Data           4  socket.o(.data)
    TCPVerifyConnCallback                    0x20000010   Data           4  socket.o(.data)
    TCPTimer                                 0x20000014   Data           4  eth_api.o(.data)
    ARPTimer                                 0x20000018   Data           4  eth_api.o(.data)
    IPFragTimer                              0x2000001c   Data           4  eth_api.o(.data)
    phydatatime                              0x20000020   Data           4  eth_api.o(.data)
    DHCPfineTimer                            0x20000024   Data           4  eth_api.o(.data)
    DHCPcoarseTimer                          0x20000028   Data           4  eth_api.o(.data)
    DNSTimer                                 0x2000002c   Data           4  eth_api.o(.data)
    ArpCheckTime                             0x20000030   Data           4  eth_api.o(.data)
    TxTimer                                  0x20000034   Data           4  eth_api.o(.data)
    DHCPXid                                  0x20000038   Data           4  net_dhcp.o(.data)
    tcp_ticks                                0x20000048   Data           4  tcp.o(.data)
    tcp_bound_pcbs                           0x2000004c   Data           4  tcp.o(.data)
    tcp_listen_pcbs                          0x20000050   Data           4  tcp.o(.data)
    tcp_active_pcbs                          0x20000054   Data           4  tcp.o(.data)
    tcp_tw_pcbs                              0x20000058   Data           4  tcp.o(.data)
    tcp_tmp_pcb                              0x2000005c   Data           4  tcp.o(.data)
    tcp_state_str                            0x20000060   Data          44  tcp.o(.data)
    udp_pcbs                                 0x2000008c   Data           4  udp.o(.data)
    arp_table                                0x2000009c   Data           4  etharp.o(.data)
    frame                                    0x200000a0   Data           8  ethernetif.o(.data)
    memp_sizes                               0x200000b8   Data           4  memp.o(.data)
    memp_num                                 0x200000bc   Data           4  memp.o(.data)
    netif_list                               0x200000c8   Data           4  netif.o(.data)
    netif_default                            0x200000cc   Data           4  netif.o(.data)
    tcp_input_pcb                            0x200000e8   Data           4  tcp_in.o(.data)
    u8DeviceIpAddr                           0x200000ee   Data           4  app_tcpserver.o(.data..L_MergedGlobals)
    u8GateWayIpAddr                          0x200000f2   Data           4  app_tcpserver.o(.data..L_MergedGlobals)
    u8SubnetMask                             0x200000f6   Data           4  app_tcpserver.o(.data..L_MergedGlobals)
    SystemCoreClock                          0x200000fc   Data           4  system_ch32f20x.o(.data.SystemCoreClock)
    NetInf                                   0x20000100   Data          68  socket.o(.bss)
    WCHCfg                                   0x20000144   Data          44  socket.o(.bss)
    KeepLiveCfg                              0x20000170   Data          12  socket.o(.bss)
    SelARP                                   0x2000017c   Data          10  ipcheck.o(.bss)
    dhcp_host_name                           0x20000188   Data          64  net_dhcp.o(.bss)
    DHCPCtrl                                 0x200001c8   Data          24  net_dhcp.o(.bss)
    DNSInf                                   0x200001e0   Data          20  net_dns.o(.bss)
    WCHNetIf                                 0x200001f4   Data          56  ethernetif.o(.bss)
    __libspace_start                         0x20000260   Data          96  libspace.o(.bss)
    __temporary_stack_top$libspace           0x200002c0   Data           0  libspace.o(.bss)
    tGPIOAinit                               0x200002c0   Data           4  gpio.o(.bss..L_MergedGlobals)
    tGPIOBinit                               0x200002c4   Data           4  gpio.o(.bss..L_MergedGlobals)
    tGPIODinit                               0x200002c8   Data           4  gpio.o(.bss..L_MergedGlobals)
    phyPN                                    0x200002cc   Data           1  eth_driver_d8w.o(.bss..L_MergedGlobals)
    phyStatus                                0x200002cd   Data           1  eth_driver_d8w.o(.bss..L_MergedGlobals)
    phySucCnt                                0x200002ce   Data           1  eth_driver_d8w.o(.bss..L_MergedGlobals)
    phyLinkCnt                               0x200002cf   Data           1  eth_driver_d8w.o(.bss..L_MergedGlobals)
    phyRetryCnt                              0x200002d0   Data           1  eth_driver_d8w.o(.bss..L_MergedGlobals)
    CRCErrPktCnt                             0x200002d1   Data           1  eth_driver_d8w.o(.bss..L_MergedGlobals)
    phyLinkStatus                            0x200002d2   Data           1  eth_driver_d8w.o(.bss..L_MergedGlobals)
    phyPNChangeCnt                           0x200002d3   Data           1  eth_driver_d8w.o(.bss..L_MergedGlobals)
    PhyPolarityDetect                        0x200002d4   Data           1  eth_driver_d8w.o(.bss..L_MergedGlobals)
    phyLinkReset                             0x200002d5   Data           1  eth_driver_d8w.o(.bss..L_MergedGlobals)
    LocalTime                                0x200002d8   Data           4  eth_driver_d8w.o(.bss..L_MergedGlobals)
    phyLinkTime                              0x200002dc   Data           4  eth_driver_d8w.o(.bss..L_MergedGlobals)
    DMATxDescToSet                           0x200002e0   Data           4  eth_driver_d8w.o(.bss..L_MergedGlobals)
    DMARxDescToGet                           0x200002e4   Data           4  eth_driver_d8w.o(.bss..L_MergedGlobals)
    pDMARxSet                                0x200002e8   Data           4  eth_driver_d8w.o(.bss..L_MergedGlobals)
    DMATxDscrTab                             0x200002ec   Data          16  eth_driver_d8w.o(.bss..L_MergedGlobals)
    DMARxDscrTab                             0x200002fc   Data          64  eth_driver_d8w.o(.bss..L_MergedGlobals)
    u8IsRosClientConnected                   0x2000033c   Data           1  app_tcpserver.o(.bss..L_MergedGlobals.1)
    u8SocketIdForListen                      0x2000033d   Data           1  app_tcpserver.o(.bss..L_MergedGlobals.1)
    u32TcpRecvLen                            0x20000340   Data           4  app_tcpserver.o(.bss..L_MergedGlobals.1)
    tRosSocketInfo                           0x20000344   Data          60  app_tcpserver.o(.bss..L_MergedGlobals.1)
    MACRxBuf                                 0x20000380   Data        1024  eth_driver_d8w.o(.bss.MACRxBuf)
    MACTxBuf                                 0x20000780   Data         256  eth_driver_d8w.o(.bss.MACTxBuf)
    Mem_ArpTable                             0x20000880   Data        1200  eth_driver_d8w.o(.bss.Mem_ArpTable)
    Mem_Heap_Memory                          0x20000d30   Data        1556  eth_driver_d8w.o(.bss.Mem_Heap_Memory)
    Memp_Memory                              0x20001344   Data        2675  eth_driver_d8w.o(.bss.Memp_Memory)
    SocketInf                                0x20001db8   Data         120  eth_driver_d8w.o(.bss.SocketInf)
    u32MillisCounter                         0x20001e30   Data           4  systick.o(.bss.u32MillisCounter)
    u8DeviceMACAddr                          0x20001e34   Data           6  app_tcpserver.o(.bss.u8DeviceMACAddr)
    u8SocketRecvBuf                          0x20001e3a   Data        1024  app_tcpserver.o(.bss.u8SocketRecvBuf)
    u8TcpBufferPtr                           0x2000223c   Data           4  app_msgtype.o(.bss.u8TcpBufferPtr)



==============================================================================

Memory Map of the image

  Image Entry point : 0x08000119

  Load Region LR_IROM1 (Base: 0x08000000, Size: 0x00006880, Max: 0x00020000, ABSOLUTE)

    Execution Region ER_IROM1 (Exec base: 0x08000000, Load base: 0x08000000, Size: 0x00006780, Max: 0x00020000, ABSOLUTE)

    Exec Addr    Load Addr    Size         Type   Attr      Idx    E Section Name        Object

    0x08000000   0x08000000   0x00000118   Data   RO          189    RESET               startup_ch32f20x_d8w.o
    0x08000118   0x08000118   0x00000008   Code   RO         1226  * !!!main             c_w.l(__main.o)
    0x08000120   0x08000120   0x0000005c   Code   RO         1391    !!!scatter          c_w.l(__scatter.o)
    0x0800017c   0x0800017c   0x0000001a   Code   RO         1395    !!handler_copy      c_w.l(__scatter_copy.o)
    0x08000196   0x08000196   0x00000002   PAD
    0x08000198   0x08000198   0x00000002   Code   RO         1392    !!handler_null      c_w.l(__scatter.o)
    0x0800019a   0x0800019a   0x00000002   PAD
    0x0800019c   0x0800019c   0x0000001c   Code   RO         1397    !!handler_zi        c_w.l(__scatter_zi.o)
    0x080001b8   0x080001b8   0x00000002   Code   RO         1253    .ARM.Collect$$libinit$$00000000  c_w.l(libinit.o)
    0x080001ba   0x080001ba   0x00000000   Code   RO         1260    .ARM.Collect$$libinit$$00000002  c_w.l(libinit2.o)
    0x080001ba   0x080001ba   0x00000000   Code   RO         1262    .ARM.Collect$$libinit$$00000004  c_w.l(libinit2.o)
    0x080001ba   0x080001ba   0x00000000   Code   RO         1264    .ARM.Collect$$libinit$$00000006  c_w.l(libinit2.o)
    0x080001ba   0x080001ba   0x00000000   Code   RO         1267    .ARM.Collect$$libinit$$0000000C  c_w.l(libinit2.o)
    0x080001ba   0x080001ba   0x00000000   Code   RO         1269    .ARM.Collect$$libinit$$0000000E  c_w.l(libinit2.o)
    0x080001ba   0x080001ba   0x00000000   Code   RO         1271    .ARM.Collect$$libinit$$00000010  c_w.l(libinit2.o)
    0x080001ba   0x080001ba   0x00000000   Code   RO         1274    .ARM.Collect$$libinit$$00000013  c_w.l(libinit2.o)
    0x080001ba   0x080001ba   0x00000000   Code   RO         1276    .ARM.Collect$$libinit$$00000015  c_w.l(libinit2.o)
    0x080001ba   0x080001ba   0x00000000   Code   RO         1278    .ARM.Collect$$libinit$$00000017  c_w.l(libinit2.o)
    0x080001ba   0x080001ba   0x00000000   Code   RO         1280    .ARM.Collect$$libinit$$00000019  c_w.l(libinit2.o)
    0x080001ba   0x080001ba   0x00000000   Code   RO         1282    .ARM.Collect$$libinit$$0000001B  c_w.l(libinit2.o)
    0x080001ba   0x080001ba   0x00000000   Code   RO         1284    .ARM.Collect$$libinit$$0000001D  c_w.l(libinit2.o)
    0x080001ba   0x080001ba   0x00000000   Code   RO         1286    .ARM.Collect$$libinit$$0000001F  c_w.l(libinit2.o)
    0x080001ba   0x080001ba   0x00000000   Code   RO         1288    .ARM.Collect$$libinit$$00000021  c_w.l(libinit2.o)
    0x080001ba   0x080001ba   0x00000000   Code   RO         1290    .ARM.Collect$$libinit$$00000023  c_w.l(libinit2.o)
    0x080001ba   0x080001ba   0x00000000   Code   RO         1292    .ARM.Collect$$libinit$$00000025  c_w.l(libinit2.o)
    0x080001ba   0x080001ba   0x00000000   Code   RO         1294    .ARM.Collect$$libinit$$00000027  c_w.l(libinit2.o)
    0x080001ba   0x080001ba   0x00000000   Code   RO         1298    .ARM.Collect$$libinit$$0000002E  c_w.l(libinit2.o)
    0x080001ba   0x080001ba   0x00000000   Code   RO         1300    .ARM.Collect$$libinit$$00000030  c_w.l(libinit2.o)
    0x080001ba   0x080001ba   0x00000000   Code   RO         1302    .ARM.Collect$$libinit$$00000032  c_w.l(libinit2.o)
    0x080001ba   0x080001ba   0x00000000   Code   RO         1304    .ARM.Collect$$libinit$$00000034  c_w.l(libinit2.o)
    0x080001ba   0x080001ba   0x00000002   Code   RO         1305    .ARM.Collect$$libinit$$00000035  c_w.l(libinit2.o)
    0x080001bc   0x080001bc   0x00000002   Code   RO         1327    .ARM.Collect$$libshutdown$$00000000  c_w.l(libshutdown.o)
    0x080001be   0x080001be   0x00000000   Code   RO         1342    .ARM.Collect$$libshutdown$$00000002  c_w.l(libshutdown2.o)
    0x080001be   0x080001be   0x00000000   Code   RO         1344    .ARM.Collect$$libshutdown$$00000004  c_w.l(libshutdown2.o)
    0x080001be   0x080001be   0x00000000   Code   RO         1347    .ARM.Collect$$libshutdown$$00000007  c_w.l(libshutdown2.o)
    0x080001be   0x080001be   0x00000000   Code   RO         1350    .ARM.Collect$$libshutdown$$0000000A  c_w.l(libshutdown2.o)
    0x080001be   0x080001be   0x00000000   Code   RO         1352    .ARM.Collect$$libshutdown$$0000000C  c_w.l(libshutdown2.o)
    0x080001be   0x080001be   0x00000000   Code   RO         1355    .ARM.Collect$$libshutdown$$0000000F  c_w.l(libshutdown2.o)
    0x080001be   0x080001be   0x00000002   Code   RO         1356    .ARM.Collect$$libshutdown$$00000010  c_w.l(libshutdown2.o)
    0x080001c0   0x080001c0   0x00000000   Code   RO         1228    .ARM.Collect$$rtentry$$00000000  c_w.l(__rtentry.o)
    0x080001c0   0x080001c0   0x00000000   Code   RO         1230    .ARM.Collect$$rtentry$$00000002  c_w.l(__rtentry2.o)
    0x080001c0   0x080001c0   0x00000006   Code   RO         1242    .ARM.Collect$$rtentry$$00000004  c_w.l(__rtentry4.o)
    0x080001c6   0x080001c6   0x00000000   Code   RO         1232    .ARM.Collect$$rtentry$$00000009  c_w.l(__rtentry2.o)
    0x080001c6   0x080001c6   0x00000004   Code   RO         1233    .ARM.Collect$$rtentry$$0000000A  c_w.l(__rtentry2.o)
    0x080001ca   0x080001ca   0x00000000   Code   RO         1235    .ARM.Collect$$rtentry$$0000000C  c_w.l(__rtentry2.o)
    0x080001ca   0x080001ca   0x00000008   Code   RO         1236    .ARM.Collect$$rtentry$$0000000D  c_w.l(__rtentry2.o)
    0x080001d2   0x080001d2   0x00000002   Code   RO         1257    .ARM.Collect$$rtexit$$00000000  c_w.l(rtexit.o)
    0x080001d4   0x080001d4   0x00000000   Code   RO         1307    .ARM.Collect$$rtexit$$00000002  c_w.l(rtexit2.o)
    0x080001d4   0x080001d4   0x00000004   Code   RO         1308    .ARM.Collect$$rtexit$$00000003  c_w.l(rtexit2.o)
    0x080001d8   0x080001d8   0x00000006   Code   RO         1309    .ARM.Collect$$rtexit$$00000004  c_w.l(rtexit2.o)
    0x080001de   0x080001de   0x00000002   PAD
    0x080001e0   0x080001e0   0x00000040   Code   RO          190    .text               startup_ch32f20x_d8w.o
    0x08000220   0x08000220   0x0000008a   Code   RO         1214    .text               c_w.l(rt_memcpy_v6.o)
    0x080002aa   0x080002aa   0x00000064   Code   RO         1216    .text               c_w.l(rt_memcpy_w.o)
    0x0800030e   0x0800030e   0x0000004e   Code   RO         1220    .text               c_w.l(rt_memclr_w.o)
    0x0800035c   0x0800035c   0x00000006   Code   RO         1224    .text               c_w.l(heapauxi.o)
    0x08000362   0x08000362   0x0000004a   Code   RO         1244    .text               c_w.l(sys_stackheap_outer.o)
    0x080003ac   0x080003ac   0x00000012   Code   RO         1246    .text               c_w.l(exit.o)
    0x080003be   0x080003be   0x00000002   PAD
    0x080003c0   0x080003c0   0x00000008   Code   RO         1254    .text               c_w.l(libspace.o)
    0x080003c8   0x080003c8   0x0000000c   Code   RO         1317    .text               c_w.l(sys_exit.o)
    0x080003d4   0x080003d4   0x00000002   Code   RO         1332    .text               c_w.l(use_no_semi.o)
    0x080003d6   0x080003d6   0x00000000   Code   RO         1334    .text               c_w.l(indicate_semi.o)
    0x080003d6   0x080003d6   0x00000002   PAD
    0x080003d8   0x080003d8   0x00000004   Code   RO           11    .text.ETH_IRQHandler  app_tcpserver.o
    0x080003dc   0x080003dc   0x00000186   Code   RO          153    .text.ETH_Init      eth_driver_d8w.o
    0x08000562   0x08000562   0x00000002   PAD
    0x08000564   0x08000564   0x00000018   Code   RO          129    .text.ETH_LedDataSet  eth_driver_d8w.o
    0x0800057c   0x0800057c   0x00000018   Code   RO          127    .text.ETH_LedLinkSet  eth_driver_d8w.o
    0x08000594   0x08000594   0x00000086   Code   RO          155    .text.ETH_LibInit   eth_driver_d8w.o
    0x0800061a   0x0800061a   0x00000002   PAD
    0x0800061c   0x0800061c   0x000000cc   Code   RO          149    .text.ETH_PHYLink   eth_driver_d8w.o
    0x080006e8   0x080006e8   0x00000056   Code   RO          143    .text.ETH_TxPktChainMode  eth_driver_d8w.o
    0x0800073e   0x0800073e   0x00000002   PAD
    0x08000740   0x08000740   0x0000032a   Code   RO          295    .text.GPIO_Init     ch32f20x_gpio.o
    0x08000a6a   0x08000a6a   0x00000002   PAD
    0x08000a6c   0x08000a6c   0x000000ca   Code   RO          321    .text.GPIO_PinRemapConfig  ch32f20x_gpio.o
    0x08000b36   0x08000b36   0x00000002   PAD
    0x08000b38   0x08000b38   0x00000006   Code   RO          301    .text.GPIO_ReadInputData  ch32f20x_gpio.o
    0x08000b3e   0x08000b3e   0x00000002   PAD
    0x08000b40   0x08000b40   0x00000004   Code   RO          309    .text.GPIO_ResetBits  ch32f20x_gpio.o
    0x08000b44   0x08000b44   0x00000004   Code   RO          307    .text.GPIO_SetBits  ch32f20x_gpio.o
    0x08000b48   0x08000b48   0x00000004   Code   RO          313    .text.GPIO_Write    ch32f20x_gpio.o
    0x08000b4c   0x08000b4c   0x00000018   Code   RO          399    .text.RCC_APB2PeriphClockCmd  ch32f20x_rcc.o
    0x08000b64   0x08000b64   0x0000001a   Code   RO          457    .text.RCC_ETHDIVConfig  ch32f20x_rcc.o
    0x08000b7e   0x08000b7e   0x00000002   PAD
    0x08000b80   0x08000b80   0x00000032   Code   RO           70    .text.SysTick_Handler  systick.o
    0x08000bb2   0x08000bb2   0x00000002   PAD
    0x08000bb4   0x08000bb4   0x00000096   Code   RO          176    .text.SystemCoreClockUpdate  system_ch32f20x.o
    0x08000c4a   0x08000c4a   0x00000002   PAD
    0x08000c4c   0x08000c4c   0x00000142   Code   RO          174    .text.SystemInit    system_ch32f20x.o
    0x08000d8e   0x08000d8e   0x00000002   PAD
    0x08000d90   0x08000d90   0x00000026   Code   RO           13    .text.TIM5_IRQHandler  app_tcpserver.o
    0x08000db6   0x08000db6   0x00000002   PAD
    0x08000db8   0x08000db8   0x00000006   Code   RO          637    .text.TIM_ClearFlag  ch32f20x_tim.o
    0x08000dbe   0x08000dbe   0x00000002   PAD
    0x08000dc0   0x08000dc0   0x00000004   Code   RO          611    .text.TIM_SetAutoreload  ch32f20x_tim.o
    0x08000dc4   0x08000dc4   0x000000dc   Code   RO          151    .text.WCHNET_ETHIsr  eth_driver_d8w.o
    0x08000ea0   0x08000ea0   0x00000022   Code   RO          111    .text.WCHNET_GetMacAddr  eth_driver_d8w.o
    0x08000ec2   0x08000ec2   0x00000002   PAD
    0x08000ec4   0x08000ec4   0x000000aa   Code   RO          123    .text.WCHNET_HandlePhyNegotiation  eth_driver_d8w.o
    0x08000f6e   0x08000f6e   0x00000002   PAD
    0x08000f70   0x08000f70   0x0000016a   Code   RO          119    .text.WCHNET_LinkProcess  eth_driver_d8w.o
    0x080010da   0x080010da   0x00000002   PAD
    0x080010dc   0x080010dc   0x00000012   Code   RO          125    .text.WCHNET_MainTask  eth_driver_d8w.o
    0x080010ee   0x080010ee   0x00000002   PAD
    0x080010f0   0x080010f0   0x00000010   Code   RO          113    .text.WCHNET_TimeIsr  eth_driver_d8w.o
    0x08001100   0x08001100   0x00000046   Code   RO            2    .text.main          app_main.o
    0x08001146   0x08001146   0x00000002   PAD
    0x08001148   0x08001148   0x00000016   Code   RO           37    .text.u8AppMsg_init  app_msgtype.o
    0x0800115e   0x0800115e   0x00000002   PAD
    0x08001160   0x08001160   0x00000036   Code   RO           17    .text.vAppTcp_createRosListenSocket  app_tcpserver.o
    0x08001196   0x08001196   0x00000002   PAD
    0x08001198   0x08001198   0x000000ce   Code   RO           23    .text.vAppTcp_handleIpInterrupt  app_tcpserver.o
    0x08001266   0x08001266   0x00000002   PAD
    0x08001268   0x08001268   0x0000002e   Code   RO           15    .text.vAppTcp_serverInit  app_tcpserver.o
    0x08001296   0x08001296   0x00000002   PAD
    0x08001298   0x08001298   0x000000ac   Code   RO           58    .text.vGpio_initPins  gpio.o
    0x08001344   0x08001344   0x00000016   Code   RO           60    .text.vGpio_readSlaveConfigPins  gpio.o
    0x0800135a   0x0800135a   0x00000002   PAD
    0x0800135c   0x0800135c   0x00000030   Code   RO           72    .text.vSystick_init  systick.o
    0x0800138c   0x0800138c   0x00000014   Code   RO          653    i.ErrorEncode       wchnet.lib(socket.o)
    0x080013a0   0x080013a0   0x00000010   Code   RO          758    i.GetChipID         wchnet.lib(eth_api.o)
    0x080013b0   0x080013b0   0x00000020   Code   RO          775    i.IPCheckParaInit   wchnet.lib(ipcheck.o)
    0x080013d0   0x080013d0   0x00000034   Code   RO          776    i.IPCheckTmr        wchnet.lib(ipcheck.o)
    0x08001404   0x08001404   0x00000028   Code   RO          777    i.IPConflictHandle  wchnet.lib(ipcheck.o)
    0x0800142c   0x0800142c   0x0000000c   Code   RO          654    i.LwipArpCheck      wchnet.lib(socket.o)
    0x08001438   0x08001438   0x0000006c   Code   RO          655    i.LwipRemoveTcpPcb  wchnet.lib(socket.o)
    0x080014a4   0x080014a4   0x00000004   Code   RO          656    i.LwipTCPPollCallBack  wchnet.lib(socket.o)
    0x080014a8   0x080014a8   0x00000034   Code   RO          657    i.LwipTCPSendCallBack  wchnet.lib(socket.o)
    0x080014dc   0x080014dc   0x00000018   Code   RO          659    i.LwipUnreachPort   wchnet.lib(socket.o)
    0x080014f4   0x080014f4   0x00000002   Code   RO          661    i.NET_TCPError      wchnet.lib(socket.o)
    0x080014f6   0x080014f6   0x00000002   PAD
    0x080014f8   0x080014f8   0x00000010   Code   RO          662    i.QueryPingEnable   wchnet.lib(socket.o)
    0x08001508   0x08001508   0x0000003c   Code   RO          845    i.RemoveTimeWaiTCP  wchnet.lib(tcp.o)
    0x08001544   0x08001544   0x0000002c   Code   RO          778    i.SelIPARPSend      wchnet.lib(ipcheck.o)
    0x08001570   0x08001570   0x000000b8   Code   RO          663    i.SocketIPRAWReceive  wchnet.lib(socket.o)
    0x08001628   0x08001628   0x000000ba   Code   RO          666    i.SocketUdpReceive  wchnet.lib(socket.o)
    0x080016e2   0x080016e2   0x00000002   PAD
    0x080016e4   0x080016e4   0x00000060   Code   RO          668    i.WCHFindCorrectTCBPcb  wchnet.lib(socket.o)
    0x08001744   0x08001744   0x000000f0   Code   RO          672    i.WCHNET_ConfigLIB  wchnet.lib(socket.o)
    0x08001834   0x08001834   0x00000014   Code   RO          673    i.WCHNET_GetGlobalInt  wchnet.lib(socket.o)
    0x08001848   0x08001848   0x0000000c   Code   RO          674    i.WCHNET_GetPHYStatus  wchnet.lib(socket.o)
    0x08001854   0x08001854   0x0000002c   Code   RO          675    i.WCHNET_GetSocketInt  wchnet.lib(socket.o)
    0x08001880   0x08001880   0x00000080   Code   RO          677    i.WCHNET_Init       wchnet.lib(socket.o)
    0x08001900   0x08001900   0x00000054   Code   RO          678    i.WCHNET_ModifyRecvBuf  wchnet.lib(socket.o)
    0x08001954   0x08001954   0x0000000c   Code   RO          759    i.WCHNET_NetInput   wchnet.lib(eth_api.o)
    0x08001960   0x08001960   0x0000016c   Code   RO          760    i.WCHNET_PeriodicHandle  wchnet.lib(eth_api.o)
    0x08001acc   0x08001acc   0x0000004c   Code   RO          761    i.WCHNET_PhyStatus  wchnet.lib(eth_api.o)
    0x08001b18   0x08001b18   0x0000003c   Code   RO          681    i.WCHNET_QueryGlobalInt  wchnet.lib(socket.o)
    0x08001b54   0x08001b54   0x00000080   Code   RO          762    i.WCHNET_Rx         wchnet.lib(eth_api.o)
    0x08001bd4   0x08001bd4   0x000001a8   Code   RO          687    i.WCHNET_SocketCreat  wchnet.lib(socket.o)
    0x08001d7c   0x08001d7c   0x00000050   Code   RO          688    i.WCHNET_SocketListen  wchnet.lib(socket.o)
    0x08001dcc   0x08001dcc   0x000000b4   Code   RO          689    i.WCHNET_SocketRecv  wchnet.lib(socket.o)
    0x08001e80   0x08001e80   0x00000018   Code   RO          690    i.WCHNET_SocketRecvLen  wchnet.lib(socket.o)
    0x08001e98   0x08001e98   0x00000030   Code   RO          763    i.WCHNET_Tx         wchnet.lib(eth_api.o)
    0x08001ec8   0x08001ec8   0x00000046   Code   RO          695    i.WCHScokedIntHandle  wchnet.lib(socket.o)
    0x08001f0e   0x08001f0e   0x00000002   PAD
    0x08001f10   0x08001f10   0x00000030   Code   RO          696    i.WCHSocketInit     wchnet.lib(socket.o)
    0x08001f40   0x08001f40   0x000000bc   Code   RO          697    i.WCHSocketTCPReceive  wchnet.lib(socket.o)
    0x08001ffc   0x08001ffc   0x000000a8   Code   RO          699    i.WCHTCPServerAccept  wchnet.lib(socket.o)
    0x080020a4   0x080020a4   0x0000001e   Code   RO         1031    i.dhcp_arp_reply    wchnet.lib(dhcp.o)
    0x080020c2   0x080020c2   0x00000002   PAD
    0x080020c4   0x080020c4   0x00000110   Code   RO         1035    i.dhcp_create_request  wchnet.lib(dhcp.o)
    0x080021d4   0x080021d4   0x000000c8   Code   RO         1036    i.dhcp_decline      wchnet.lib(dhcp.o)
    0x0800229c   0x0800229c   0x0000001c   Code   RO         1037    i.dhcp_delete_request  wchnet.lib(dhcp.o)
    0x080022b8   0x080022b8   0x00000020   Code   RO         1045    i.dhcp_option       wchnet.lib(dhcp.o)
    0x080022d8   0x080022d8   0x00000010   Code   RO         1046    i.dhcp_option_byte  wchnet.lib(dhcp.o)
    0x080022e8   0x080022e8   0x00000042   Code   RO         1047    i.dhcp_option_long  wchnet.lib(dhcp.o)
    0x0800232a   0x0800232a   0x00000074   Code   RO         1048    i.dhcp_option_mac   wchnet.lib(dhcp.o)
    0x0800239e   0x0800239e   0x00000030   Code   RO         1050    i.dhcp_option_trailer  wchnet.lib(dhcp.o)
    0x080023ce   0x080023ce   0x00000002   PAD
    0x080023d0   0x080023d0   0x00000018   Code   RO         1057    i.dhcp_set_state    wchnet.lib(dhcp.o)
    0x080023e8   0x080023e8   0x000000fc   Code   RO          992    i.etharp_arp_input  wchnet.lib(etharp.o)
    0x080024e4   0x080024e4   0x0000003c   Code   RO          994    i.etharp_ip_input   wchnet.lib(etharp.o)
    0x08002520   0x08002520   0x000000b8   Code   RO          995    i.etharp_output     wchnet.lib(etharp.o)
    0x080025d8   0x080025d8   0x000000d0   Code   RO          996    i.etharp_query      wchnet.lib(etharp.o)
    0x080026a8   0x080026a8   0x000000a6   Code   RO          997    i.etharp_raw        wchnet.lib(etharp.o)
    0x0800274e   0x0800274e   0x00000002   PAD
    0x08002750   0x08002750   0x00000024   Code   RO          998    i.etharp_request    wchnet.lib(etharp.o)
    0x08002774   0x08002774   0x00000036   Code   RO          999    i.etharp_send_ip    wchnet.lib(etharp.o)
    0x080027aa   0x080027aa   0x00000002   PAD
    0x080027ac   0x080027ac   0x0000007c   Code   RO         1000    i.etharp_tmr        wchnet.lib(etharp.o)
    0x08002828   0x08002828   0x00000072   Code   RO         1001    i.ethernet_input    wchnet.lib(etharp.o)
    0x0800289a   0x0800289a   0x00000002   PAD
    0x0800289c   0x0800289c   0x0000004c   Code   RO         1019    i.ethernetif_init   wchnet.lib(ethernetif.o)
    0x080028e8   0x080028e8   0x00000022   Code   RO         1020    i.ethernetif_input  wchnet.lib(ethernetif.o)
    0x0800290a   0x0800290a   0x00000002   PAD
    0x0800290c   0x0800290c   0x0000010c   Code   RO         1002    i.find_entry        wchnet.lib(etharp.o)
    0x08002a18   0x08002a18   0x00000074   Code   RO          764    i.getTxBuffAddr     wchnet.lib(eth_api.o)
    0x08002a8c   0x08002a8c   0x00000004   Code   RO          959    i.htonl             wchnet.lib(inet.o)
    0x08002a90   0x08002a90   0x00000004   Code   RO          960    i.htons             wchnet.lib(inet.o)
    0x08002a94   0x08002a94   0x00000008   Code   RO         1183    i.icmp_dest_unreach  wchnet.lib(icmp.o)
    0x08002a9c   0x08002a9c   0x00000178   Code   RO         1184    i.icmp_input        wchnet.lib(icmp.o)
    0x08002c14   0x08002c14   0x00000066   Code   RO         1185    i.icmp_send_response  wchnet.lib(icmp.o)
    0x08002c7a   0x08002c7a   0x00000008   Code   RO         1186    i.icmp_time_exceeded  wchnet.lib(icmp.o)
    0x08002c82   0x08002c82   0x0000000c   Code   RO         1191    i.inet_chksum       wchnet.lib(inet_chksum.o)
    0x08002c8e   0x08002c8e   0x00000048   Code   RO         1192    i.inet_chksum_pbuf  wchnet.lib(inet_chksum.o)
    0x08002cd6   0x08002cd6   0x00000002   PAD
    0x08002cd8   0x08002cd8   0x00000098   Code   RO         1193    i.inet_chksum_pseudo  wchnet.lib(inet_chksum.o)
    0x08002d70   0x08002d70   0x00000030   Code   RO          974    i.ip_addr_isbroadcast  wchnet.lib(ip_addr.o)
    0x08002da0   0x08002da0   0x00000138   Code   RO          978    i.ip_frag           wchnet.lib(ip_frag.o)
    0x08002ed8   0x08002ed8   0x000001e0   Code   RO         1199    i.ip_input          wchnet.lib(ip.o)
    0x080030b8   0x080030b8   0x00000034   Code   RO         1200    i.ip_output         wchnet.lib(ip.o)
    0x080030ec   0x080030ec   0x000000d8   Code   RO         1201    i.ip_output_if      wchnet.lib(ip.o)
    0x080031c4   0x080031c4   0x00000194   Code   RO          979    i.ip_reass          wchnet.lib(ip_frag.o)
    0x08003358   0x08003358   0x000000f0   Code   RO          980    i.ip_reass_chain_frag_into_datagram_and_validate  wchnet.lib(ip_frag.o)
    0x08003448   0x08003448   0x00000024   Code   RO          981    i.ip_reass_dequeue_datagram  wchnet.lib(ip_frag.o)
    0x0800346c   0x0800346c   0x00000070   Code   RO          982    i.ip_reass_free_complete_datagram  wchnet.lib(ip_frag.o)
    0x080034dc   0x080034dc   0x00000038   Code   RO          983    i.ip_reass_tmr      wchnet.lib(ip_frag.o)
    0x08003514   0x08003514   0x00000048   Code   RO         1202    i.ip_route          wchnet.lib(ip.o)
    0x0800355c   0x0800355c   0x0000005c   Code   RO         1021    i.low_level_input   wchnet.lib(ethernetif.o)
    0x080035b8   0x080035b8   0x00000052   Code   RO         1022    i.low_level_output  wchnet.lib(ethernetif.o)
    0x0800360a   0x0800360a   0x00000002   PAD
    0x0800360c   0x0800360c   0x00000038   Code   RO         1119    i.lwip_init         wchnet.lib(init.o)
    0x08003644   0x08003644   0x0000003c   Code   RO         1194    i.lwip_standard_chksum  wchnet.lib(inet_chksum.o)
    0x08003680   0x08003680   0x0000002c   Code   RO         1123    i.mem_free          wchnet.lib(mem.o)
    0x080036ac   0x080036ac   0x00000050   Code   RO         1124    i.mem_init          wchnet.lib(mem.o)
    0x080036fc   0x080036fc   0x000000bc   Code   RO         1125    i.mem_malloc        wchnet.lib(mem.o)
    0x080037b8   0x080037b8   0x000000e4   Code   RO         1126    i.mem_realloc       wchnet.lib(mem.o)
    0x0800389c   0x0800389c   0x00000018   Code   RO         1136    i.memp_free         wchnet.lib(memp.o)
    0x080038b4   0x080038b4   0x00000058   Code   RO         1137    i.memp_init         wchnet.lib(memp.o)
    0x0800390c   0x0800390c   0x00000020   Code   RO         1138    i.memp_malloc       wchnet.lib(memp.o)
    0x0800392c   0x0800392c   0x0000004c   Code   RO         1144    i.netif_add         wchnet.lib(netif.o)
    0x08003978   0x08003978   0x0000000a   Code   RO         1146    i.netif_is_up       wchnet.lib(netif.o)
    0x08003982   0x08003982   0x00000020   Code   RO         1148    i.netif_set_addr    wchnet.lib(netif.o)
    0x080039a2   0x080039a2   0x00000002   PAD
    0x080039a4   0x080039a4   0x0000000c   Code   RO         1149    i.netif_set_default  wchnet.lib(netif.o)
    0x080039b0   0x080039b0   0x00000008   Code   RO         1151    i.netif_set_gw      wchnet.lib(netif.o)
    0x080039b8   0x080039b8   0x00000078   Code   RO         1152    i.netif_set_ipaddr  wchnet.lib(netif.o)
    0x08003a30   0x08003a30   0x00000008   Code   RO         1153    i.netif_set_netmask  wchnet.lib(netif.o)
    0x08003a38   0x08003a38   0x00000004   Code   RO          964    i.ntohl             wchnet.lib(inet.o)
    0x08003a3c   0x08003a3c   0x00000004   Code   RO          965    i.ntohs             wchnet.lib(inet.o)
    0x08003a40   0x08003a40   0x00000124   Code   RO          802    i.pbuf_alloc        wchnet.lib(pbuf.o)
    0x08003b64   0x08003b64   0x00000028   Code   RO          803    i.pbuf_cat          wchnet.lib(pbuf.o)
    0x08003b8c   0x08003b8c   0x00000012   Code   RO          804    i.pbuf_chain        wchnet.lib(pbuf.o)
    0x08003b9e   0x08003b9e   0x00000012   Code   RO          805    i.pbuf_clen         wchnet.lib(pbuf.o)
    0x08003bb0   0x08003bb0   0x00000090   Code   RO          807    i.pbuf_copy         wchnet.lib(pbuf.o)
    0x08003c40   0x08003c40   0x00000044   Code   RO          810    i.pbuf_free         wchnet.lib(pbuf.o)
    0x08003c84   0x08003c84   0x00000060   Code   RO          811    i.pbuf_header       wchnet.lib(pbuf.o)
    0x08003ce4   0x08003ce4   0x0000004e   Code   RO          812    i.pbuf_realloc      wchnet.lib(pbuf.o)
    0x08003d32   0x08003d32   0x0000000c   Code   RO          813    i.pbuf_ref          wchnet.lib(pbuf.o)
    0x08003d3e   0x08003d3e   0x00000002   PAD
    0x08003d40   0x08003d40   0x00000054   Code   RO         1127    i.plug_holes        wchnet.lib(mem.o)
    0x08003d94   0x08003d94   0x0000000a   Code   RO          828    i.raw_bind          wchnet.lib(raw.o)
    0x08003d9e   0x08003d9e   0x0000000a   Code   RO          829    i.raw_connect       wchnet.lib(raw.o)
    0x08003da8   0x08003da8   0x00000068   Code   RO          830    i.raw_input         wchnet.lib(raw.o)
    0x08003e10   0x08003e10   0x0000002c   Code   RO          831    i.raw_new           wchnet.lib(raw.o)
    0x08003e3c   0x08003e3c   0x00000006   Code   RO          832    i.raw_recv          wchnet.lib(raw.o)
    0x08003e42   0x08003e42   0x00000002   PAD
    0x08003e44   0x08003e44   0x00000014   Code   RO          765    i.setRxBuffAddr     wchnet.lib(eth_api.o)
    0x08003e58   0x08003e58   0x000000a4   Code   RO          846    i.tcp_abandon       wchnet.lib(tcp.o)
    0x08003efc   0x08003efc   0x00000004   Code   RO          847    i.tcp_accept        wchnet.lib(tcp.o)
    0x08003f00   0x08003f00   0x00000006   Code   RO          848    i.tcp_accept_null   wchnet.lib(tcp.o)
    0x08003f06   0x08003f06   0x00000002   PAD
    0x08003f08   0x08003f08   0x00000118   Code   RO          849    i.tcp_alloc         wchnet.lib(tcp.o)
    0x08004020   0x08004020   0x00000004   Code   RO          850    i.tcp_arg           wchnet.lib(tcp.o)
    0x08004024   0x08004024   0x000000bc   Code   RO          851    i.tcp_bind          wchnet.lib(tcp.o)
    0x080040e0   0x080040e0   0x000000b0   Code   RO          852    i.tcp_close         wchnet.lib(tcp.o)
    0x08004190   0x08004190   0x00000020   Code   RO          855    i.tcp_eff_send_mss  wchnet.lib(tcp.o)
    0x080041b0   0x080041b0   0x00000370   Code   RO          912    i.tcp_enqueue       wchnet.lib(tcp_out.o)
    0x08004520   0x08004520   0x00000006   Code   RO          856    i.tcp_err           wchnet.lib(tcp.o)
    0x08004526   0x08004526   0x00000002   PAD
    0x08004528   0x08004528   0x00000088   Code   RO          857    i.tcp_fastsendack   wchnet.lib(tcp.o)
    0x080045b0   0x080045b0   0x00000068   Code   RO          858    i.tcp_fasttmr       wchnet.lib(tcp.o)
    0x08004618   0x08004618   0x0000035c   Code   RO         1167    i.tcp_input         wchnet.lib(tcp_in.o)
    0x08004974   0x08004974   0x0000005a   Code   RO          913    i.tcp_keepalive     wchnet.lib(tcp_out.o)
    0x080049ce   0x080049ce   0x00000002   PAD
    0x080049d0   0x080049d0   0x00000134   Code   RO         1168    i.tcp_listen_input  wchnet.lib(tcp_in.o)
    0x08004b04   0x08004b04   0x00000080   Code   RO          859    i.tcp_listen_with_backlog  wchnet.lib(tcp.o)
    0x08004b84   0x08004b84   0x00000006   Code   RO          860    i.tcp_new           wchnet.lib(tcp.o)
    0x08004b8a   0x08004b8a   0x00000002   PAD
    0x08004b8c   0x08004b8c   0x00000060   Code   RO          861    i.tcp_new_port      wchnet.lib(tcp.o)
    0x08004bec   0x08004bec   0x00000010   Code   RO          862    i.tcp_next_iss      wchnet.lib(tcp.o)
    0x08004bfc   0x08004bfc   0x00000090   Code   RO         1169    i.tcp_oos_insert_segment  wchnet.lib(tcp_in.o)
    0x08004c8c   0x08004c8c   0x000001ac   Code   RO          914    i.tcp_output        wchnet.lib(tcp_out.o)
    0x08004e38   0x08004e38   0x000000d0   Code   RO          915    i.tcp_output_segment  wchnet.lib(tcp_out.o)
    0x08004f08   0x08004f08   0x00000080   Code   RO          916    i.tcp_output_set_header  wchnet.lib(tcp_out.o)
    0x08004f88   0x08004f88   0x00000084   Code   RO         1170    i.tcp_parseopt      wchnet.lib(tcp_in.o)
    0x0800500c   0x0800500c   0x00000046   Code   RO          863    i.tcp_pcb_purge     wchnet.lib(tcp.o)
    0x08005052   0x08005052   0x00000002   PAD
    0x08005054   0x08005054   0x0000005c   Code   RO          864    i.tcp_pcb_remove    wchnet.lib(tcp.o)
    0x080050b0   0x080050b0   0x0000000a   Code   RO          865    i.tcp_poll          wchnet.lib(tcp.o)
    0x080050ba   0x080050ba   0x00000002   PAD
    0x080050bc   0x080050bc   0x0000034c   Code   RO         1171    i.tcp_process       wchnet.lib(tcp_in.o)
    0x08005408   0x08005408   0x000006cc   Code   RO         1172    i.tcp_receive       wchnet.lib(tcp_in.o)
    0x08005ad4   0x08005ad4   0x00000006   Code   RO          866    i.tcp_recv          wchnet.lib(tcp.o)
    0x08005ada   0x08005ada   0x00000024   Code   RO          867    i.tcp_recv_null     wchnet.lib(tcp.o)
    0x08005afe   0x08005afe   0x0000003a   Code   RO          868    i.tcp_recved        wchnet.lib(tcp.o)
    0x08005b38   0x08005b38   0x00000058   Code   RO          700    i.tcp_recved_socket  wchnet.lib(socket.o)
    0x08005b90   0x08005b90   0x0000004a   Code   RO          917    i.tcp_rexmit        wchnet.lib(tcp_out.o)
    0x08005bda   0x08005bda   0x0000005c   Code   RO          918    i.tcp_rexmit_fast   wchnet.lib(tcp_out.o)
    0x08005c36   0x08005c36   0x0000002e   Code   RO          919    i.tcp_rexmit_rto    wchnet.lib(tcp_out.o)
    0x08005c64   0x08005c64   0x000000b4   Code   RO          920    i.tcp_rst           wchnet.lib(tcp_out.o)
    0x08005d18   0x08005d18   0x00000024   Code   RO          869    i.tcp_seg_copy      wchnet.lib(tcp.o)
    0x08005d3c   0x08005d3c   0x00000020   Code   RO          870    i.tcp_seg_free      wchnet.lib(tcp.o)
    0x08005d5c   0x08005d5c   0x0000001a   Code   RO          871    i.tcp_segs_free     wchnet.lib(tcp.o)
    0x08005d76   0x08005d76   0x00000016   Code   RO          921    i.tcp_send_ctrl     wchnet.lib(tcp_out.o)
    0x08005d8c   0x08005d8c   0x0000006e   Code   RO          922    i.tcp_send_empty_ack  wchnet.lib(tcp_out.o)
    0x08005dfa   0x08005dfa   0x00000006   Code   RO          872    i.tcp_sent          wchnet.lib(tcp.o)
    0x08005e00   0x08005e00   0x00000278   Code   RO          874    i.tcp_slowtmr       wchnet.lib(tcp.o)
    0x08006078   0x08006078   0x0000006c   Code   RO         1173    i.tcp_timewait_input  wchnet.lib(tcp_in.o)
    0x080060e4   0x080060e4   0x00000020   Code   RO          875    i.tcp_tmr           wchnet.lib(tcp.o)
    0x08006104   0x08006104   0x00000034   Code   RO          876    i.tcp_update_rcv_ann_wnd  wchnet.lib(tcp.o)
    0x08006138   0x08006138   0x000000aa   Code   RO          924    i.tcp_zero_window_probe  wchnet.lib(tcp_out.o)
    0x080061e2   0x080061e2   0x00000002   PAD
    0x080061e4   0x080061e4   0x00000074   Code   RO          938    i.udp_bind          wchnet.lib(udp.o)
    0x08006258   0x08006258   0x00000074   Code   RO          939    i.udp_connect       wchnet.lib(udp.o)
    0x080062cc   0x080062cc   0x000001d0   Code   RO          941    i.udp_input         wchnet.lib(udp.o)
    0x0800649c   0x0800649c   0x0000001a   Code   RO          942    i.udp_new           wchnet.lib(udp.o)
    0x080064b6   0x080064b6   0x00000006   Code   RO          943    i.udp_recv          wchnet.lib(udp.o)
    0x080064bc   0x080064bc   0x000000d0   Code   RO          947    i.udp_sendto_if     wchnet.lib(udp.o)
    0x0800658c   0x0800658c   0x00000088   Code   RO         1003    i.update_arp_entry  wchnet.lib(etharp.o)
    0x08006614   0x08006614   0x0000006c   Code   RO         1023    i.wch_ethernetif_init  wchnet.lib(ethernetif.o)
    0x08006680   0x08006680   0x00000010   Data   RO          702    .constdata          wchnet.lib(socket.o)
    0x08006690   0x08006690   0x00000014   Data   RO          877    .constdata          wchnet.lib(tcp.o)
    0x080066a4   0x080066a4   0x00000004   Data   RO          975    .constdata          wchnet.lib(ip_addr.o)
    0x080066a8   0x080066a8   0x00000004   Data   RO          976    .constdata          wchnet.lib(ip_addr.o)
    0x080066ac   0x080066ac   0x0000000c   Data   RO         1004    .constdata          wchnet.lib(etharp.o)
    0x080066b8   0x080066b8   0x00000075   Data   RO          878    .conststring        wchnet.lib(tcp.o)
    0x0800672d   0x0800672d   0x00000010   Data   RO          179    .rodata.AHBPrescTable  system_ch32f20x.o
    0x0800673d   0x0800673d   0x00000001   PAD
    0x0800673e   0x0800673e   0x00000010   Data   RO          157    .rodata.MemNum      eth_driver_d8w.o
    0x0800674e   0x0800674e   0x00000010   Data   RO          158    .rodata.MemSize     eth_driver_d8w.o
    0x0800675e   0x0800675e   0x00000002   PAD
    0x08006760   0x08006760   0x00000020   Data   RO         1390    Region$$Table       anon$$obj.o


    Execution Region RW_IRAM1 (Exec base: 0x20000000, Load base: 0x08006780, Size: 0x00002840, Max: 0x00010000, ABSOLUTE)

    Exec Addr    Load Addr    Size         Type   Attr      Idx    E Section Name        Object

    0x20000000   0x08006780   0x00000001   Data   RW          703    .data               wchnet.lib(socket.o)
    0x20000001   0x08006781   0x00000003   PAD
    0x20000004   0x08006784   0x0000000c   Data   RW          704    .data               wchnet.lib(socket.o)
    0x20000010   0x08006790   0x00000004   Data   RW          705    .data               wchnet.lib(socket.o)
    0x20000014   0x08006794   0x00000024   Data   RW          766    .data               wchnet.lib(eth_api.o)
    0x20000038   0x080067b8   0x00000004   Data   RW          789    .data               wchnet.lib(net_dhcp.o)
    0x2000003c   0x080067bc   0x00000004   Data   RW          836    .data               wchnet.lib(raw.o)
    0x20000040   0x080067c0   0x0000004c   Data   RW          879    .data               wchnet.lib(tcp.o)
    0x2000008c   0x0800680c   0x00000004   Data   RW          948    .data               wchnet.lib(udp.o)
    0x20000090   0x08006810   0x00000008   Data   RW          984    .data               wchnet.lib(ip_frag.o)
    0x20000098   0x08006818   0x00000008   Data   RW         1005    .data               wchnet.lib(etharp.o)
    0x200000a0   0x08006820   0x00000008   Data   RW         1025    .data               wchnet.lib(ethernetif.o)
    0x200000a8   0x08006828   0x00000010   Data   RW         1128    .data               wchnet.lib(mem.o)
    0x200000b8   0x08006838   0x0000000c   Data   RW         1140    .data               wchnet.lib(memp.o)
    0x200000c4   0x08006844   0x0000000c   Data   RW         1155    .data               wchnet.lib(netif.o)
    0x200000d0   0x08006850   0x0000001c   Data   RW         1175    .data               wchnet.lib(tcp_in.o)
    0x200000ec   0x0800686c   0x00000002   Data   RW         1203    .data               wchnet.lib(ip.o)
    0x200000ee   0x0800686e   0x0000000c   Data   RW           27    .data..L_MergedGlobals  app_tcpserver.o
    0x200000fa   0x0800687a   0x00000002   PAD
    0x200000fc   0x0800687c   0x00000004   Data   RW          178    .data.SystemCoreClock  system_ch32f20x.o
    0x20000100        -       0x0000007c   Zero   RW          701    .bss                wchnet.lib(socket.o)
    0x2000017c        -       0x0000000a   Zero   RW          779    .bss                wchnet.lib(ipcheck.o)
    0x20000186   0x08006880   0x00000002   PAD
    0x20000188        -       0x00000058   Zero   RW          788    .bss                wchnet.lib(net_dhcp.o)
    0x200001e0        -       0x00000014   Zero   RW          798    .bss                wchnet.lib(net_dns.o)
    0x200001f4        -       0x00000038   Zero   RW         1024    .bss                wchnet.lib(ethernetif.o)
    0x2000022c        -       0x00000020   Zero   RW         1139    .bss                wchnet.lib(memp.o)
    0x2000024c        -       0x00000014   Zero   RW         1174    .bss                wchnet.lib(tcp_in.o)
    0x20000260        -       0x00000060   Zero   RW         1255    .bss                c_w.l(libspace.o)
    0x200002c0        -       0x0000000c   Zero   RW           62    .bss..L_MergedGlobals  gpio.o
    0x200002cc        -       0x00000070   Zero   RW          165    .bss..L_MergedGlobals  eth_driver_d8w.o
    0x2000033c        -       0x00000044   Zero   RW           28    .bss..L_MergedGlobals.1  app_tcpserver.o
    0x20000380        -       0x00000400   Zero   RW          160    .bss.MACRxBuf       eth_driver_d8w.o
    0x20000780        -       0x00000100   Zero   RW          159    .bss.MACTxBuf       eth_driver_d8w.o
    0x20000880        -       0x000004b0   Zero   RW          164    .bss.Mem_ArpTable   eth_driver_d8w.o
    0x20000d30        -       0x00000614   Zero   RW          163    .bss.Mem_Heap_Memory  eth_driver_d8w.o
    0x20001344        -       0x00000a73   Zero   RW          162    .bss.Memp_Memory    eth_driver_d8w.o
    0x20001db7   0x08006880   0x00000001   PAD
    0x20001db8        -       0x00000078   Zero   RW          161    .bss.SocketInf      eth_driver_d8w.o
    0x20001e30        -       0x00000004   Zero   RW           78    .bss.u32MillisCounter  systick.o
    0x20001e34        -       0x00000006   Zero   RW           25    .bss.u8DeviceMACAddr  app_tcpserver.o
    0x20001e3a        -       0x00000400   Zero   RW           26    .bss.u8SocketRecvBuf  app_tcpserver.o
    0x2000223a   0x08006880   0x00000002   PAD
    0x2000223c        -       0x00000004   Zero   RW           39    .bss.u8TcpBufferPtr  app_msgtype.o
    0x20002240        -       0x00000200   Zero   RW          188    HEAP                startup_ch32f20x_d8w.o
    0x20002440        -       0x00000400   Zero   RW          187    STACK               startup_ch32f20x_d8w.o


==============================================================================

Image component sizes


      Code (inc. data)   RO Data    RW Data    ZI Data      Debug   Object Name

        70          0          0          0          0        677   app_main.o
        22          0          0          0          4       1081   app_msgtype.o
       348          0          0         12       1098       4752   app_tcpserver.o
      1030          0          0          0          0       9615   ch32f20x_gpio.o
        50          0          0          0          0      13003   ch32f20x_rcc.o
        10          0          0          0          0      31505   ch32f20x_tim.o
      1682          0         32          0       6943      14320   eth_driver_d8w.o
       194          0          0          0         12       1984   gpio.o
        64         26        280          0       1536        852   startup_ch32f20x_d8w.o
       472          0         16          4          0       2943   system_ch32f20x.o
        98          0          0          0          4       4297   systick.o

    ----------------------------------------------------------------------
      4084         26        363         18       9600      85029   Object Totals
         0          0         32          0          0          0   (incl. Generated)
        44          0          3          2          3          0   (incl. Padding)

    ----------------------------------------------------------------------

      Code (inc. data)   RO Data    RW Data    ZI Data      Debug   Library Member Name

         8          0          0          0          0         68   __main.o
         0          0          0          0          0          0   __rtentry.o
        12          0          0          0          0          0   __rtentry2.o
         6          0          0          0          0          0   __rtentry4.o
        94          8          0          0          0          0   __scatter.o
        26          0          0          0          0          0   __scatter_copy.o
        28          0          0          0          0          0   __scatter_zi.o
        18          0          0          0          0         80   exit.o
         6          0          0          0          0        152   heapauxi.o
         0          0          0          0          0          0   indicate_semi.o
         2          0          0          0          0          0   libinit.o
         2          0          0          0          0          0   libinit2.o
         2          0          0          0          0          0   libshutdown.o
         2          0          0          0          0          0   libshutdown2.o
         8          4          0          0         96         68   libspace.o
        78          0          0          0          0         80   rt_memclr_w.o
       138          0          0          0          0         68   rt_memcpy_v6.o
       100          0          0          0          0         80   rt_memcpy_w.o
         2          0          0          0          0          0   rtexit.o
        10          0          0          0          0          0   rtexit2.o
        12          4          0          0          0         68   sys_exit.o
        74          0          0          0          0         80   sys_stackheap_outer.o
         2          0          0          0          0         68   use_no_semi.o
       832         22          0          0          0        744   dhcp.o
       780         98          0         36          0        628   eth_api.o
      1602         48         12          8          0        972   etharp.o
       392         56          0          8         56        416   ethernetif.o
       494          0          0          0          0        344   icmp.o
        16          0          0          0          0        272   inet.o
       296          4          0          0          0        324   inet_chksum.o
        56         16          0          0          0         84   init.o
       820         20          0          2          0        380   ip.o
        48          0          8          0          0         68   ip_addr.o
      1160         34          0          8          0        524   ip_frag.o
       168         28          0          0         10        292   ipcheck.o
       624         38          0         16          0        404   mem.o
       144         20          0         12         32        216   memp.o
         0          0          0          4         88          0   net_dhcp.o
         0          0          0          0         20          0   net_dns.o
       266         20          0         12          0        528   netif.o
       766          4          0          0          0        704   pbuf.o
       174         10          0          4          0        372   raw.o
      2562        206         16         17        124       2156   socket.o
      2494        102        137         76          0       2272   tcp.o
      4136        104          0         28         20        680   tcp_in.o
      2428         24          0          0          0       1048   tcp_out.o
       936         14          0          4          0        516   udp.o

    ----------------------------------------------------------------------
     21876        884        173        238        448      14756   Library Totals
        52          0          0          3          2          0   (incl. Padding)

    ----------------------------------------------------------------------

      Code (inc. data)   RO Data    RW Data    ZI Data      Debug   Library Name

       630         16          0          0         96        812   c_w.l
     21194        868        173        235        350      13944   wchnet.lib

    ----------------------------------------------------------------------
     21876        884        173        238        448      14756   Library Totals

    ----------------------------------------------------------------------

==============================================================================


      Code (inc. data)   RO Data    RW Data    ZI Data      Debug   

     25960        910        536        256      10048      90673   Grand Totals
     25960        910        536        256      10048      90673   ELF Image Totals
     25960        910        536        256          0          0   ROM Totals

==============================================================================

    Total RO  Size (Code + RO Data)                26496 (  25.88kB)
    Total RW  Size (RW Data + ZI Data)             10304 (  10.06kB)
    Total ROM Size (Code + RO Data + RW Data)      26752 (  26.12kB)

==============================================================================

