Component: Arm Compiler for Embedded 6.22 Tool: armlink [5ee90200]

==============================================================================

Section Cross References

    app_main.o(.ARM.exidx.text.HardFault_Handler) refers to app_main.o(.text.HardFault_Handler) for [Anonymous Symbol]
    app_main.o(.text.main) refers to system_ch32f20x.o(.text.SystemCoreClockUpdate) for SystemCoreClockUpdate
    app_main.o(.text.main) refers to systick.o(.text.vSystick_init) for vSystick_init
    app_main.o(.text.main) refers to gpio.o(.text.vGpio_initPins) for vGpio_initPins
    app_main.o(.text.main) refers to tim2_ctrl.o(.text.vTim2_initLoopTimer) for vTim2_initLoopTimer
    app_main.o(.text.main) refers to tim3_pwm.o(.text.vTim3_initPWMTimer) for vTim3_initPWMTimer
    app_main.o(.text.main) refers to tim3_pwm.o(.text.vTim3_startPWMTimer) for vTim3_startPWMTimer
    app_main.o(.text.main) refers to tim4_enc.o(.text.vTim4_initEncoder) for vTim4_initEncoder
    app_main.o(.text.main) refers to app_controlloop.o(.text.vAppControl_init) for vAppControl_init
    app_main.o(.text.main) refers to gpio.o(.text.vGpio_readIPConfigPins) for vGpio_readIPConfigPins
    app_main.o(.text.main) refers to app_tcpserver.o(.text.vAppTcp_serverInit) for vAppTcp_serverInit
    app_main.o(.text.main) refers to app_msgtype.o(.text.u8AppMsg_init) for u8AppMsg_init
    app_main.o(.text.main) refers to app_tcpserver.o(.text.vAppTcp_createRosListenSocket) for vAppTcp_createRosListenSocket
    app_main.o(.text.main) refers to app_tcpserver.o(.text.vAppTcp_createUdpPTPPort) for vAppTcp_createUdpPTPPort
    app_main.o(.text.main) refers to eth_driver_d8w.o(.text.WCHNET_MainTask) for WCHNET_MainTask
    app_main.o(.text.main) refers to socket.o(i.WCHNET_QueryGlobalInt) for WCHNET_QueryGlobalInt
    app_main.o(.text.main) refers to app_tcpserver.o(.text.vAppTcp_handleIpInterrupt) for vAppTcp_handleIpInterrupt
    app_main.o(.text.main) refers to app_tcpserver.o(.text.u8AppTcp_isRosClientConnected) for u8AppTcp_isRosClientConnected
    app_main.o(.text.main) refers to app_tcpserver.o(.text.u8AppTcp_isThereDataToRead) for u8AppTcp_isThereDataToRead
    app_main.o(.text.main) refers to app_msgtype.o(.text.vAppMsg_processInputData) for vAppMsg_processInputData
    app_main.o(.ARM.exidx.text.main) refers to app_main.o(.text.main) for [Anonymous Symbol]
    app_tcpserver.o(.text.ETH_IRQHandler) refers to eth_driver_d8w.o(.text.WCHNET_ETHIsr) for WCHNET_ETHIsr
    app_tcpserver.o(.ARM.exidx.text.ETH_IRQHandler) refers to app_tcpserver.o(.text.ETH_IRQHandler) for [Anonymous Symbol]
    app_tcpserver.o(.text.vAppTcp_serverInit) refers to app_tcpserver.o(.data..L_MergedGlobals) for .L_MergedGlobals
    app_tcpserver.o(.text.vAppTcp_serverInit) refers to app_tcpserver.o(.bss.u8DeviceMACAddr) for u8DeviceMACAddr
    app_tcpserver.o(.text.vAppTcp_serverInit) refers to eth_driver_d8w.o(.text.WCHNET_GetMacAddr) for WCHNET_GetMacAddr
    app_tcpserver.o(.text.vAppTcp_serverInit) refers to eth_driver_d8w.o(.text.ETH_LibInit) for ETH_LibInit
    app_tcpserver.o(.text.vAppTcp_serverInit) refers to socket.o(i.WCHNET_ConfigKeepLive) for WCHNET_ConfigKeepLive
    app_tcpserver.o(.ARM.exidx.text.vAppTcp_serverInit) refers to app_tcpserver.o(.text.vAppTcp_serverInit) for [Anonymous Symbol]
    app_tcpserver.o(.text.vAppTcp_createRosListenSocket) refers to app_tcpserver.o(.bss..L_MergedGlobals.1) for .L_MergedGlobals.1
    app_tcpserver.o(.text.vAppTcp_createRosListenSocket) refers to socket.o(i.WCHNET_SocketCreat) for WCHNET_SocketCreat
    app_tcpserver.o(.text.vAppTcp_createRosListenSocket) refers to socket.o(i.WCHNET_SocketListen) for WCHNET_SocketListen
    app_tcpserver.o(.ARM.exidx.text.vAppTcp_createRosListenSocket) refers to app_tcpserver.o(.text.vAppTcp_createRosListenSocket) for [Anonymous Symbol]
    app_tcpserver.o(.text.vAppTcp_udpReceiver) refers to socket.o(i.WCHNET_SocketUdpSendTo) for WCHNET_SocketUdpSendTo
    app_tcpserver.o(.ARM.exidx.text.vAppTcp_udpReceiver) refers to app_tcpserver.o(.text.vAppTcp_udpReceiver) for [Anonymous Symbol]
    app_tcpserver.o(.text.vAppTcp_createUdpPTPPort) refers to app_tcpserver.o(.bss.tUDPSocketInfo) for tUDPSocketInfo
    app_tcpserver.o(.text.vAppTcp_createUdpPTPPort) refers to app_tcpserver.o(.bss..L_MergedGlobals.1) for .L_MergedGlobals.1
    app_tcpserver.o(.text.vAppTcp_createUdpPTPPort) refers to app_tcpserver.o(.text.vAppTcp_udpReceiver) for vAppTcp_udpReceiver
    app_tcpserver.o(.text.vAppTcp_createUdpPTPPort) refers to socket.o(i.WCHNET_SocketCreat) for WCHNET_SocketCreat
    app_tcpserver.o(.ARM.exidx.text.vAppTcp_createUdpPTPPort) refers to app_tcpserver.o(.text.vAppTcp_createUdpPTPPort) for [Anonymous Symbol]
    app_tcpserver.o(.text.u8AppTcp_isRosClientConnected) refers to app_tcpserver.o(.bss..L_MergedGlobals.1) for .L_MergedGlobals.1
    app_tcpserver.o(.ARM.exidx.text.u8AppTcp_isRosClientConnected) refers to app_tcpserver.o(.text.u8AppTcp_isRosClientConnected) for [Anonymous Symbol]
[...]
    __semihosting_library_function           0x08000413   Thumb Code     0  indicate_semi.o(.text)
    ETH_IRQHandler                           0x08000415   Thumb Code     4  app_tcpserver.o(.text.ETH_IRQHandler)
    ETH_Init                                 0x08000419   Thumb Code   404  eth_driver_d8w.o(.text.ETH_Init)
    ETH_LedDataSet                           0x080005ad   Thumb Code    24  eth_driver_d8w.o(.text.ETH_LedDataSet)
    ETH_LedLinkSet                           0x080005c5   Thumb Code    24  eth_driver_d8w.o(.text.ETH_LedLinkSet)
    ETH_LibInit                              0x080005dd   Thumb Code   134  eth_driver_d8w.o(.text.ETH_LibInit)
    ETH_PHYLink                              0x08000665   Thumb Code   204  eth_driver_d8w.o(.text.ETH_PHYLink)
    ETH_TxPktChainMode                       0x08000731   Thumb Code    86  eth_driver_d8w.o(.text.ETH_TxPktChainMode)
    GPIO_Init                                0x08000789   Thumb Code   810  ch32f20x_gpio.o(.text.GPIO_Init)
    GPIO_PinRemapConfig                      0x08000ab5   Thumb Code   202  ch32f20x_gpio.o(.text.GPIO_PinRemapConfig)
    GPIO_ReadInputData                       0x08000b81   Thumb Code     6  ch32f20x_gpio.o(.text.GPIO_ReadInputData)
    GPIO_ResetBits                           0x08000b89   Thumb Code     4  ch32f20x_gpio.o(.text.GPIO_ResetBits)
    GPIO_SetBits                             0x08000b8d   Thumb Code     4  ch32f20x_gpio.o(.text.GPIO_SetBits)
    GPIO_Write                               0x08000b91   Thumb Code     4  ch32f20x_gpio.o(.text.GPIO_Write)
    HardFault_Handler                        0x08000b95   Thumb Code     2  app_main.o(.text.HardFault_Handler)
    RCC_APB1PeriphClockCmd                   0x08000b99   Thumb Code    24  ch32f20x_rcc.o(.text.RCC_APB1PeriphClockCmd)
    RCC_APB2PeriphClockCmd                   0x08000bb1   Thumb Code    24  ch32f20x_rcc.o(.text.RCC_APB2PeriphClockCmd)
    RCC_ETHDIVConfig                         0x08000bc9   Thumb Code    26  ch32f20x_rcc.o(.text.RCC_ETHDIVConfig)
    SysTick_Handler                          0x08000be5   Thumb Code    50  systick.o(.text.SysTick_Handler)
    SystemCoreClockUpdate                    0x08000c19   Thumb Code   150  system_ch32f20x.o(.text.SystemCoreClockUpdate)
    SystemInit                               0x08000cb1   Thumb Code   684  system_ch32f20x.o(.text.SystemInit)
    TIM_ClearITPendingBit                    0x08000f5d   Thumb Code     6  ch32f20x_tim.o(.text.TIM_ClearITPendingBit)
    TIM_Cmd                                  0x08000f65   Thumb Code    18  ch32f20x_tim.o(.text.TIM_Cmd)
    TIM_EncoderInterfaceConfig               0x08000f79   Thumb Code    48  ch32f20x_tim.o(.text.TIM_EncoderInterfaceConfig)
    TIM_GetCounter                           0x08000fa9   Thumb Code     4  ch32f20x_tim.o(.text.TIM_GetCounter)
    TIM_ITConfig                             0x08000fad   Thumb Code    16  ch32f20x_tim.o(.text.TIM_ITConfig)
    TIM_OC1Init                              0x08000fbd   Thumb Code   114  ch32f20x_tim.o(.text.TIM_OC1Init)
    TIM_SetAutoreload                        0x08001031   Thumb Code     4  ch32f20x_tim.o(.text.TIM_SetAutoreload)
    TIM_SetCompare1                          0x08001035   Thumb Code     4  ch32f20x_tim.o(.text.TIM_SetCompare1)
    TIM_SetCompare2                          0x08001039   Thumb Code     4  ch32f20x_tim.o(.text.TIM_SetCompare2)
    TIM_SetCounter                           0x0800103d   Thumb Code     4  ch32f20x_tim.o(.text.TIM_SetCounter)
    TIM_TimeBaseInit                         0x08001041   Thumb Code   212  ch32f20x_tim.o(.text.TIM_TimeBaseInit)
    WCHNET_ETHIsr                            0x08001115   Thumb Code   220  eth_driver_d8w.o(.text.WCHNET_ETHIsr)
    WCHNET_GetMacAddr                        0x080011f1   Thumb Code    34  eth_driver_d8w.o(.text.WCHNET_GetMacAddr)
    WCHNET_HandlePhyNegotiation              0x08001215   Thumb Code   194  eth_driver_d8w.o(.text.WCHNET_HandlePhyNegotiation)
    WCHNET_MainTask                          0x080012d9   Thumb Code    18  eth_driver_d8w.o(.text.WCHNET_MainTask)
    WCHNET_TimeIsr                           0x080012ed   Thumb Code    16  eth_driver_d8w.o(.text.WCHNET_TimeIsr)
    main                                     0x080012fd   Thumb Code   106  app_main.o(.text.main)
    u8AppControl_getControlRate              0x08001369   Thumb Code    12  app_controlloop.o(.text.u8AppControl_getControlRate)
    u8AppControl_getControlRunStatus         0x08001375   Thumb Code    16  app_controlloop.o(.text.u8AppControl_getControlRunStatus)
    u8AppControl_setControlRate              0x08001385   Thumb Code    46  app_controlloop.o(.text.u8AppControl_setControlRate)
    u8AppMsg_handleControl                   0x080013b5   Thumb Code   254  app_msgtype.o(.text.u8AppMsg_handleControl)
    u8AppMsg_handleDebug                     0x080014b5   Thumb Code   210  app_msgtype.o(.text.u8AppMsg_handleDebug)
    u8AppMsg_handleParameter                 0x08001589   Thumb Code   820  app_msgtype.o(.text.u8AppMsg_handleParameter)
    u8AppMsg_init                            0x080018bd   Thumb Code    38  app_msgtype.o(.text.u8AppMsg_init)
    u8AppTcp_isRosClientConnected            0x080018e5   Thumb Code    12  app_tcpserver.o(.text.u8AppTcp_isRosClientConnected)
    u8AppTcp_isThereDataToRead               0x080018f1   Thumb Code    24  app_tcpserver.o(.text.u8AppTcp_isThereDataToRead)
    vAppControl_init                         0x08001909   Thumb Code    50  app_controlloop.o(.text.vAppControl_init)
    vAppControl_setControlRun                0x0800193d   Thumb Code    28  app_controlloop.o(.text.vAppControl_setControlRun)
    vAppMsg_processInputData                 0x08001959   Thumb Code   152  app_msgtype.o(.text.vAppMsg_processInputData)
    vAppTcp_createRosListenSocket            0x080019f1   Thumb Code    58  app_tcpserver.o(.text.vAppTcp_createRosListenSocket)
    vAppTcp_createUdpPTPPort                 0x08001a2d   Thumb Code   124  app_tcpserver.o(.text.vAppTcp_createUdpPTPPort)
    vAppTcp_handleIpInterrupt                0x08001aa9   Thumb Code   110  app_tcpserver.o(.text.vAppTcp_handleIpInterrupt)
    vAppTcp_handleSocketInterrupt            0x08001b19   Thumb Code   142  app_tcpserver.o(.text.vAppTcp_handleSocketInterrupt)
    vAppTcp_serverInit                       0x08001ba9   Thumb Code    70  app_tcpserver.o(.text.vAppTcp_serverInit)
    vAppTcp_udpReceiver                      0x08001bf1   Thumb Code    30  app_tcpserver.o(.text.vAppTcp_udpReceiver)
    vGpio_initPins                           0x08001c11   Thumb Code   156  gpio.o(.text.vGpio_initPins)
    vGpio_readIPConfigPins                   0x08001cad   Thumb Code    22  gpio.o(.text.vGpio_readIPConfigPins)
    vSystick_init                            0x08001cc5   Thumb Code    48  systick.o(.text.vSystick_init)
    vTim2_initLoopTimer                      0x08001cf5   Thumb Code    90  tim2_ctrl.o(.text.vTim2_initLoopTimer)
    vTim2_startLoopTimer                     0x08001d51   Thumb Code    50  tim2_ctrl.o(.text.vTim2_startLoopTimer)
    vTim3_initPWMTimer                       0x08001d85   Thumb Code   110  tim3_pwm.o(.text.vTim3_initPWMTimer)
    vTim3_startPWMTimer                      0x08001df5   Thumb Code    30  tim3_pwm.o(.text.vTim3_startPWMTimer)
    vTim4_initEncoder                        0x08001e15   Thumb Code    52  tim4_enc.o(.text.vTim4_initEncoder)
    ErrorEncode                              0x08001e49   Thumb Code    14  socket.o(i.ErrorEncode)
    GetChipID                                0x08001e5d   Thumb Code    12  eth_api.o(i.GetChipID)
    IPCheckParaInit                          0x08001e6d   Thumb Code    22  ipcheck.o(i.IPCheckParaInit)
    IPCheckTmr                               0x08001e8d   Thumb Code    48  ipcheck.o(i.IPCheckTmr)
    IPConflictHandle                         0x08001ec1   Thumb Code    32  ipcheck.o(i.IPConflictHandle)
    LwipArpCheck                             0x08001ee9   Thumb Code     8  socket.o(i.LwipArpCheck)
    LwipRemoveTcpPcb                         0x08001ef5   Thumb Code   100  socket.o(i.LwipRemoveTcpPcb)
    LwipTCPPollCallBack                      0x08001f61   Thumb Code     4  socket.o(i.LwipTCPPollCallBack)
    LwipTCPSendCallBack                      0x08001f65   Thumb Code    52  socket.o(i.LwipTCPSendCallBack)
    LwipUnreachPort                          0x08001f99   Thumb Code    18  socket.o(i.LwipUnreachPort)
    NET_TCPError                             0x08001fb1   Thumb Code     2  socket.o(i.NET_TCPError)
    QueryPingEnable                          0x08001fb5   Thumb Code    10  socket.o(i.QueryPingEnable)
    RemoveTimeWaiTCP                         0x08001fc5   Thumb Code    54  tcp.o(i.RemoveTimeWaiTCP)
    SelIPARPSend                             0x08002001   Thumb Code    38  ipcheck.o(i.SelIPARPSend)
    SocketIPRAWReceive                       0x0800202d   Thumb Code   184  socket.o(i.SocketIPRAWReceive)
    SocketIPRawSend                          0x080020e5   Thumb Code   158  socket.o(i.SocketIPRawSend)
    SocketTcpSend                            0x0800218d   Thumb Code   208  socket.o(i.SocketTcpSend)
    SocketUdpReceive                         0x08002265   Thumb Code   186  socket.o(i.SocketUdpReceive)
    SocketUdpSend                            0x08002321   Thumb Code   158  socket.o(i.SocketUdpSend)
    WCHFindCorrectTCBPcb                     0x080023c9   Thumb Code    86  socket.o(i.WCHFindCorrectTCBPcb)
    WCHNET_ConfigKeepLive                    0x08002429   Thumb Code    16  socket.o(i.WCHNET_ConfigKeepLive)
    WCHNET_ConfigLIB                         0x0800243d   Thumb Code   220  socket.o(i.WCHNET_ConfigLIB)
    WCHNET_GetGlobalInt                      0x0800252d   Thumb Code    14  socket.o(i.WCHNET_GetGlobalInt)
    WCHNET_GetPHYStatus                      0x08002541   Thumb Code     8  socket.o(i.WCHNET_GetPHYStatus)
    WCHNET_GetSocketInt                      0x0800254d   Thumb Code    34  socket.o(i.WCHNET_GetSocketInt)
    WCHNET_Init                              0x08002579   Thumb Code   116  socket.o(i.WCHNET_Init)
    WCHNET_ModifyRecvBuf                     0x080025f9   Thumb Code    74  socket.o(i.WCHNET_ModifyRecvBuf)
    WCHNET_NetInput                          0x0800264d   Thumb Code     6  eth_api.o(i.WCHNET_NetInput)
    WCHNET_PeriodicHandle                    0x08002659   Thumb Code   326  eth_api.o(i.WCHNET_PeriodicHandle)
    WCHNET_PhyStatus                         0x080027c5   Thumb Code    68  eth_api.o(i.WCHNET_PhyStatus)
    WCHNET_QueryGlobalInt                    0x08002811   Thumb Code    48  socket.o(i.WCHNET_QueryGlobalInt)
    WCHNET_Rx                                0x0800284d   Thumb Code   122  eth_api.o(i.WCHNET_Rx)
    WCHNET_SocketCreat                       0x080028cd   Thumb Code   390  socket.o(i.WCHNET_SocketCreat)
    WCHNET_SocketListen                      0x08002a75   Thumb Code    70  socket.o(i.WCHNET_SocketListen)
    WCHNET_SocketRecv                        0x08002ac5   Thumb Code   174  socket.o(i.WCHNET_SocketRecv)
    WCHNET_SocketRecvLen                     0x08002b79   Thumb Code    20  socket.o(i.WCHNET_SocketRecvLen)
    WCHNET_SocketSend                        0x08002b91   Thumb Code    62  socket.o(i.WCHNET_SocketSend)
    WCHNET_SocketSetKeepLive                 0x08002bd5   Thumb Code    68  socket.o(i.WCHNET_SocketSetKeepLive)
    WCHNET_SocketUdpSendTo                   0x08002c21   Thumb Code   166  socket.o(i.WCHNET_SocketUdpSendTo)
    WCHNET_Tx                                0x08002cd1   Thumb Code    32  eth_api.o(i.WCHNET_Tx)
    WCHScokedIntHandle                       0x08002d01   Thumb Code    70  socket.o(i.WCHScokedIntHandle)
    WCHSocketInit                            0x08002d49   Thumb Code    42  socket.o(i.WCHSocketInit)
    WCHSocketTCPReceive                      0x08002d79   Thumb Code   188  socket.o(i.WCHSocketTCPReceive)
    WCHTCPServerAccept                       0x08002e35   Thumb Code   144  socket.o(i.WCHTCPServerAccept)
    dhcp_arp_reply                           0x08002edd   Thumb Code    30  dhcp.o(i.dhcp_arp_reply)
    etharp_arp_input                         0x08003221   Thumb Code   246  etharp.o(i.etharp_arp_input)
    etharp_ip_input                          0x0800331d   Thumb Code    60  etharp.o(i.etharp_ip_input)
    etharp_output                            0x08003359   Thumb Code   178  etharp.o(i.etharp_output)
    etharp_query                             0x08003411   Thumb Code   204  etharp.o(i.etharp_query)
    etharp_request                           0x08003589   Thumb Code    32  etharp.o(i.etharp_request)
    etharp_tmr                               0x080035e5   Thumb Code   108  etharp.o(i.etharp_tmr)
    ethernet_input                           0x08003661   Thumb Code   114  etharp.o(i.ethernet_input)
    ethernetif_init                          0x080036d5   Thumb Code    60  ethernetif.o(i.ethernetif_init)
    ethernetif_input                         0x08003721   Thumb Code    34  ethernetif.o(i.ethernetif_input)
    getTxBuffAddr                            0x08003851   Thumb Code   100  eth_api.o(i.getTxBuffAddr)
    htonl                                    0x080038c5   Thumb Code     4  inet.o(i.htonl)
    htons                                    0x080038c9   Thumb Code     4  inet.o(i.htons)
    icmp_dest_unreach                        0x080038cd   Thumb Code     8  icmp.o(i.icmp_dest_unreach)
    icmp_input                               0x080038d5   Thumb Code   376  icmp.o(i.icmp_input)
    icmp_time_exceeded                       0x08003ab3   Thumb Code     8  icmp.o(i.icmp_time_exceeded)
    inet_chksum                              0x08003abb   Thumb Code    12  inet_chksum.o(i.inet_chksum)
    inet_chksum_pbuf                         0x08003ac7   Thumb Code    72  inet_chksum.o(i.inet_chksum_pbuf)
    inet_chksum_pseudo                       0x08003b11   Thumb Code   148  inet_chksum.o(i.inet_chksum_pseudo)
    ip_addr_isbroadcast                      0x08003ba9   Thumb Code    48  ip_addr.o(i.ip_addr_isbroadcast)
    ip_frag                                  0x08003bd9   Thumb Code   312  ip_frag.o(i.ip_frag)
    ip_input                                 0x08003d11   Thumb Code   476  ip.o(i.ip_input)
    ip_output                                0x08003ef1   Thumb Code    52  ip.o(i.ip_output)
    ip_output_if                             0x08003f25   Thumb Code   210  ip.o(i.ip_output_if)
    ip_reass                                 0x08003ffd   Thumb Code   394  ip_frag.o(i.ip_reass)
    ip_reass_tmr                             0x08004315   Thumb Code    50  ip_frag.o(i.ip_reass_tmr)
    ip_route                                 0x0800434d   Thumb Code    62  ip.o(i.ip_route)
    lwip_init                                0x08004445   Thumb Code    40  init.o(i.lwip_init)
    mem_free                                 0x080044b9   Thumb Code    40  mem.o(i.mem_free)
    mem_init                                 0x080044e5   Thumb Code    70  mem.o(i.mem_init)
    mem_malloc                               0x08004535   Thumb Code   180  mem.o(i.mem_malloc)
    mem_realloc                              0x080045f1   Thumb Code   218  mem.o(i.mem_realloc)
    memp_free                                0x080046d5   Thumb Code    18  memp.o(i.memp_free)
    memp_init                                0x080046ed   Thumb Code    78  memp.o(i.memp_init)
    memp_malloc                              0x08004745   Thumb Code    28  memp.o(i.memp_malloc)
    netif_add                                0x08004765   Thumb Code    70  netif.o(i.netif_add)
    netif_is_up                              0x080047b1   Thumb Code    10  netif.o(i.netif_is_up)
    netif_set_addr                           0x080047bb   Thumb Code    32  netif.o(i.netif_set_addr)
    netif_set_default                        0x080047dd   Thumb Code     6  netif.o(i.netif_set_default)
    netif_set_gw                             0x080047e9   Thumb Code     8  netif.o(i.netif_set_gw)
    netif_set_ipaddr                         0x080047f1   Thumb Code   112  netif.o(i.netif_set_ipaddr)
    netif_set_netmask                        0x08004869   Thumb Code     8  netif.o(i.netif_set_netmask)
    ntohl                                    0x08004871   Thumb Code     4  inet.o(i.ntohl)
    ntohs                                    0x08004875   Thumb Code     4  inet.o(i.ntohs)
    pbuf_alloc                               0x08004879   Thumb Code   288  pbuf.o(i.pbuf_alloc)
    pbuf_cat                                 0x0800499d   Thumb Code    40  pbuf.o(i.pbuf_cat)
    pbuf_chain                               0x080049c5   Thumb Code    18  pbuf.o(i.pbuf_chain)
    pbuf_clen                                0x080049d7   Thumb Code    18  pbuf.o(i.pbuf_clen)
    pbuf_copy                                0x080049e9   Thumb Code   144  pbuf.o(i.pbuf_copy)
    pbuf_free                                0x08004a79   Thumb Code    68  pbuf.o(i.pbuf_free)
    pbuf_header                              0x08004abd   Thumb Code    96  pbuf.o(i.pbuf_header)
    pbuf_realloc                             0x08004b1d   Thumb Code    78  pbuf.o(i.pbuf_realloc)
    pbuf_ref                                 0x08004b6b   Thumb Code    12  pbuf.o(i.pbuf_ref)
    raw_bind                                 0x08004bcd   Thumb Code    10  raw.o(i.raw_bind)
    raw_connect                              0x08004bd7   Thumb Code    10  raw.o(i.raw_connect)
    raw_input                                0x08004be1   Thumb Code   100  raw.o(i.raw_input)
    raw_new                                  0x08004c49   Thumb Code    38  raw.o(i.raw_new)
    raw_recv                                 0x08004c75   Thumb Code     6  raw.o(i.raw_recv)
    raw_send                                 0x08004c7b   Thumb Code     6  raw.o(i.raw_send)
    raw_sendto                               0x08004c81   Thumb Code   138  raw.o(i.raw_sendto)
    setRxBuffAddr                            0x08004d0d   Thumb Code    16  eth_api.o(i.setRxBuffAddr)
    tcp_abandon                              0x08004d21   Thumb Code   158  tcp.o(i.tcp_abandon)
    tcp_accept                               0x08004dc5   Thumb Code     4  tcp.o(i.tcp_accept)
    tcp_alloc                                0x08004dd1   Thumb Code   264  tcp.o(i.tcp_alloc)
    tcp_arg                                  0x08004ee9   Thumb Code     4  tcp.o(i.tcp_arg)
    tcp_bind                                 0x08004eed   Thumb Code   182  tcp.o(i.tcp_bind)
    tcp_close                                0x08004fa9   Thumb Code   170  tcp.o(i.tcp_close)
    tcp_eff_send_mss                         0x08005059   Thumb Code    32  tcp.o(i.tcp_eff_send_mss)
    tcp_enqueue                              0x08005079   Thumb Code   874  tcp_out.o(i.tcp_enqueue)
    tcp_err                                  0x080053e9   Thumb Code     6  tcp.o(i.tcp_err)
    tcp_fastsendack                          0x080053f1   Thumb Code   130  tcp.o(i.tcp_fastsendack)
    tcp_fasttmr                              0x08005479   Thumb Code   100  tcp.o(i.tcp_fasttmr)
    tcp_input                                0x080054e1   Thumb Code   840  tcp_in.o(i.tcp_input)
    tcp_keepalive                            0x0800583d   Thumb Code    90  tcp_out.o(i.tcp_keepalive)
    tcp_listen_with_backlog                  0x080059cd   Thumb Code   118  tcp.o(i.tcp_listen_with_backlog)
    tcp_new                                  0x08005a4d   Thumb Code     6  tcp.o(i.tcp_new)
    tcp_next_iss                             0x08005ab5   Thumb Code    12  tcp.o(i.tcp_next_iss)
    tcp_output                               0x08005b55   Thumb Code   422  tcp_out.o(i.tcp_output)
    tcp_pcb_purge                            0x08005ed5   Thumb Code    70  tcp.o(i.tcp_pcb_purge)
    tcp_pcb_remove                           0x08005f1d   Thumb Code    88  tcp.o(i.tcp_pcb_remove)
    tcp_poll                                 0x08005f79   Thumb Code    10  tcp.o(i.tcp_poll)
    tcp_recv                                 0x0800699d   Thumb Code     6  tcp.o(i.tcp_recv)
    tcp_recv_null                            0x080069a3   Thumb Code    36  tcp.o(i.tcp_recv_null)
    tcp_recved                               0x080069c7   Thumb Code    58  tcp.o(i.tcp_recved)
    tcp_recved_socket                        0x08006a01   Thumb Code    80  socket.o(i.tcp_recved_socket)
    tcp_rexmit                               0x08006a59   Thumb Code    74  tcp_out.o(i.tcp_rexmit)
    tcp_rexmit_fast                          0x08006aa3   Thumb Code    92  tcp_out.o(i.tcp_rexmit_fast)
    tcp_rexmit_rto                           0x08006aff   Thumb Code    46  tcp_out.o(i.tcp_rexmit_rto)
    tcp_rst                                  0x08006b2d   Thumb Code   176  tcp_out.o(i.tcp_rst)
    tcp_seg_copy                             0x08006be1   Thumb Code    36  tcp.o(i.tcp_seg_copy)
    tcp_seg_free                             0x08006c05   Thumb Code    32  tcp.o(i.tcp_seg_free)
    tcp_segs_free                            0x08006c25   Thumb Code    26  tcp.o(i.tcp_segs_free)
    tcp_send_ctrl                            0x08006c3f   Thumb Code    22  tcp_out.o(i.tcp_send_ctrl)
    tcp_send_empty_ack                       0x08006c55   Thumb Code   110  tcp_out.o(i.tcp_send_empty_ack)
    tcp_sent                                 0x08006cc3   Thumb Code     6  tcp.o(i.tcp_sent)
    tcp_slowtmr                              0x08006cc9   Thumb Code   614  tcp.o(i.tcp_slowtmr)
    tcp_tmr                                  0x08006fad   Thumb Code    28  tcp.o(i.tcp_tmr)
    tcp_update_rcv_ann_wnd                   0x08006fcd   Thumb Code    52  tcp.o(i.tcp_update_rcv_ann_wnd)
    tcp_write                                0x08007001   Thumb Code    46  tcp_out.o(i.tcp_write)
    tcp_zero_window_probe                    0x0800702f   Thumb Code   170  tcp_out.o(i.tcp_zero_window_probe)
    udp_bind                                 0x080070d9   Thumb Code   112  udp.o(i.udp_bind)
    udp_connect                              0x0800714d   Thumb Code   112  udp.o(i.udp_connect)
    udp_input                                0x080071c1   Thumb Code   458  udp.o(i.udp_input)
    udp_new                                  0x08007391   Thumb Code    26  udp.o(i.udp_new)
    udp_recv                                 0x080073ab   Thumb Code     6  udp.o(i.udp_recv)
    udp_send                                 0x080073b1   Thumb Code     8  udp.o(i.udp_send)
    udp_sendto                               0x080073b9   Thumb Code    40  udp.o(i.udp_sendto)
    udp_sendto_if                            0x080073e1   Thumb Code   208  udp.o(i.udp_sendto_if)
    wch_ethernetif_init                      0x08007539   Thumb Code    82  ethernetif.o(i.wch_ethernetif_init)
    __aeabi_fadd                             0x080075a5   Thumb Code     0  faddsub_clz.o(x$fpl$fadd)
    _fadd                                    0x080075a5   Thumb Code   196  faddsub_clz.o(x$fpl$fadd)
    __aeabi_fcmpeq                           0x08007669   Thumb Code     0  fcmp.o(x$fpl$fcmp)
    _feq                                     0x08007669   Thumb Code    14  fcmp.o(x$fpl$fcmp)
    _fneq                                    0x08007677   Thumb Code    14  fcmp.o(x$fpl$fcmp)
    __aeabi_fcmpgt                           0x08007685   Thumb Code     0  fcmp.o(x$fpl$fcmp)
    _fgr                                     0x08007685   Thumb Code    14  fcmp.o(x$fpl$fcmp)
    __aeabi_fcmpge                           0x08007693   Thumb Code     0  fcmp.o(x$fpl$fcmp)
    _fgeq                                    0x08007693   Thumb Code    14  fcmp.o(x$fpl$fcmp)
    __aeabi_fcmple                           0x080076a1   Thumb Code     0  fcmp.o(x$fpl$fcmp)
    _fleq                                    0x080076a1   Thumb Code    14  fcmp.o(x$fpl$fcmp)
    __aeabi_fcmplt                           0x080076af   Thumb Code     0  fcmp.o(x$fpl$fcmp)
    _fls                                     0x080076af   Thumb Code    14  fcmp.o(x$fpl$fcmp)
    __fpl_fcmp_Inf                           0x080076bd   Thumb Code    24  fcmpi.o(x$fpl$fcmpinf)
    __aeabi_fdiv                             0x080076d5   Thumb Code     0  fdiv.o(x$fpl$fdiv)
    _fdiv                                    0x080076d5   Thumb Code   384  fdiv.o(x$fpl$fdiv)
    __aeabi_cfcmpeq                          0x08007859   Thumb Code     0  feqf.o(x$fpl$feqf)
    _fcmpeq                                  0x08007859   Thumb Code   104  feqf.o(x$fpl$feqf)
    __aeabi_f2iz                             0x080078c1   Thumb Code     0  ffix.o(x$fpl$ffix)
    _ffix                                    0x080078c1   Thumb Code    54  ffix.o(x$fpl$ffix)
    __aeabi_ui2f                             0x080078f9   Thumb Code     0  fflt_clz.o(x$fpl$ffltu)
    _ffltu                                   0x080078f9   Thumb Code    38  fflt_clz.o(x$fpl$ffltu)
    _fcmpge                                  0x08007921   Thumb Code   104  fgeqf.o(x$fpl$fgeqf)
    __aeabi_cfcmple                          0x08007989   Thumb Code     0  fleqf.o(x$fpl$fleqf)
    _fcmple                                  0x08007989   Thumb Code   104  fleqf.o(x$fpl$fleqf)
    __fpl_fcmple_InfNaN                      0x080079db   Thumb Code     0  fleqf.o(x$fpl$fleqf)
    __aeabi_fmul                             0x080079f1   Thumb Code     0  fmul.o(x$fpl$fmul)
    _fmul                                    0x080079f1   Thumb Code   258  fmul.o(x$fpl$fmul)
    __fpl_fnaninf                            0x08007af3   Thumb Code   140  fnaninf.o(x$fpl$fnaninf)
    __fpl_fretinf                            0x08007b7f   Thumb Code    10  fretinf.o(x$fpl$fretinf)
    __aeabi_fsub                             0x08007b89   Thumb Code     0  faddsub_clz.o(x$fpl$fsub)
    _fsub                                    0x08007b89   Thumb Code   234  faddsub_clz.o(x$fpl$fsub)
    ErrTable                                 0x08007c72   Data          16  socket.o(.constdata)
    __I$use$fp                               0x08007c72   Number         0  usenofp.o(x$fpl$usenofp)
    tcp_persist_backoff                      0x08007c82   Data           7  tcp.o(.constdata)
    tcp_backoff                              0x08007c89   Data          13  tcp.o(.constdata)
    ip_addr_any                              0x08007c96   Data           4  ip_addr.o(.constdata)
    ip_addr_broadcast                        0x08007c9a   Data           4  ip_addr.o(.constdata)
    ethbroadcast                             0x08007c9e   Data           6  etharp.o(.constdata)
    ethzero                                  0x08007ca4   Data           6  etharp.o(.constdata)
    AHBPrescTable                            0x08007d21   Data          16  system_ch32f20x.o(.rodata.AHBPrescTable)
    MemNum                                   0x08007d32   Data          16  eth_driver_d8w.o(.rodata.MemNum)
    MemSize                                  0x08007d42   Data          16  eth_driver_d8w.o(.rodata.MemSize)
    u8LoopTickTable                          0x08007d52   Data           6  app_controlloop.o(.rodata.u8LoopTickTable)
    Region$$Table$$Base                      0x08007d58   Number         0  anon$$obj.o(Region$$Table)
    Region$$Table$$Limit                     0x08007d98   Number         0  anon$$obj.o(Region$$Table)
    vInterruptVectorTablePtr                 0x20000000   Data         288  system_ch32f20x.o(.bss.NoInit)
    Long Thumb to Thumb Veneer to __aeabi_fcmpge 0x20000121   Thumb Code    10  anon$$obj.o(Veneer$$Code)
    Long Thumb to Thumb Veneer to __aeabi_fcmple 0x2000012b   Thumb Code    10  anon$$obj.o(Veneer$$Code)
    Long Thumb to Thumb Veneer to TIM_GetCounter 0x20000135   Thumb Code    10  anon$$obj.o(Veneer$$Code)
    Long Thumb to Thumb Veneer to __aeabi_fmul 0x2000013f   Thumb Code    10  anon$$obj.o(Veneer$$Code)
    Long Thumb to Thumb Veneer to __aeabi_fadd 0x20000149   Thumb Code    10  anon$$obj.o(Veneer$$Code)
    Long Thumb to Thumb Veneer to __aeabi_ui2f 0x20000153   Thumb Code    10  anon$$obj.o(Veneer$$Code)
    Long Thumb to Thumb Veneer to __aeabi_fsub 0x2000015d   Thumb Code    10  anon$$obj.o(Veneer$$Code)
    Long Thumb to Thumb Veneer to __aeabi_fdiv 0x20000167   Thumb Code    10  anon$$obj.o(Veneer$$Code)
    Long Thumb to Thumb Veneer to TIM_SetCompare1 0x20000171   Thumb Code    10  anon$$obj.o(Veneer$$Code)
    Long Thumb to Thumb Veneer to TIM_SetCompare2 0x2000017b   Thumb Code    10  anon$$obj.o(Veneer$$Code)
    Long Thumb to Thumb Veneer to TIM_ClearITPendingBit 0x20000185   Thumb Code    10  anon$$obj.o(Veneer$$Code)
    Long Thumb to Thumb Veneer to __aeabi_f2iz 0x2000018f   Thumb Code    10  anon$$obj.o(Veneer$$Code)
    TIM2_IRQHandler                          0x20000199   Thumb Code   690  app_controlloop.o(ctrl_isr)
    tCtrlLoopStatus                          0x2000044c   Data           1  app_controlloop.o(ctrl_var)
    u32LoopTick                              0x20000450   Data           4  app_controlloop.o(ctrl_var)
    tLimitSpeedCtrl                          0x20000454   Data           8  app_controlloop.o(ctrl_var)
    tEncoderParam                            0x2000045c   Data          16  app_controlloop.o(ctrl_var)
    tEncoderFilter                           0x2000046c   Data          20  app_controlloop.o(ctrl_var)
    tPIDSpeedCtrl                            0x20000480   Data          48  app_controlloop.o(ctrl_var)
    phydata                                  0x20000520   Data           1  socket.o(.data)
    ARP_Retry_Period                         0x20000524   Data           1  socket.o(.data)
    ARP_Retry_Cnt                            0x20000525   Data           1  socket.o(.data)
    SockNumber                               0x20000526   Data           1  socket.o(.data)
    Arp_Entry_timeout                        0x20000528   Data           2  socket.o(.data)
    tcpSendAckFlag                           0x2000052c   Data           4  socket.o(.data)
    TCPVerifyConnCallback                    0x20000530   Data           4  socket.o(.data)
    TCPTimer                                 0x20000534   Data           4  eth_api.o(.data)
    ARPTimer                                 0x20000538   Data           4  eth_api.o(.data)
    IPFragTimer                              0x2000053c   Data           4  eth_api.o(.data)
    phydatatime                              0x20000540   Data           4  eth_api.o(.data)
    DHCPfineTimer                            0x20000544   Data           4  eth_api.o(.data)
    DHCPcoarseTimer                          0x20000548   Data           4  eth_api.o(.data)
    DNSTimer                                 0x2000054c   Data           4  eth_api.o(.data)
    ArpCheckTime                             0x20000550   Data           4  eth_api.o(.data)
    TxTimer                                  0x20000554   Data           4  eth_api.o(.data)
    DHCPXid                                  0x20000558   Data           4  net_dhcp.o(.data)
    tcp_ticks                                0x20000568   Data           4  tcp.o(.data)
    tcp_bound_pcbs                           0x2000056c   Data           4  tcp.o(.data)
    tcp_listen_pcbs                          0x20000570   Data           4  tcp.o(.data)
    tcp_active_pcbs                          0x20000574   Data           4  tcp.o(.data)
    tcp_tw_pcbs                              0x20000578   Data           4  tcp.o(.data)
    tcp_tmp_pcb                              0x2000057c   Data           4  tcp.o(.data)
    tcp_state_str                            0x20000580   Data          44  tcp.o(.data)
    udp_pcbs                                 0x200005ac   Data           4  udp.o(.data)
    arp_table                                0x200005bc   Data           4  etharp.o(.data)
    frame                                    0x200005c0   Data           8  ethernetif.o(.data)
    memp_sizes                               0x200005d8   Data           4  memp.o(.data)
    memp_num                                 0x200005dc   Data           4  memp.o(.data)
    netif_list                               0x200005e8   Data           4  netif.o(.data)
    netif_default                            0x200005ec   Data           4  netif.o(.data)
    tcp_input_pcb                            0x20000608   Data           4  tcp_in.o(.data)
    u8DeviceIpAddr                           0x2000060e   Data           4  app_tcpserver.o(.data..L_MergedGlobals)
    u8GateWayIpAddr                          0x20000612   Data           4  app_tcpserver.o(.data..L_MergedGlobals)
    u8SubnetMask                             0x20000616   Data           4  app_tcpserver.o(.data..L_MergedGlobals)
    SystemCoreClock                          0x2000061c   Data           4  system_ch32f20x.o(.data.SystemCoreClock)
    NetInf                                   0x20000620   Data          68  socket.o(.bss)
    WCHCfg                                   0x20000664   Data          44  socket.o(.bss)
    KeepLiveCfg                              0x20000690   Data          12  socket.o(.bss)
    SelARP                                   0x2000069c   Data          10  ipcheck.o(.bss)
    dhcp_host_name                           0x200006a8   Data          64  net_dhcp.o(.bss)
    DHCPCtrl                                 0x200006e8   Data          24  net_dhcp.o(.bss)
    DNSInf                                   0x20000700   Data          20  net_dns.o(.bss)
    WCHNetIf                                 0x20000714   Data          56  ethernetif.o(.bss)
    __libspace_start                         0x20000780   Data          96  libspace.o(.bss)
    __temporary_stack_top$libspace           0x200007e0   Data           0  libspace.o(.bss)
    u8ProcessInputReturn                     0x200007e0   Data           1  app_msgtype.o(.bss..L_MergedGlobals)
    tParamStatus                             0x200007e1   Data           1  app_msgtype.o(.bss..L_MergedGlobals)
    tDebugStatus                             0x200007e2   Data           1  app_msgtype.o(.bss..L_MergedGlobals)
    u32TxLength                              0x200007e4   Data           4  app_msgtype.o(.bss..L_MergedGlobals)
    tClientCmdPtr                            0x200007e8   Data           4  app_msgtype.o(.bss..L_MergedGlobals)
    tServerCmdPtr                            0x200007ec   Data           4  app_msgtype.o(.bss..L_MergedGlobals)
    tGPIOAinit                               0x200007f0   Data           4  gpio.o(.bss..L_MergedGlobals)
    tGPIOBinit                               0x200007f4   Data           4  gpio.o(.bss..L_MergedGlobals)
    tGPIODinit                               0x200007f8   Data           4  gpio.o(.bss..L_MergedGlobals)
    phyPN                                    0x200007fc   Data           1  eth_driver_d8w.o(.bss..L_MergedGlobals)
    phyStatus                                0x200007fd   Data           1  eth_driver_d8w.o(.bss..L_MergedGlobals)
    phySucCnt                                0x200007fe   Data           1  eth_driver_d8w.o(.bss..L_MergedGlobals)
    phyLinkCnt                               0x200007ff   Data           1  eth_driver_d8w.o(.bss..L_MergedGlobals)
    phyRetryCnt                              0x20000800   Data           1  eth_driver_d8w.o(.bss..L_MergedGlobals)
    CRCErrPktCnt                             0x20000801   Data           1  eth_driver_d8w.o(.bss..L_MergedGlobals)
    phyLinkStatus                            0x20000802   Data           1  eth_driver_d8w.o(.bss..L_MergedGlobals)
    phyPNChangeCnt                           0x20000803   Data           1  eth_driver_d8w.o(.bss..L_MergedGlobals)
    PhyPolarityDetect                        0x20000804   Data           1  eth_driver_d8w.o(.bss..L_MergedGlobals)
    phyLinkReset                             0x20000805   Data           1  eth_driver_d8w.o(.bss..L_MergedGlobals)
    LocalTime                                0x20000808   Data           4  eth_driver_d8w.o(.bss..L_MergedGlobals)
    phyLinkTime                              0x2000080c   Data           4  eth_driver_d8w.o(.bss..L_MergedGlobals)
    DMATxDescToSet                           0x20000810   Data           4  eth_driver_d8w.o(.bss..L_MergedGlobals)
    DMARxDescToGet                           0x20000814   Data           4  eth_driver_d8w.o(.bss..L_MergedGlobals)
    pDMARxSet                                0x20000818   Data           4  eth_driver_d8w.o(.bss..L_MergedGlobals)
    DMATxDscrTab                             0x2000081c   Data          16  eth_driver_d8w.o(.bss..L_MergedGlobals)
    DMARxDscrTab                             0x2000082c   Data          64  eth_driver_d8w.o(.bss..L_MergedGlobals)
    u8IsRosClientConnected                   0x2000086c   Data           1  app_tcpserver.o(.bss..L_MergedGlobals.1)
    u8HasDataToRead                          0x2000086d   Data           1  app_tcpserver.o(.bss..L_MergedGlobals.1)
    u8SocketIdForListen                      0x2000086e   Data           1  app_tcpserver.o(.bss..L_MergedGlobals.1)
    u8PTPSocketEvent                         0x2000086f   Data           1  app_tcpserver.o(.bss..L_MergedGlobals.1)
    u8PTPSocketGeneral                       0x20000870   Data           1  app_tcpserver.o(.bss..L_MergedGlobals.1)
    u32TcpRecvLen                            0x20000874   Data           4  app_tcpserver.o(.bss..L_MergedGlobals.1)
    u8UDPRecvBuf                             0x20000878   Data          10  app_tcpserver.o(.bss..L_MergedGlobals.1)
    tRosSocketInfo                           0x20000884   Data          60  app_tcpserver.o(.bss..L_MergedGlobals.1)
    MACRxBuf                                 0x200008c0   Data        1024  eth_driver_d8w.o(.bss.MACRxBuf)
    MACTxBuf                                 0x20000cc0   Data         256  eth_driver_d8w.o(.bss.MACTxBuf)
    Mem_ArpTable                             0x20000dc0   Data        1200  eth_driver_d8w.o(.bss.Mem_ArpTable)
    Mem_Heap_Memory                          0x20001270   Data        1556  eth_driver_d8w.o(.bss.Mem_Heap_Memory)
    Memp_Memory                              0x20001884   Data        2739  eth_driver_d8w.o(.bss.Memp_Memory)
    SocketInf                                0x20002338   Data         240  eth_driver_d8w.o(.bss.SocketInf)
    tUDPSocketInfo                           0x20002428   Data         120  app_tcpserver.o(.bss.tUDPSocketInfo)
    u32MillisCounter                         0x200024a0   Data           4  systick.o(.bss.u32MillisCounter)
    u8ControlLoopRateNow                     0x200024a4   Data           1  app_controlloop.o(.bss.u8ControlLoopRateNow)
    u8DeviceMACAddr                          0x200024a5   Data           6  app_tcpserver.o(.bss.u8DeviceMACAddr)
    u8SocketRecvBuf                          0x200024ab   Data        1024  app_tcpserver.o(.bss.u8SocketRecvBuf)
    u8SocketSendBuf                          0x200028ab   Data         255  app_tcpserver.o(.bss.u8SocketSendBuf)



==============================================================================

Memory Map of the image

  Image Entry point : 0x08000119

  Load Region LR_IROM1 (Base: 0x08000000, Size: 0x00008228, Max: 0x00020000, ABSOLUTE)

    Execution Region ER_IROM1 (Exec base: 0x08000000, Load base: 0x08000000, Size: 0x00007d98, Max: 0x00020000, ABSOLUTE)

    Exec Addr    Load Addr    Size         Type   Attr      Idx    E Section Name        Object

    0x08000000   0x08000000   0x00000118   Data   RO          233    RESET               startup_ch32f20x_d8w.o
    0x08000118   0x08000118   0x00000008   Code   RO         1270  * !!!main             c_w.l(__main.o)
    0x08000120   0x08000120   0x0000005c   Code   RO         1474    !!!scatter          c_w.l(__scatter.o)
    0x0800017c   0x0800017c   0x0000003a   Code   RO         1472    !!dczerorl          c_w.l(__dczerorl.o)
    0x080001b6   0x080001b6   0x00000002   PAD
    0x080001b8   0x080001b8   0x0000001a   Code   RO         1478    !!handler_copy      c_w.l(__scatter_copy.o)
    0x080001d2   0x080001d2   0x00000002   PAD
    0x080001d4   0x080001d4   0x00000002   Code   RO         1475    !!handler_null      c_w.l(__scatter.o)
    0x080001d6   0x080001d6   0x00000002   PAD
    0x080001d8   0x080001d8   0x0000001c   Code   RO         1480    !!handler_zi        c_w.l(__scatter_zi.o)
    0x080001f4   0x080001f4   0x00000002   Code   RO         1334    .ARM.Collect$$libinit$$00000000  c_w.l(libinit.o)
    0x080001f6   0x080001f6   0x00000000   Code   RO         1341    .ARM.Collect$$libinit$$00000002  c_w.l(libinit2.o)
    0x080001f6   0x080001f6   0x00000000   Code   RO         1343    .ARM.Collect$$libinit$$00000004  c_w.l(libinit2.o)
    0x080001f6   0x080001f6   0x00000000   Code   RO         1345    .ARM.Collect$$libinit$$00000006  c_w.l(libinit2.o)
    0x080001f6   0x080001f6   0x00000000   Code   RO         1348    .ARM.Collect$$libinit$$0000000C  c_w.l(libinit2.o)
    0x080001f6   0x080001f6   0x00000000   Code   RO         1350    .ARM.Collect$$libinit$$0000000E  c_w.l(libinit2.o)
    0x080001f6   0x080001f6   0x00000000   Code   RO         1352    .ARM.Collect$$libinit$$00000010  c_w.l(libinit2.o)
    0x080001f6   0x080001f6   0x00000000   Code   RO         1355    .ARM.Collect$$libinit$$00000013  c_w.l(libinit2.o)
    0x080001f6   0x080001f6   0x00000000   Code   RO         1357    .ARM.Collect$$libinit$$00000015  c_w.l(libinit2.o)
    0x080001f6   0x080001f6   0x00000000   Code   RO         1359    .ARM.Collect$$libinit$$00000017  c_w.l(libinit2.o)
    0x080001f6   0x080001f6   0x00000000   Code   RO         1361    .ARM.Collect$$libinit$$00000019  c_w.l(libinit2.o)
    0x080001f6   0x080001f6   0x00000000   Code   RO         1363    .ARM.Collect$$libinit$$0000001B  c_w.l(libinit2.o)
    0x080001f6   0x080001f6   0x00000000   Code   RO         1365    .ARM.Collect$$libinit$$0000001D  c_w.l(libinit2.o)
    0x080001f6   0x080001f6   0x00000000   Code   RO         1367    .ARM.Collect$$libinit$$0000001F  c_w.l(libinit2.o)
    0x080001f6   0x080001f6   0x00000000   Code   RO         1369    .ARM.Collect$$libinit$$00000021  c_w.l(libinit2.o)
    0x080001f6   0x080001f6   0x00000000   Code   RO         1371    .ARM.Collect$$libinit$$00000023  c_w.l(libinit2.o)
    0x080001f6   0x080001f6   0x00000000   Code   RO         1373    .ARM.Collect$$libinit$$00000025  c_w.l(libinit2.o)
    0x080001f6   0x080001f6   0x00000000   Code   RO         1375    .ARM.Collect$$libinit$$00000027  c_w.l(libinit2.o)
    0x080001f6   0x080001f6   0x00000000   Code   RO         1379    .ARM.Collect$$libinit$$0000002E  c_w.l(libinit2.o)
    0x080001f6   0x080001f6   0x00000000   Code   RO         1381    .ARM.Collect$$libinit$$00000030  c_w.l(libinit2.o)
    0x080001f6   0x080001f6   0x00000000   Code   RO         1383    .ARM.Collect$$libinit$$00000032  c_w.l(libinit2.o)
    0x080001f6   0x080001f6   0x00000000   Code   RO         1385    .ARM.Collect$$libinit$$00000034  c_w.l(libinit2.o)
    0x080001f6   0x080001f6   0x00000002   Code   RO         1386    .ARM.Collect$$libinit$$00000035  c_w.l(libinit2.o)
    0x080001f8   0x080001f8   0x00000002   Code   RO         1408    .ARM.Collect$$libshutdown$$00000000  c_w.l(libshutdown.o)
    0x080001fa   0x080001fa   0x00000000   Code   RO         1423    .ARM.Collect$$libshutdown$$00000002  c_w.l(libshutdown2.o)
    0x080001fa   0x080001fa   0x00000000   Code   RO         1425    .ARM.Collect$$libshutdown$$00000004  c_w.l(libshutdown2.o)
    0x080001fa   0x080001fa   0x00000000   Code   RO         1428    .ARM.Collect$$libshutdown$$00000007  c_w.l(libshutdown2.o)
    0x080001fa   0x080001fa   0x00000000   Code   RO         1431    .ARM.Collect$$libshutdown$$0000000A  c_w.l(libshutdown2.o)
    0x080001fa   0x080001fa   0x00000000   Code   RO         1433    .ARM.Collect$$libshutdown$$0000000C  c_w.l(libshutdown2.o)
    0x080001fa   0x080001fa   0x00000000   Code   RO         1436    .ARM.Collect$$libshutdown$$0000000F  c_w.l(libshutdown2.o)
    0x080001fa   0x080001fa   0x00000002   Code   RO         1437    .ARM.Collect$$libshutdown$$00000010  c_w.l(libshutdown2.o)
    0x080001fc   0x080001fc   0x00000000   Code   RO         1296    .ARM.Collect$$rtentry$$00000000  c_w.l(__rtentry.o)
    0x080001fc   0x080001fc   0x00000000   Code   RO         1309    .ARM.Collect$$rtentry$$00000002  c_w.l(__rtentry2.o)
    0x080001fc   0x080001fc   0x00000006   Code   RO         1321    .ARM.Collect$$rtentry$$00000004  c_w.l(__rtentry4.o)
    0x08000202   0x08000202   0x00000000   Code   RO         1311    .ARM.Collect$$rtentry$$00000009  c_w.l(__rtentry2.o)
    0x08000202   0x08000202   0x00000004   Code   RO         1312    .ARM.Collect$$rtentry$$0000000A  c_w.l(__rtentry2.o)
    0x08000206   0x08000206   0x00000000   Code   RO         1314    .ARM.Collect$$rtentry$$0000000C  c_w.l(__rtentry2.o)
    0x08000206   0x08000206   0x00000008   Code   RO         1315    .ARM.Collect$$rtentry$$0000000D  c_w.l(__rtentry2.o)
    0x0800020e   0x0800020e   0x00000002   Code   RO         1338    .ARM.Collect$$rtexit$$00000000  c_w.l(rtexit.o)
    0x08000210   0x08000210   0x00000000   Code   RO         1388    .ARM.Collect$$rtexit$$00000002  c_w.l(rtexit2.o)
    0x08000210   0x08000210   0x00000004   Code   RO         1389    .ARM.Collect$$rtexit$$00000003  c_w.l(rtexit2.o)
    0x08000214   0x08000214   0x00000006   Code   RO         1390    .ARM.Collect$$rtexit$$00000004  c_w.l(rtexit2.o)
    0x0800021a   0x0800021a   0x00000002   PAD
    0x0800021c   0x0800021c   0x00000040   Code   RO          234    .text               startup_ch32f20x_d8w.o
    0x0800025c   0x0800025c   0x0000008a   Code   RO         1258    .text               c_w.l(rt_memcpy_v6.o)
    0x080002e6   0x080002e6   0x00000064   Code   RO         1260    .text               c_w.l(rt_memcpy_w.o)
    0x0800034a   0x0800034a   0x0000004e   Code   RO         1264    .text               c_w.l(rt_memclr_w.o)
    0x08000398   0x08000398   0x00000006   Code   RO         1268    .text               c_w.l(heapauxi.o)
    0x0800039e   0x0800039e   0x0000004a   Code   RO         1325    .text               c_w.l(sys_stackheap_outer.o)
    0x080003e8   0x080003e8   0x00000012   Code   RO         1327    .text               c_w.l(exit.o)
    0x080003fa   0x080003fa   0x00000002   PAD
    0x080003fc   0x080003fc   0x00000008   Code   RO         1335    .text               c_w.l(libspace.o)
    0x08000404   0x08000404   0x0000000c   Code   RO         1398    .text               c_w.l(sys_exit.o)
    0x08000410   0x08000410   0x00000002   Code   RO         1413    .text               c_w.l(use_no_semi.o)
    0x08000412   0x08000412   0x00000000   Code   RO         1415    .text               c_w.l(indicate_semi.o)
    0x08000412   0x08000412   0x00000002   PAD
    0x08000414   0x08000414   0x00000004   Code   RO           14    .text.ETH_IRQHandler  app_tcpserver.o
    0x08000418   0x08000418   0x00000194   Code   RO          196    .text.ETH_Init      eth_driver_d8w.o
    0x080005ac   0x080005ac   0x00000018   Code   RO          172    .text.ETH_LedDataSet  eth_driver_d8w.o
    0x080005c4   0x080005c4   0x00000018   Code   RO          170    .text.ETH_LedLinkSet  eth_driver_d8w.o
    0x080005dc   0x080005dc   0x00000086   Code   RO          198    .text.ETH_LibInit   eth_driver_d8w.o
    0x08000662   0x08000662   0x00000002   PAD
    0x08000664   0x08000664   0x000000cc   Code   RO          192    .text.ETH_PHYLink   eth_driver_d8w.o
    0x08000730   0x08000730   0x00000056   Code   RO          186    .text.ETH_TxPktChainMode  eth_driver_d8w.o
    0x08000786   0x08000786   0x00000002   PAD
    0x08000788   0x08000788   0x0000032a   Code   RO          339    .text.GPIO_Init     ch32f20x_gpio.o
    0x08000ab2   0x08000ab2   0x00000002   PAD
    0x08000ab4   0x08000ab4   0x000000ca   Code   RO          365    .text.GPIO_PinRemapConfig  ch32f20x_gpio.o
    0x08000b7e   0x08000b7e   0x00000002   PAD
    0x08000b80   0x08000b80   0x00000006   Code   RO          345    .text.GPIO_ReadInputData  ch32f20x_gpio.o
    0x08000b86   0x08000b86   0x00000002   PAD
    0x08000b88   0x08000b88   0x00000004   Code   RO          353    .text.GPIO_ResetBits  ch32f20x_gpio.o
    0x08000b8c   0x08000b8c   0x00000004   Code   RO          351    .text.GPIO_SetBits  ch32f20x_gpio.o
    0x08000b90   0x08000b90   0x00000004   Code   RO          357    .text.GPIO_Write    ch32f20x_gpio.o
    0x08000b94   0x08000b94   0x00000002   Code   RO            2    .text.HardFault_Handler  app_main.o
    0x08000b96   0x08000b96   0x00000002   PAD
    0x08000b98   0x08000b98   0x00000018   Code   RO          445    .text.RCC_APB1PeriphClockCmd  ch32f20x_rcc.o
    0x08000bb0   0x08000bb0   0x00000018   Code   RO          443    .text.RCC_APB2PeriphClockCmd  ch32f20x_rcc.o
    0x08000bc8   0x08000bc8   0x0000001a   Code   RO          501    .text.RCC_ETHDIVConfig  ch32f20x_rcc.o
    0x08000be2   0x08000be2   0x00000002   PAD
    0x08000be4   0x08000be4   0x00000032   Code   RO          101    .text.SysTick_Handler  systick.o
    0x08000c16   0x08000c16   0x00000002   PAD
    0x08000c18   0x08000c18   0x00000096   Code   RO          219    .text.SystemCoreClockUpdate  system_ch32f20x.o
    0x08000cae   0x08000cae   0x00000002   PAD
    0x08000cb0   0x08000cb0   0x000002ac   Code   RO          217    .text.SystemInit    system_ch32f20x.o
    0x08000f5c   0x08000f5c   0x00000006   Code   RO          685    .text.TIM_ClearITPendingBit  ch32f20x_tim.o
    0x08000f62   0x08000f62   0x00000002   PAD
    0x08000f64   0x08000f64   0x00000012   Code   RO          547    .text.TIM_Cmd       ch32f20x_tim.o
    0x08000f76   0x08000f76   0x00000002   PAD
    0x08000f78   0x08000f78   0x00000030   Code   RO          577    .text.TIM_EncoderInterfaceConfig  ch32f20x_tim.o
    0x08000fa8   0x08000fa8   0x00000004   Code   RO          675    .text.TIM_GetCounter  ch32f20x_tim.o
    0x08000fac   0x08000fac   0x00000010   Code   RO          551    .text.TIM_ITConfig  ch32f20x_tim.o
    0x08000fbc   0x08000fbc   0x00000072   Code   RO          517    .text.TIM_OC1Init   ch32f20x_tim.o
    0x0800102e   0x0800102e   0x00000002   PAD
    0x08001030   0x08001030   0x00000004   Code   RO          655    .text.TIM_SetAutoreload  ch32f20x_tim.o
    0x08001034   0x08001034   0x00000004   Code   RO          657    .text.TIM_SetCompare1  ch32f20x_tim.o
    0x08001038   0x08001038   0x00000004   Code   RO          659    .text.TIM_SetCompare2  ch32f20x_tim.o
    0x0800103c   0x0800103c   0x00000004   Code   RO          653    .text.TIM_SetCounter  ch32f20x_tim.o
    0x08001040   0x08001040   0x000000d4   Code   RO          515    .text.TIM_TimeBaseInit  ch32f20x_tim.o
    0x08001114   0x08001114   0x000000dc   Code   RO          194    .text.WCHNET_ETHIsr  eth_driver_d8w.o
    0x080011f0   0x080011f0   0x00000022   Code   RO          154    .text.WCHNET_GetMacAddr  eth_driver_d8w.o
    0x08001212   0x08001212   0x00000002   PAD
    0x08001214   0x08001214   0x000000c2   Code   RO          166    .text.WCHNET_HandlePhyNegotiation  eth_driver_d8w.o
    0x080012d6   0x080012d6   0x00000002   PAD
    0x080012d8   0x080012d8   0x00000012   Code   RO          168    .text.WCHNET_MainTask  eth_driver_d8w.o
    0x080012ea   0x080012ea   0x00000002   PAD
    0x080012ec   0x080012ec   0x00000010   Code   RO          156    .text.WCHNET_TimeIsr  eth_driver_d8w.o
    0x080012fc   0x080012fc   0x0000006a   Code   RO            4    .text.main          app_main.o
    0x08001366   0x08001366   0x00000002   PAD
    0x08001368   0x08001368   0x0000000c   Code   RO           76    .text.u8AppControl_getControlRate  app_controlloop.o
    0x08001374   0x08001374   0x00000010   Code   RO           72    .text.u8AppControl_getControlRunStatus  app_controlloop.o
    0x08001384   0x08001384   0x0000002e   Code   RO           74    .text.u8AppControl_setControlRate  app_controlloop.o
    0x080013b2   0x080013b2   0x00000002   PAD
    0x080013b4   0x080013b4   0x000000fe   Code   RO           53    .text.u8AppMsg_handleControl  app_msgtype.o
    0x080014b2   0x080014b2   0x00000002   PAD
    0x080014b4   0x080014b4   0x000000d2   Code   RO           55    .text.u8AppMsg_handleDebug  app_msgtype.o
    0x08001586   0x08001586   0x00000002   PAD
    0x08001588   0x08001588   0x00000334   Code   RO           51    .text.u8AppMsg_handleParameter  app_msgtype.o
    0x080018bc   0x080018bc   0x00000026   Code   RO           47    .text.u8AppMsg_init  app_msgtype.o
    0x080018e2   0x080018e2   0x00000002   PAD
    0x080018e4   0x080018e4   0x0000000c   Code   RO           24    .text.u8AppTcp_isRosClientConnected  app_tcpserver.o
    0x080018f0   0x080018f0   0x00000018   Code   RO           26    .text.u8AppTcp_isThereDataToRead  app_tcpserver.o
    0x08001908   0x08001908   0x00000032   Code   RO           68    .text.vAppControl_init  app_controlloop.o
    0x0800193a   0x0800193a   0x00000002   PAD
    0x0800193c   0x0800193c   0x0000001c   Code   RO           70    .text.vAppControl_setControlRun  app_controlloop.o
    0x08001958   0x08001958   0x00000098   Code   RO           49    .text.vAppMsg_processInputData  app_msgtype.o
    0x080019f0   0x080019f0   0x0000003a   Code   RO           18    .text.vAppTcp_createRosListenSocket  app_tcpserver.o
    0x08001a2a   0x08001a2a   0x00000002   PAD
    0x08001a2c   0x08001a2c   0x0000007c   Code   RO           22    .text.vAppTcp_createUdpPTPPort  app_tcpserver.o
    0x08001aa8   0x08001aa8   0x0000006e   Code   RO           30    .text.vAppTcp_handleIpInterrupt  app_tcpserver.o
    0x08001b16   0x08001b16   0x00000002   PAD
    0x08001b18   0x08001b18   0x0000008e   Code   RO           28    .text.vAppTcp_handleSocketInterrupt  app_tcpserver.o
    0x08001ba6   0x08001ba6   0x00000002   PAD
    0x08001ba8   0x08001ba8   0x00000046   Code   RO           16    .text.vAppTcp_serverInit  app_tcpserver.o
    0x08001bee   0x08001bee   0x00000002   PAD
    0x08001bf0   0x08001bf0   0x0000001e   Code   RO           20    .text.vAppTcp_udpReceiver  app_tcpserver.o
    0x08001c0e   0x08001c0e   0x00000002   PAD
    0x08001c10   0x08001c10   0x0000009c   Code   RO           89    .text.vGpio_initPins  gpio.o
    0x08001cac   0x08001cac   0x00000016   Code   RO           91    .text.vGpio_readIPConfigPins  gpio.o
    0x08001cc2   0x08001cc2   0x00000002   PAD
    0x08001cc4   0x08001cc4   0x00000030   Code   RO          103    .text.vSystick_init  systick.o
    0x08001cf4   0x08001cf4   0x0000005a   Code   RO          118    .text.vTim2_initLoopTimer  tim2_ctrl.o
    0x08001d4e   0x08001d4e   0x00000002   PAD
    0x08001d50   0x08001d50   0x00000032   Code   RO          122    .text.vTim2_startLoopTimer  tim2_ctrl.o
    0x08001d82   0x08001d82   0x00000002   PAD
    0x08001d84   0x08001d84   0x0000006e   Code   RO          132    .text.vTim3_initPWMTimer  tim3_pwm.o
    0x08001df2   0x08001df2   0x00000002   PAD
    0x08001df4   0x08001df4   0x0000001e   Code   RO          136    .text.vTim3_startPWMTimer  tim3_pwm.o
    0x08001e12   0x08001e12   0x00000002   PAD
    0x08001e14   0x08001e14   0x00000034   Code   RO          146    .text.vTim4_initEncoder  tim4_enc.o
    0x08001e48   0x08001e48   0x00000014   Code   RO          697    i.ErrorEncode       wchnet.lib(socket.o)
    0x08001e5c   0x08001e5c   0x00000010   Code   RO          802    i.GetChipID         wchnet.lib(eth_api.o)
    0x08001e6c   0x08001e6c   0x00000020   Code   RO          819    i.IPCheckParaInit   wchnet.lib(ipcheck.o)
    0x08001e8c   0x08001e8c   0x00000034   Code   RO          820    i.IPCheckTmr        wchnet.lib(ipcheck.o)
    0x08001ec0   0x08001ec0   0x00000028   Code   RO          821    i.IPConflictHandle  wchnet.lib(ipcheck.o)
    0x08001ee8   0x08001ee8   0x0000000c   Code   RO          698    i.LwipArpCheck      wchnet.lib(socket.o)
    0x08001ef4   0x08001ef4   0x0000006c   Code   RO          699    i.LwipRemoveTcpPcb  wchnet.lib(socket.o)
    0x08001f60   0x08001f60   0x00000004   Code   RO          700    i.LwipTCPPollCallBack  wchnet.lib(socket.o)
    0x08001f64   0x08001f64   0x00000034   Code   RO          701    i.LwipTCPSendCallBack  wchnet.lib(socket.o)
    0x08001f98   0x08001f98   0x00000018   Code   RO          703    i.LwipUnreachPort   wchnet.lib(socket.o)
    0x08001fb0   0x08001fb0   0x00000002   Code   RO          705    i.NET_TCPError      wchnet.lib(socket.o)
    0x08001fb2   0x08001fb2   0x00000002   PAD
    0x08001fb4   0x08001fb4   0x00000010   Code   RO          706    i.QueryPingEnable   wchnet.lib(socket.o)
    0x08001fc4   0x08001fc4   0x0000003c   Code   RO          889    i.RemoveTimeWaiTCP  wchnet.lib(tcp.o)
    0x08002000   0x08002000   0x0000002c   Code   RO          822    i.SelIPARPSend      wchnet.lib(ipcheck.o)
    0x0800202c   0x0800202c   0x000000b8   Code   RO          707    i.SocketIPRAWReceive  wchnet.lib(socket.o)
    0x080020e4   0x080020e4   0x000000a8   Code   RO          708    i.SocketIPRawSend   wchnet.lib(socket.o)
    0x0800218c   0x0800218c   0x000000d8   Code   RO          709    i.SocketTcpSend     wchnet.lib(socket.o)
    0x08002264   0x08002264   0x000000ba   Code   RO          710    i.SocketUdpReceive  wchnet.lib(socket.o)
    0x0800231e   0x0800231e   0x00000002   PAD
    0x08002320   0x08002320   0x000000a8   Code   RO          711    i.SocketUdpSend     wchnet.lib(socket.o)
    0x080023c8   0x080023c8   0x00000060   Code   RO          712    i.WCHFindCorrectTCBPcb  wchnet.lib(socket.o)
    0x08002428   0x08002428   0x00000014   Code   RO          715    i.WCHNET_ConfigKeepLive  wchnet.lib(socket.o)
    0x0800243c   0x0800243c   0x000000f0   Code   RO          716    i.WCHNET_ConfigLIB  wchnet.lib(socket.o)
    0x0800252c   0x0800252c   0x00000014   Code   RO          717    i.WCHNET_GetGlobalInt  wchnet.lib(socket.o)
    0x08002540   0x08002540   0x0000000c   Code   RO          718    i.WCHNET_GetPHYStatus  wchnet.lib(socket.o)
    0x0800254c   0x0800254c   0x0000002c   Code   RO          719    i.WCHNET_GetSocketInt  wchnet.lib(socket.o)
    0x08002578   0x08002578   0x00000080   Code   RO          721    i.WCHNET_Init       wchnet.lib(socket.o)
    0x080025f8   0x080025f8   0x00000054   Code   RO          722    i.WCHNET_ModifyRecvBuf  wchnet.lib(socket.o)
    0x0800264c   0x0800264c   0x0000000c   Code   RO          803    i.WCHNET_NetInput   wchnet.lib(eth_api.o)
    0x08002658   0x08002658   0x0000016c   Code   RO          804    i.WCHNET_PeriodicHandle  wchnet.lib(eth_api.o)
    0x080027c4   0x080027c4   0x0000004c   Code   RO          805    i.WCHNET_PhyStatus  wchnet.lib(eth_api.o)
    0x08002810   0x08002810   0x0000003c   Code   RO          725    i.WCHNET_QueryGlobalInt  wchnet.lib(socket.o)
    0x0800284c   0x0800284c   0x00000080   Code   RO          806    i.WCHNET_Rx         wchnet.lib(eth_api.o)
    0x080028cc   0x080028cc   0x000001a8   Code   RO          731    i.WCHNET_SocketCreat  wchnet.lib(socket.o)
    0x08002a74   0x08002a74   0x00000050   Code   RO          732    i.WCHNET_SocketListen  wchnet.lib(socket.o)
    0x08002ac4   0x08002ac4   0x000000b4   Code   RO          733    i.WCHNET_SocketRecv  wchnet.lib(socket.o)
    0x08002b78   0x08002b78   0x00000018   Code   RO          734    i.WCHNET_SocketRecvLen  wchnet.lib(socket.o)
    0x08002b90   0x08002b90   0x00000044   Code   RO          735    i.WCHNET_SocketSend  wchnet.lib(socket.o)
    0x08002bd4   0x08002bd4   0x0000004c   Code   RO          736    i.WCHNET_SocketSetKeepLive  wchnet.lib(socket.o)
    0x08002c20   0x08002c20   0x000000b0   Code   RO          738    i.WCHNET_SocketUdpSendTo  wchnet.lib(socket.o)
    0x08002cd0   0x08002cd0   0x00000030   Code   RO          807    i.WCHNET_Tx         wchnet.lib(eth_api.o)
    0x08002d00   0x08002d00   0x00000046   Code   RO          739    i.WCHScokedIntHandle  wchnet.lib(socket.o)
    0x08002d46   0x08002d46   0x00000002   PAD
    0x08002d48   0x08002d48   0x00000030   Code   RO          740    i.WCHSocketInit     wchnet.lib(socket.o)
    0x08002d78   0x08002d78   0x000000bc   Code   RO          741    i.WCHSocketTCPReceive  wchnet.lib(socket.o)
    0x08002e34   0x08002e34   0x000000a8   Code   RO          743    i.WCHTCPServerAccept  wchnet.lib(socket.o)
    0x08002edc   0x08002edc   0x0000001e   Code   RO         1075    i.dhcp_arp_reply    wchnet.lib(dhcp.o)
    0x08002efa   0x08002efa   0x00000002   PAD
    0x08002efc   0x08002efc   0x00000110   Code   RO         1079    i.dhcp_create_request  wchnet.lib(dhcp.o)
    0x0800300c   0x0800300c   0x000000c8   Code   RO         1080    i.dhcp_decline      wchnet.lib(dhcp.o)
    0x080030d4   0x080030d4   0x0000001c   Code   RO         1081    i.dhcp_delete_request  wchnet.lib(dhcp.o)
    0x080030f0   0x080030f0   0x00000020   Code   RO         1089    i.dhcp_option       wchnet.lib(dhcp.o)
    0x08003110   0x08003110   0x00000010   Code   RO         1090    i.dhcp_option_byte  wchnet.lib(dhcp.o)
    0x08003120   0x08003120   0x00000042   Code   RO         1091    i.dhcp_option_long  wchnet.lib(dhcp.o)
    0x08003162   0x08003162   0x00000074   Code   RO         1092    i.dhcp_option_mac   wchnet.lib(dhcp.o)
    0x080031d6   0x080031d6   0x00000030   Code   RO         1094    i.dhcp_option_trailer  wchnet.lib(dhcp.o)
    0x08003206   0x08003206   0x00000002   PAD
    0x08003208   0x08003208   0x00000018   Code   RO         1101    i.dhcp_set_state    wchnet.lib(dhcp.o)
    0x08003220   0x08003220   0x000000fc   Code   RO         1036    i.etharp_arp_input  wchnet.lib(etharp.o)
    0x0800331c   0x0800331c   0x0000003c   Code   RO         1038    i.etharp_ip_input   wchnet.lib(etharp.o)
    0x08003358   0x08003358   0x000000b8   Code   RO         1039    i.etharp_output     wchnet.lib(etharp.o)
    0x08003410   0x08003410   0x000000d0   Code   RO         1040    i.etharp_query      wchnet.lib(etharp.o)
    0x080034e0   0x080034e0   0x000000a6   Code   RO         1041    i.etharp_raw        wchnet.lib(etharp.o)
    0x08003586   0x08003586   0x00000002   PAD
    0x08003588   0x08003588   0x00000024   Code   RO         1042    i.etharp_request    wchnet.lib(etharp.o)
    0x080035ac   0x080035ac   0x00000036   Code   RO         1043    i.etharp_send_ip    wchnet.lib(etharp.o)
    0x080035e2   0x080035e2   0x00000002   PAD
    0x080035e4   0x080035e4   0x0000007c   Code   RO         1044    i.etharp_tmr        wchnet.lib(etharp.o)
    0x08003660   0x08003660   0x00000072   Code   RO         1045    i.ethernet_input    wchnet.lib(etharp.o)
    0x080036d2   0x080036d2   0x00000002   PAD
    0x080036d4   0x080036d4   0x0000004c   Code   RO         1063    i.ethernetif_init   wchnet.lib(ethernetif.o)
    0x08003720   0x08003720   0x00000022   Code   RO         1064    i.ethernetif_input  wchnet.lib(ethernetif.o)
    0x08003742   0x08003742   0x00000002   PAD
    0x08003744   0x08003744   0x0000010c   Code   RO         1046    i.find_entry        wchnet.lib(etharp.o)
    0x08003850   0x08003850   0x00000074   Code   RO          808    i.getTxBuffAddr     wchnet.lib(eth_api.o)
    0x080038c4   0x080038c4   0x00000004   Code   RO         1003    i.htonl             wchnet.lib(inet.o)
    0x080038c8   0x080038c8   0x00000004   Code   RO         1004    i.htons             wchnet.lib(inet.o)
    0x080038cc   0x080038cc   0x00000008   Code   RO         1227    i.icmp_dest_unreach  wchnet.lib(icmp.o)
    0x080038d4   0x080038d4   0x00000178   Code   RO         1228    i.icmp_input        wchnet.lib(icmp.o)
    0x08003a4c   0x08003a4c   0x00000066   Code   RO         1229    i.icmp_send_response  wchnet.lib(icmp.o)
    0x08003ab2   0x08003ab2   0x00000008   Code   RO         1230    i.icmp_time_exceeded  wchnet.lib(icmp.o)
    0x08003aba   0x08003aba   0x0000000c   Code   RO         1235    i.inet_chksum       wchnet.lib(inet_chksum.o)
    0x08003ac6   0x08003ac6   0x00000048   Code   RO         1236    i.inet_chksum_pbuf  wchnet.lib(inet_chksum.o)
    0x08003b0e   0x08003b0e   0x00000002   PAD
    0x08003b10   0x08003b10   0x00000098   Code   RO         1237    i.inet_chksum_pseudo  wchnet.lib(inet_chksum.o)
    0x08003ba8   0x08003ba8   0x00000030   Code   RO         1018    i.ip_addr_isbroadcast  wchnet.lib(ip_addr.o)
    0x08003bd8   0x08003bd8   0x00000138   Code   RO         1022    i.ip_frag           wchnet.lib(ip_frag.o)
    0x08003d10   0x08003d10   0x000001e0   Code   RO         1243    i.ip_input          wchnet.lib(ip.o)
    0x08003ef0   0x08003ef0   0x00000034   Code   RO         1244    i.ip_output         wchnet.lib(ip.o)
    0x08003f24   0x08003f24   0x000000d8   Code   RO         1245    i.ip_output_if      wchnet.lib(ip.o)
    0x08003ffc   0x08003ffc   0x00000194   Code   RO         1023    i.ip_reass          wchnet.lib(ip_frag.o)
    0x08004190   0x08004190   0x000000f0   Code   RO         1024    i.ip_reass_chain_frag_into_datagram_and_validate  wchnet.lib(ip_frag.o)
    0x08004280   0x08004280   0x00000024   Code   RO         1025    i.ip_reass_dequeue_datagram  wchnet.lib(ip_frag.o)
    0x080042a4   0x080042a4   0x00000070   Code   RO         1026    i.ip_reass_free_complete_datagram  wchnet.lib(ip_frag.o)
    0x08004314   0x08004314   0x00000038   Code   RO         1027    i.ip_reass_tmr      wchnet.lib(ip_frag.o)
    0x0800434c   0x0800434c   0x00000048   Code   RO         1246    i.ip_route          wchnet.lib(ip.o)
    0x08004394   0x08004394   0x0000005c   Code   RO         1065    i.low_level_input   wchnet.lib(ethernetif.o)
    0x080043f0   0x080043f0   0x00000052   Code   RO         1066    i.low_level_output  wchnet.lib(ethernetif.o)
    0x08004442   0x08004442   0x00000002   PAD
    0x08004444   0x08004444   0x00000038   Code   RO         1163    i.lwip_init         wchnet.lib(init.o)
    0x0800447c   0x0800447c   0x0000003c   Code   RO         1238    i.lwip_standard_chksum  wchnet.lib(inet_chksum.o)
    0x080044b8   0x080044b8   0x0000002c   Code   RO         1167    i.mem_free          wchnet.lib(mem.o)
    0x080044e4   0x080044e4   0x00000050   Code   RO         1168    i.mem_init          wchnet.lib(mem.o)
    0x08004534   0x08004534   0x000000bc   Code   RO         1169    i.mem_malloc        wchnet.lib(mem.o)
    0x080045f0   0x080045f0   0x000000e4   Code   RO         1170    i.mem_realloc       wchnet.lib(mem.o)
    0x080046d4   0x080046d4   0x00000018   Code   RO         1180    i.memp_free         wchnet.lib(memp.o)
    0x080046ec   0x080046ec   0x00000058   Code   RO         1181    i.memp_init         wchnet.lib(memp.o)
    0x08004744   0x08004744   0x00000020   Code   RO         1182    i.memp_malloc       wchnet.lib(memp.o)
    0x08004764   0x08004764   0x0000004c   Code   RO         1188    i.netif_add         wchnet.lib(netif.o)
    0x080047b0   0x080047b0   0x0000000a   Code   RO         1190    i.netif_is_up       wchnet.lib(netif.o)
    0x080047ba   0x080047ba   0x00000020   Code   RO         1192    i.netif_set_addr    wchnet.lib(netif.o)
    0x080047da   0x080047da   0x00000002   PAD
    0x080047dc   0x080047dc   0x0000000c   Code   RO         1193    i.netif_set_default  wchnet.lib(netif.o)
    0x080047e8   0x080047e8   0x00000008   Code   RO         1195    i.netif_set_gw      wchnet.lib(netif.o)
    0x080047f0   0x080047f0   0x00000078   Code   RO         1196    i.netif_set_ipaddr  wchnet.lib(netif.o)
    0x08004868   0x08004868   0x00000008   Code   RO         1197    i.netif_set_netmask  wchnet.lib(netif.o)
    0x08004870   0x08004870   0x00000004   Code   RO         1008    i.ntohl             wchnet.lib(inet.o)
    0x08004874   0x08004874   0x00000004   Code   RO         1009    i.ntohs             wchnet.lib(inet.o)
    0x08004878   0x08004878   0x00000124   Code   RO          846    i.pbuf_alloc        wchnet.lib(pbuf.o)
    0x0800499c   0x0800499c   0x00000028   Code   RO          847    i.pbuf_cat          wchnet.lib(pbuf.o)
    0x080049c4   0x080049c4   0x00000012   Code   RO          848    i.pbuf_chain        wchnet.lib(pbuf.o)
    0x080049d6   0x080049d6   0x00000012   Code   RO          849    i.pbuf_clen         wchnet.lib(pbuf.o)
    0x080049e8   0x080049e8   0x00000090   Code   RO          851    i.pbuf_copy         wchnet.lib(pbuf.o)
    0x08004a78   0x08004a78   0x00000044   Code   RO          854    i.pbuf_free         wchnet.lib(pbuf.o)
    0x08004abc   0x08004abc   0x00000060   Code   RO          855    i.pbuf_header       wchnet.lib(pbuf.o)
    0x08004b1c   0x08004b1c   0x0000004e   Code   RO          856    i.pbuf_realloc      wchnet.lib(pbuf.o)
    0x08004b6a   0x08004b6a   0x0000000c   Code   RO          857    i.pbuf_ref          wchnet.lib(pbuf.o)
    0x08004b76   0x08004b76   0x00000002   PAD
    0x08004b78   0x08004b78   0x00000054   Code   RO         1171    i.plug_holes        wchnet.lib(mem.o)
    0x08004bcc   0x08004bcc   0x0000000a   Code   RO          872    i.raw_bind          wchnet.lib(raw.o)
    0x08004bd6   0x08004bd6   0x0000000a   Code   RO          873    i.raw_connect       wchnet.lib(raw.o)
    0x08004be0   0x08004be0   0x00000068   Code   RO          874    i.raw_input         wchnet.lib(raw.o)
    0x08004c48   0x08004c48   0x0000002c   Code   RO          875    i.raw_new           wchnet.lib(raw.o)
    0x08004c74   0x08004c74   0x00000006   Code   RO          876    i.raw_recv          wchnet.lib(raw.o)
    0x08004c7a   0x08004c7a   0x00000006   Code   RO          878    i.raw_send          wchnet.lib(raw.o)
    0x08004c80   0x08004c80   0x0000008a   Code   RO          879    i.raw_sendto        wchnet.lib(raw.o)
    0x08004d0a   0x08004d0a   0x00000002   PAD
    0x08004d0c   0x08004d0c   0x00000014   Code   RO          809    i.setRxBuffAddr     wchnet.lib(eth_api.o)
    0x08004d20   0x08004d20   0x000000a4   Code   RO          890    i.tcp_abandon       wchnet.lib(tcp.o)
    0x08004dc4   0x08004dc4   0x00000004   Code   RO          891    i.tcp_accept        wchnet.lib(tcp.o)
    0x08004dc8   0x08004dc8   0x00000006   Code   RO          892    i.tcp_accept_null   wchnet.lib(tcp.o)
    0x08004dce   0x08004dce   0x00000002   PAD
    0x08004dd0   0x08004dd0   0x00000118   Code   RO          893    i.tcp_alloc         wchnet.lib(tcp.o)
    0x08004ee8   0x08004ee8   0x00000004   Code   RO          894    i.tcp_arg           wchnet.lib(tcp.o)
    0x08004eec   0x08004eec   0x000000bc   Code   RO          895    i.tcp_bind          wchnet.lib(tcp.o)
    0x08004fa8   0x08004fa8   0x000000b0   Code   RO          896    i.tcp_close         wchnet.lib(tcp.o)
    0x08005058   0x08005058   0x00000020   Code   RO          899    i.tcp_eff_send_mss  wchnet.lib(tcp.o)
    0x08005078   0x08005078   0x00000370   Code   RO          956    i.tcp_enqueue       wchnet.lib(tcp_out.o)
    0x080053e8   0x080053e8   0x00000006   Code   RO          900    i.tcp_err           wchnet.lib(tcp.o)
    0x080053ee   0x080053ee   0x00000002   PAD
    0x080053f0   0x080053f0   0x00000088   Code   RO          901    i.tcp_fastsendack   wchnet.lib(tcp.o)
    0x08005478   0x08005478   0x00000068   Code   RO          902    i.tcp_fasttmr       wchnet.lib(tcp.o)
    0x080054e0   0x080054e0   0x0000035c   Code   RO         1211    i.tcp_input         wchnet.lib(tcp_in.o)
    0x0800583c   0x0800583c   0x0000005a   Code   RO          957    i.tcp_keepalive     wchnet.lib(tcp_out.o)
    0x08005896   0x08005896   0x00000002   PAD
    0x08005898   0x08005898   0x00000134   Code   RO         1212    i.tcp_listen_input  wchnet.lib(tcp_in.o)
    0x080059cc   0x080059cc   0x00000080   Code   RO          903    i.tcp_listen_with_backlog  wchnet.lib(tcp.o)
    0x08005a4c   0x08005a4c   0x00000006   Code   RO          904    i.tcp_new           wchnet.lib(tcp.o)
    0x08005a52   0x08005a52   0x00000002   PAD
    0x08005a54   0x08005a54   0x00000060   Code   RO          905    i.tcp_new_port      wchnet.lib(tcp.o)
    0x08005ab4   0x08005ab4   0x00000010   Code   RO          906    i.tcp_next_iss      wchnet.lib(tcp.o)
    0x08005ac4   0x08005ac4   0x00000090   Code   RO         1213    i.tcp_oos_insert_segment  wchnet.lib(tcp_in.o)
    0x08005b54   0x08005b54   0x000001ac   Code   RO          958    i.tcp_output        wchnet.lib(tcp_out.o)
    0x08005d00   0x08005d00   0x000000d0   Code   RO          959    i.tcp_output_segment  wchnet.lib(tcp_out.o)
    0x08005dd0   0x08005dd0   0x00000080   Code   RO          960    i.tcp_output_set_header  wchnet.lib(tcp_out.o)
    0x08005e50   0x08005e50   0x00000084   Code   RO         1214    i.tcp_parseopt      wchnet.lib(tcp_in.o)
    0x08005ed4   0x08005ed4   0x00000046   Code   RO          907    i.tcp_pcb_purge     wchnet.lib(tcp.o)
    0x08005f1a   0x08005f1a   0x00000002   PAD
    0x08005f1c   0x08005f1c   0x0000005c   Code   RO          908    i.tcp_pcb_remove    wchnet.lib(tcp.o)
    0x08005f78   0x08005f78   0x0000000a   Code   RO          909    i.tcp_poll          wchnet.lib(tcp.o)
    0x08005f82   0x08005f82   0x00000002   PAD
    0x08005f84   0x08005f84   0x0000034c   Code   RO         1215    i.tcp_process       wchnet.lib(tcp_in.o)
    0x080062d0   0x080062d0   0x000006cc   Code   RO         1216    i.tcp_receive       wchnet.lib(tcp_in.o)
    0x0800699c   0x0800699c   0x00000006   Code   RO          910    i.tcp_recv          wchnet.lib(tcp.o)
    0x080069a2   0x080069a2   0x00000024   Code   RO          911    i.tcp_recv_null     wchnet.lib(tcp.o)
    0x080069c6   0x080069c6   0x0000003a   Code   RO          912    i.tcp_recved        wchnet.lib(tcp.o)
    0x08006a00   0x08006a00   0x00000058   Code   RO          744    i.tcp_recved_socket  wchnet.lib(socket.o)
    0x08006a58   0x08006a58   0x0000004a   Code   RO          961    i.tcp_rexmit        wchnet.lib(tcp_out.o)
    0x08006aa2   0x08006aa2   0x0000005c   Code   RO          962    i.tcp_rexmit_fast   wchnet.lib(tcp_out.o)
    0x08006afe   0x08006afe   0x0000002e   Code   RO          963    i.tcp_rexmit_rto    wchnet.lib(tcp_out.o)
    0x08006b2c   0x08006b2c   0x000000b4   Code   RO          964    i.tcp_rst           wchnet.lib(tcp_out.o)
    0x08006be0   0x08006be0   0x00000024   Code   RO          913    i.tcp_seg_copy      wchnet.lib(tcp.o)
    0x08006c04   0x08006c04   0x00000020   Code   RO          914    i.tcp_seg_free      wchnet.lib(tcp.o)
    0x08006c24   0x08006c24   0x0000001a   Code   RO          915    i.tcp_segs_free     wchnet.lib(tcp.o)
    0x08006c3e   0x08006c3e   0x00000016   Code   RO          965    i.tcp_send_ctrl     wchnet.lib(tcp_out.o)
    0x08006c54   0x08006c54   0x0000006e   Code   RO          966    i.tcp_send_empty_ack  wchnet.lib(tcp_out.o)
    0x08006cc2   0x08006cc2   0x00000006   Code   RO          916    i.tcp_sent          wchnet.lib(tcp.o)
    0x08006cc8   0x08006cc8   0x00000278   Code   RO          918    i.tcp_slowtmr       wchnet.lib(tcp.o)
    0x08006f40   0x08006f40   0x0000006c   Code   RO         1217    i.tcp_timewait_input  wchnet.lib(tcp_in.o)
    0x08006fac   0x08006fac   0x00000020   Code   RO          919    i.tcp_tmr           wchnet.lib(tcp.o)
    0x08006fcc   0x08006fcc   0x00000034   Code   RO          920    i.tcp_update_rcv_ann_wnd  wchnet.lib(tcp.o)
    0x08007000   0x08007000   0x0000002e   Code   RO          967    i.tcp_write         wchnet.lib(tcp_out.o)
    0x0800702e   0x0800702e   0x000000aa   Code   RO          968    i.tcp_zero_window_probe  wchnet.lib(tcp_out.o)
    0x080070d8   0x080070d8   0x00000074   Code   RO          982    i.udp_bind          wchnet.lib(udp.o)
    0x0800714c   0x0800714c   0x00000074   Code   RO          983    i.udp_connect       wchnet.lib(udp.o)
    0x080071c0   0x080071c0   0x000001d0   Code   RO          985    i.udp_input         wchnet.lib(udp.o)
    0x08007390   0x08007390   0x0000001a   Code   RO          986    i.udp_new           wchnet.lib(udp.o)
    0x080073aa   0x080073aa   0x00000006   Code   RO          987    i.udp_recv          wchnet.lib(udp.o)
    0x080073b0   0x080073b0   0x00000008   Code   RO          989    i.udp_send          wchnet.lib(udp.o)
    0x080073b8   0x080073b8   0x00000028   Code   RO          990    i.udp_sendto        wchnet.lib(udp.o)
    0x080073e0   0x080073e0   0x000000d0   Code   RO          991    i.udp_sendto_if     wchnet.lib(udp.o)
    0x080074b0   0x080074b0   0x00000088   Code   RO         1047    i.update_arp_entry  wchnet.lib(etharp.o)
    0x08007538   0x08007538   0x0000006c   Code   RO         1067    i.wch_ethernetif_init  wchnet.lib(ethernetif.o)
    0x080075a4   0x080075a4   0x000000c4   Code   RO         1272    x$fpl$fadd          fz_ws.l(faddsub_clz.o)
    0x08007668   0x08007668   0x00000054   Code   RO         1278    x$fpl$fcmp          fz_ws.l(fcmp.o)
    0x080076bc   0x080076bc   0x00000018   Code   RO         1323    x$fpl$fcmpinf       fz_ws.l(fcmpi.o)
    0x080076d4   0x080076d4   0x00000184   Code   RO         1281    x$fpl$fdiv          fz_ws.l(fdiv.o)
    0x08007858   0x08007858   0x00000068   Code   RO         1297    x$fpl$feqf          fz_ws.l(feqf.o)
    0x080078c0   0x080078c0   0x00000036   Code   RO         1284    x$fpl$ffix          fz_ws.l(ffix.o)
    0x080078f6   0x080078f6   0x00000002   PAD
    0x080078f8   0x080078f8   0x00000026   Code   RO         1288    x$fpl$ffltu         fz_ws.l(fflt_clz.o)
    0x0800791e   0x0800791e   0x00000002   PAD
    0x08007920   0x08007920   0x00000068   Code   RO         1299    x$fpl$fgeqf         fz_ws.l(fgeqf.o)
    0x08007988   0x08007988   0x00000068   Code   RO         1301    x$fpl$fleqf         fz_ws.l(fleqf.o)
    0x080079f0   0x080079f0   0x00000102   Code   RO         1294    x$fpl$fmul          fz_ws.l(fmul.o)
    0x08007af2   0x08007af2   0x0000008c   Code   RO         1303    x$fpl$fnaninf       fz_ws.l(fnaninf.o)
    0x08007b7e   0x08007b7e   0x0000000a   Code   RO         1305    x$fpl$fretinf       fz_ws.l(fretinf.o)
    0x08007b88   0x08007b88   0x000000ea   Code   RO         1274    x$fpl$fsub          fz_ws.l(faddsub_clz.o)
    0x08007c72   0x08007c72   0x00000000   Code   RO         1307    x$fpl$usenofp       fz_ws.l(usenofp.o)
    0x08007c72   0x08007c72   0x00000010   Data   RO          746    .constdata          wchnet.lib(socket.o)
    0x08007c82   0x08007c82   0x00000014   Data   RO          921    .constdata          wchnet.lib(tcp.o)
    0x08007c96   0x08007c96   0x00000004   Data   RO         1019    .constdata          wchnet.lib(ip_addr.o)
    0x08007c9a   0x08007c9a   0x00000004   Data   RO         1020    .constdata          wchnet.lib(ip_addr.o)
    0x08007c9e   0x08007c9e   0x0000000c   Data   RO         1048    .constdata          wchnet.lib(etharp.o)
    0x08007caa   0x08007caa   0x00000002   PAD
    0x08007cac   0x08007cac   0x00000075   Data   RO          922    .conststring        wchnet.lib(tcp.o)
    0x08007d21   0x08007d21   0x00000010   Data   RO          222    .rodata.AHBPrescTable  system_ch32f20x.o
    0x08007d31   0x08007d31   0x00000001   PAD
    0x08007d32   0x08007d32   0x00000010   Data   RO          200    .rodata.MemNum      eth_driver_d8w.o
    0x08007d42   0x08007d42   0x00000010   Data   RO          201    .rodata.MemSize     eth_driver_d8w.o
    0x08007d52   0x08007d52   0x00000006   Data   RO           78    .rodata.u8LoopTickTable  app_controlloop.o
    0x08007d58   0x08007d58   0x00000040   Data   RO         1471    Region$$Table       anon$$obj.o


    Execution Region RW_IRAMIVT (Exec base: 0x20000000, Load base: 0x08007d98, Size: 0x00000120, Max: 0x00000120, ABSOLUTE, UNINIT)

    Exec Addr    Load Addr    Size         Type   Attr      Idx    E Section Name        Object

    0x20000000        -       0x00000120   Zero   RW          223    .bss.NoInit         system_ch32f20x.o


    Execution Region RW_IRAMCODE (Exec base: 0x20000120, Load base: 0x08007d98, Size: 0x00000390, Max: 0x00000400, ABSOLUTE)

    Exec Addr    Load Addr    Size         Type   Attr      Idx    E Section Name        Object

    0x20000120   0x08007d98   0x0000000a   Ven    RO         1482    Veneer$$Code        anon$$obj.o
    0x2000012a   0x08007da2   0x0000000a   Ven    RO         1483    Veneer$$Code        anon$$obj.o
    0x20000134   0x08007dac   0x0000000a   Ven    RO         1484    Veneer$$Code        anon$$obj.o
    0x2000013e   0x08007db6   0x0000000a   Ven    RO         1485    Veneer$$Code        anon$$obj.o
    0x20000148   0x08007dc0   0x0000000a   Ven    RO         1486    Veneer$$Code        anon$$obj.o
    0x20000152   0x08007dca   0x0000000a   Ven    RO         1487    Veneer$$Code        anon$$obj.o
    0x2000015c   0x08007dd4   0x0000000a   Ven    RO         1488    Veneer$$Code        anon$$obj.o
    0x20000166   0x08007dde   0x0000000a   Ven    RO         1489    Veneer$$Code        anon$$obj.o
    0x20000170   0x08007de8   0x0000000a   Ven    RO         1490    Veneer$$Code        anon$$obj.o
    0x2000017a   0x08007df2   0x0000000a   Ven    RO         1491    Veneer$$Code        anon$$obj.o
    0x20000184   0x08007dfc   0x0000000a   Ven    RO         1492    Veneer$$Code        anon$$obj.o
    0x2000018e   0x08007e06   0x0000000a   Ven    RO         1493    Veneer$$Code        anon$$obj.o
    0x20000198   0x08007e10   0x000002b2   Code   RO           66    ctrl_isr            app_controlloop.o
    0x2000044a   0x080080c2   0x00000002   PAD
    0x2000044c   0x080080c4   0x00000064   Data   RW           80    ctrl_var            app_controlloop.o


    Execution Region RW_IRAM1 (Exec base: 0x20000520, Load base: 0x08008128, Size: 0x00002a90, Max: 0x0000fae0, ABSOLUTE)

    Exec Addr    Load Addr    Size         Type   Attr      Idx    E Section Name        Object

    0x20000520   0x08008128   0x00000001   Data   RW          747    .data               wchnet.lib(socket.o)
    0x20000521   0x08008129   0x00000003   PAD
    0x20000524   0x0800812c   0x0000000c   Data   RW          748    .data               wchnet.lib(socket.o)
    0x20000530   0x08008138   0x00000004   Data   RW          749    .data               wchnet.lib(socket.o)
    0x20000534   0x0800813c   0x00000024   Data   RW          810    .data               wchnet.lib(eth_api.o)
    0x20000558   0x08008160   0x00000004   Data   RW          833    .data               wchnet.lib(net_dhcp.o)
    0x2000055c   0x08008164   0x00000004   Data   RW          880    .data               wchnet.lib(raw.o)
    0x20000560   0x08008168   0x0000004c   Data   RW          923    .data               wchnet.lib(tcp.o)
    0x200005ac   0x080081b4   0x00000004   Data   RW          992    .data               wchnet.lib(udp.o)
    0x200005b0   0x080081b8   0x00000008   Data   RW         1028    .data               wchnet.lib(ip_frag.o)
    0x200005b8   0x080081c0   0x00000008   Data   RW         1049    .data               wchnet.lib(etharp.o)
    0x200005c0   0x080081c8   0x00000008   Data   RW         1069    .data               wchnet.lib(ethernetif.o)
    0x200005c8   0x080081d0   0x00000010   Data   RW         1172    .data               wchnet.lib(mem.o)
    0x200005d8   0x080081e0   0x0000000c   Data   RW         1184    .data               wchnet.lib(memp.o)
    0x200005e4   0x080081ec   0x0000000c   Data   RW         1199    .data               wchnet.lib(netif.o)
    0x200005f0   0x080081f8   0x0000001c   Data   RW         1219    .data               wchnet.lib(tcp_in.o)
    0x2000060c   0x08008214   0x00000002   Data   RW         1247    .data               wchnet.lib(ip.o)
    0x2000060e   0x08008216   0x0000000c   Data   RW           37    .data..L_MergedGlobals  app_tcpserver.o
    0x2000061a   0x08008222   0x00000002   PAD
    0x2000061c   0x08008224   0x00000004   Data   RW          221    .data.SystemCoreClock  system_ch32f20x.o
    0x20000620        -       0x0000007c   Zero   RW          745    .bss                wchnet.lib(socket.o)
    0x2000069c        -       0x0000000a   Zero   RW          823    .bss                wchnet.lib(ipcheck.o)
    0x200006a6   0x08008228   0x00000002   PAD
    0x200006a8        -       0x00000058   Zero   RW          832    .bss                wchnet.lib(net_dhcp.o)
    0x20000700        -       0x00000014   Zero   RW          842    .bss                wchnet.lib(net_dns.o)
    0x20000714        -       0x00000038   Zero   RW         1068    .bss                wchnet.lib(ethernetif.o)
    0x2000074c        -       0x00000020   Zero   RW         1183    .bss                wchnet.lib(memp.o)
    0x2000076c        -       0x00000014   Zero   RW         1218    .bss                wchnet.lib(tcp_in.o)
    0x20000780        -       0x00000060   Zero   RW         1336    .bss                c_w.l(libspace.o)
    0x200007e0        -       0x00000010   Zero   RW           57    .bss..L_MergedGlobals  app_msgtype.o
    0x200007f0        -       0x0000000c   Zero   RW           93    .bss..L_MergedGlobals  gpio.o
    0x200007fc        -       0x00000070   Zero   RW          208    .bss..L_MergedGlobals  eth_driver_d8w.o
    0x2000086c        -       0x00000054   Zero   RW           38    .bss..L_MergedGlobals.1  app_tcpserver.o
    0x200008c0        -       0x00000400   Zero   RW          203    .bss.MACRxBuf       eth_driver_d8w.o
    0x20000cc0        -       0x00000100   Zero   RW          202    .bss.MACTxBuf       eth_driver_d8w.o
    0x20000dc0        -       0x000004b0   Zero   RW          207    .bss.Mem_ArpTable   eth_driver_d8w.o
    0x20001270        -       0x00000614   Zero   RW          206    .bss.Mem_Heap_Memory  eth_driver_d8w.o
    0x20001884        -       0x00000ab3   Zero   RW          205    .bss.Memp_Memory    eth_driver_d8w.o
    0x20002337   0x08008228   0x00000001   PAD
    0x20002338        -       0x000000f0   Zero   RW          204    .bss.SocketInf      eth_driver_d8w.o
    0x20002428        -       0x00000078   Zero   RW           34    .bss.tUDPSocketInfo  app_tcpserver.o
    0x200024a0        -       0x00000004   Zero   RW          109    .bss.u32MillisCounter  systick.o
    0x200024a4        -       0x00000001   Zero   RW           79    .bss.u8ControlLoopRateNow  app_controlloop.o
    0x200024a5        -       0x00000006   Zero   RW           33    .bss.u8DeviceMACAddr  app_tcpserver.o
    0x200024ab        -       0x00000400   Zero   RW           35    .bss.u8SocketRecvBuf  app_tcpserver.o
    0x200028ab        -       0x000000ff   Zero   RW           36    .bss.u8SocketSendBuf  app_tcpserver.o
    0x200029aa   0x08008228   0x00000006   PAD
    0x200029b0        -       0x00000200   Zero   RW          232    HEAP                startup_ch32f20x_d8w.o
    0x20002bb0        -       0x00000400   Zero   RW          231    STACK               startup_ch32f20x_d8w.o


==============================================================================

Image component sizes


      Code (inc. data)   RO Data    RW Data    ZI Data      Debug   Object Name

       842          0          6        100          1       5334   app_controlloop.o
       108          0          0          0          0        816   app_main.o
      1474         50          0          0         16       7624   app_msgtype.o
       574          0          0         12       1489       4393   app_tcpserver.o
      1030          0          0          0          0       9615   ch32f20x_gpio.o
        74          0          0          0          0      13003   ch32f20x_rcc.o
       434          0          0          0          0      31505   ch32f20x_tim.o
      1358          0         32          0       7127      14410   eth_driver_d8w.o
       178          0          0          0         12       1968   gpio.o
        64         26        280          0       1536        852   startup_ch32f20x_d8w.o
       834          0         16          4        288       3996   system_ch32f20x.o
        98          0          0          0          4       4297   systick.o
       140          0          0          0          0       5707   tim2_ctrl.o
       140          0          0          0          0       3264   tim3_pwm.o
        52          0          0          0          0       2287   tim4_enc.o

    ----------------------------------------------------------------------
      7584         76        399        118      10480     109071   Object Totals
       120          0         64          0          0          0   (incl. Generated)
        64          0          1          2          7          0   (incl. Padding)

    ----------------------------------------------------------------------

      Code (inc. data)   RO Data    RW Data    ZI Data      Debug   Library Member Name

        58          0          0          0          0          0   __dczerorl.o
         8          0          0          0          0         68   __main.o
         0          0          0          0          0          0   __rtentry.o
        12          0          0          0          0          0   __rtentry2.o
         6          0          0          0          0          0   __rtentry4.o
        94          8          0          0          0          0   __scatter.o
        26          0          0          0          0          0   __scatter_copy.o
        28          0          0          0          0          0   __scatter_zi.o
        18          0          0          0          0         80   exit.o
         6          0          0          0          0        152   heapauxi.o
         0          0          0          0          0          0   indicate_semi.o
         2          0          0          0          0          0   libinit.o
         2          0          0          0          0          0   libinit2.o
         2          0          0          0          0          0   libshutdown.o
         2          0          0          0          0          0   libshutdown2.o
         8          4          0          0         96         68   libspace.o
        78          0          0          0          0         80   rt_memclr_w.o
       138          0          0          0          0         68   rt_memcpy_v6.o
       100          0          0          0          0         80   rt_memcpy_w.o
         2          0          0          0          0          0   rtexit.o
        10          0          0          0          0          0   rtexit2.o
        12          4          0          0          0         68   sys_exit.o
        74          0          0          0          0         80   sys_stackheap_outer.o
         2          0          0          0          0         68   use_no_semi.o
       430          8          0          0          0        168   faddsub_clz.o
        84          0          0          0          0        196   fcmp.o
        24          0          0          0          0         68   fcmpi.o
       388         76          0          0          0         96   fdiv.o
       104          4          0          0          0         84   feqf.o
        54          4          0          0          0         84   ffix.o
        38          0          0          0          0         68   fflt_clz.o
       104          4          0          0          0         84   fgeqf.o
       104          4          0          0          0         84   fleqf.o
       258          4          0          0          0         84   fmul.o
       140          4          0          0          0         84   fnaninf.o
        10          0          0          0          0         68   fretinf.o
         0          0          0          0          0          0   usenofp.o
       832         22          0          0          0        744   dhcp.o
       780         98          0         36          0        628   eth_api.o
      1602         48         12          8          0        972   etharp.o
       392         56          0          8         56        416   ethernetif.o
       494          0          0          0          0        344   icmp.o
        16          0          0          0          0        272   inet.o
       296          4          0          0          0        324   inet_chksum.o
        56         16          0          0          0         84   init.o
       820         20          0          2          0        380   ip.o
        48          0          8          0          0         68   ip_addr.o
      1160         34          0          8          0        524   ip_frag.o
       168         28          0          0         10        292   ipcheck.o
       624         38          0         16          0        404   mem.o
       144         20          0         12         32        216   memp.o
         0          0          0          4         88          0   net_dhcp.o
         0          0          0          0         20          0   net_dns.o
       266         20          0         12          0        528   netif.o
       766          4          0          0          0        704   pbuf.o
       318         10          0          4          0        528   raw.o
      3454        262         16         17        124       2836   socket.o
      2494        102        137         76          0       2272   tcp.o
      4136        104          0         28         20        680   tcp_in.o
      2474         24          0          0          0       1124   tcp_out.o
       984         14          0          4          0        668   udp.o

    ----------------------------------------------------------------------
     24806       1048        175        238        448      16988   Library Totals
        56          0          2          3          2          0   (incl. Padding)

    ----------------------------------------------------------------------

      Code (inc. data)   RO Data    RW Data    ZI Data      Debug   Library Name

       688         16          0          0         96        812   c_w.l
      1738        108          0          0          0       1168   fz_ws.l
     22324        924        173        235        350      15008   wchnet.lib

    ----------------------------------------------------------------------
     24806       1048        175        238        448      16988   Library Totals

    ----------------------------------------------------------------------

==============================================================================


      Code (inc. data)   RO Data    RW Data    ZI Data      Debug   

     32390       1124        574        356      10928     115635   Grand Totals
     32390       1124        574        356      10928     115635   ELF Image Totals
     32390       1124        574        356          0          0   ROM Totals

==============================================================================

    Total RO  Size (Code + RO Data)                32964 (  32.19kB)
    Total RW  Size (RW Data + ZI Data)             11284 (  11.02kB)
    Total ROM Size (Code + RO Data + RW Data)      33320 (  32.54kB)

==============================================================================

